Component: ARM Compiler 5.06 update 6 (build 750) Tool: armlink [4d35ed]

==============================================================================

Section Cross References

    startup_stm32f411xe.o(STACK) refers (Special) to heapauxi.o(.text) for __use_two_region_memory
    startup_stm32f411xe.o(HEAP) refers (Special) to heapauxi.o(.text) for __use_two_region_memory
    startup_stm32f411xe.o(RESET) refers (Special) to heapauxi.o(.text) for __use_two_region_memory
    startup_stm32f411xe.o(RESET) refers to startup_stm32f411xe.o(STACK) for __initial_sp
    startup_stm32f411xe.o(RESET) refers to startup_stm32f411xe.o(.text) for Reset_Handler
    startup_stm32f411xe.o(RESET) refers to stm32f4xx_it.o(i.NMI_Handler) for NMI_Handler
    startup_stm32f411xe.o(RESET) refers to stm32f4xx_it.o(i.HardFault_Handler) for HardFault_Handler
    startup_stm32f411xe.o(RESET) refers to stm32f4xx_it.o(i.MemManage_Handler) for MemManage_Handler
    startup_stm32f411xe.o(RESET) refers to stm32f4xx_it.o(i.BusFault_Handler) for BusFault_Handler
    startup_stm32f411xe.o(RESET) refers to stm32f4xx_it.o(i.UsageFault_Handler) for UsageFault_Handler
    startup_stm32f411xe.o(RESET) refers to stm32f4xx_it.o(i.SVC_Handler) for SVC_Handler
    startup_stm32f411xe.o(RESET) refers to stm32f4xx_it.o(i.DebugMon_Handler) for DebugMon_Handler
    startup_stm32f411xe.o(RESET) refers to stm32f4xx_it.o(i.PendSV_Handler) for PendSV_Handler
    startup_stm32f411xe.o(RESET) refers to stm32f4xx_it.o(i.SysTick_Handler) for SysTick_Handler
    startup_stm32f411xe.o(RESET) refers to stm32f4xx_it.o(i.TIM1_UP_TIM10_IRQHandler) for TIM1_UP_TIM10_IRQHandler
    startup_stm32f411xe.o(RESET) refers to stm32f4xx_it.o(i.TIM3_IRQHandler) for TIM3_IRQHandler
    startup_stm32f411xe.o(RESET) refers to stm32f4xx_it.o(i.EXTI15_10_IRQHandler) for EXTI15_10_IRQHandler
    startup_stm32f411xe.o(RESET) refers to stm32f4xx_it.o(i.TIM5_IRQHandler) for TIM5_IRQHandler
    startup_stm32f411xe.o(RESET) refers to stm32f4xx_it.o(i.DMA2_Stream0_IRQHandler) for DMA2_Stream0_IRQHandler
    startup_stm32f411xe.o(RESET) refers to stm32f4xx_it.o(i.USART6_IRQHandler) for USART6_IRQHandler
    startup_stm32f411xe.o(.text) refers (Special) to heapauxi.o(.text) for __use_two_region_memory
    startup_stm32f411xe.o(.text) refers to system_stm32f4xx.o(i.SystemInit) for SystemInit
    startup_stm32f411xe.o(.text) refers to __main.o(!!!main) for __main
    startup_stm32f411xe.o(.text) refers to startup_stm32f411xe.o(HEAP) for Heap_Mem
    startup_stm32f411xe.o(.text) refers to startup_stm32f411xe.o(STACK) for Stack_Mem
    main.o(i.CURRENT_LIMITER_Handler) refers to x_nucleo_plc01a1.o(i._Z24BSP_CURRENT_LIMITER_Readv) for BSP_CURRENT_LIMITER_Read()
    main.o(i.CURRENT_LIMITER_Handler) refers to x_nucleo_plc01a1.o(i._Z27BSP_GetCurrentLimiterStatusPh) for BSP_GetCurrentLimiterStatus(unsigned char*)
    main.o(i.CURRENT_LIMITER_Handler) refers to main.o(.data) for .data
    main.o(i.HAL_SYSTICK_Callback) refers to main.o(.data) for .data
    main.o(i.PLC_Handler) refers to main.o(i.CURRENT_LIMITER_Handler) for CURRENT_LIMITER_Handler
    main.o(i.PLC_Handler) refers to main.o(i.RELAY_Handler) for RELAY_Handler
    main.o(i.PLC_Handler) refers to main.o(.data) for .data
    main.o(i.RELAY_Handler) refers to x_nucleo_plc01a1.o(i._Z17BSP_Signal_Mirrorh) for BSP_Signal_Mirror(unsigned char)
    main.o(i.RELAY_Handler) refers to x_nucleo_plc01a1.o(i._Z20BSP_RELAY_SetOutputsPh) for BSP_RELAY_SetOutputs(unsigned char*)
    main.o(i.RELAY_Handler) refers to x_nucleo_plc01a1.o(i._Z18BSP_GetRelayStatusPh) for BSP_GetRelayStatus(unsigned char*)
    main.o(i.RELAY_Handler) refers to main.o(.data) for .data
    main.o(i._Z18SystemClock_Configv) refers to rt_memclr_w.o(.text) for __aeabi_memclr4
    main.o(i._Z18SystemClock_Configv) refers to stm32f4xx_hal_rcc.o(i.HAL_RCC_OscConfig) for HAL_RCC_OscConfig
    main.o(i._Z18SystemClock_Configv) refers to stm32f4xx_hal_rcc.o(i.HAL_RCC_ClockConfig) for HAL_RCC_ClockConfig
    main.o(i.main) refers to pioneer_1.o(i._Z5setupv) for setup()
    main.o(i.main) refers to stm32f4xx_hal.o(i.HAL_Init) for HAL_Init
    main.o(i.main) refers to main.o(i._Z18SystemClock_Configv) for SystemClock_Config()
    main.o(i.main) refers to gpio.o(i.MX_GPIO_Init) for MX_GPIO_Init
    main.o(i.main) refers to dma.o(i.MX_DMA_Init) for MX_DMA_Init
    main.o(i.main) refers to spi.o(i.MX_SPI1_Init) for MX_SPI1_Init
    main.o(i.main) refers to tim.o(i.MX_TIM5_Init) for MX_TIM5_Init
    main.o(i.main) refers to tim.o(i.MX_TIM3_Init) for MX_TIM3_Init
    main.o(i.main) refers to adc.o(i.MX_ADC1_Init) for MX_ADC1_Init
    main.o(i.main) refers to usart.o(i.MX_USART6_UART_Init) for MX_USART6_UART_Init
    main.o(i.main) refers to tim.o(i.MX_TIM1_Init) for MX_TIM1_Init
    main.o(i.main) refers to tim.o(i.MX_TIM10_Init) for MX_TIM10_Init
    main.o(i.main) refers to spi.o(i.MX_SPI5_Init) for MX_SPI5_Init
[...]
    i._ZN42_INTERNAL_20_stm32f4xx_hal_uart_c_d497114f18UART_EndRxTransferEP20__UART_HandleTypeDef 0x08005668   Section        0  stm32f4xx_hal_uart.o(i._ZN42_INTERNAL_20_stm32f4xx_hal_uart_c_d497114f18UART_EndRxTransferEP20__UART_HandleTypeDef)
    [local to stm32f4xx_hal_uart_c]::UART_EndRxTransfer(__UART_HandleTypeDef*) 0x08005669   Thumb Code    28  stm32f4xx_hal_uart.o(i._ZN42_INTERNAL_20_stm32f4xx_hal_uart_c_d497114f18UART_EndRxTransferEP20__UART_HandleTypeDef)
    i._ZN42_INTERNAL_20_stm32f4xx_hal_uart_c_d497114f20UART_DMAAbortOnErrorEP19__DMA_HandleTypeDef 0x08005684   Section        0  stm32f4xx_hal_uart.o(i._ZN42_INTERNAL_20_stm32f4xx_hal_uart_c_d497114f20UART_DMAAbortOnErrorEP19__DMA_HandleTypeDef)
    [local to stm32f4xx_hal_uart_c]::UART_DMAAbortOnError(__DMA_HandleTypeDef*) 0x08005685   Thumb Code    16  stm32f4xx_hal_uart.o(i._ZN42_INTERNAL_20_stm32f4xx_hal_uart_c_d497114f20UART_DMAAbortOnErrorEP19__DMA_HandleTypeDef)
    i._ZN44_INTERNAL_22_stm32f4xx_hal_cortex_c_2992dbc018__NVIC_SetPriorityE9IRQn_Typej 0x08005694   Section        0  stm32f4xx_hal_cortex.o(i._ZN44_INTERNAL_22_stm32f4xx_hal_cortex_c_2992dbc018__NVIC_SetPriorityE9IRQn_Typej)
    [local to stm32f4xx_hal_cortex_c]::__NVIC_SetPriority(IRQn_Type, unsigned) 0x08005695   Thumb Code    32  stm32f4xx_hal_cortex.o(i._ZN44_INTERNAL_22_stm32f4xx_hal_cortex_c_2992dbc018__NVIC_SetPriorityE9IRQn_Typej)
    i.assert_failed                          0x080056b4   Section        0  main.o(i.assert_failed)
    i.fputc                                  0x080056b6   Section        0  fputc.o(i.fputc)
    i.main                                   0x080056d0   Section        0  main.o(i.main)
    x$fpl$fpinit                             0x08005730   Section       10  fpinit.o(x$fpl$fpinit)
    $v0                                      0x08005730   Number         0  fpinit.o(x$fpl$fpinit)
    .constdata                               0x0800573a   Section        8  stm32f4xx_hal_dma.o(.constdata)
    [local to stm32f4xx_hal_dma_c]::DMA_CalcBaseAndBitshift(__DMA_HandleTypeDef*)::flagBitshiftOffset 0x0800573a   Data           8  stm32f4xx_hal_dma.o(.constdata)
    .constdata                               0x08005742   Section       16  system_stm32f4xx.o(.constdata)
    .constdata                               0x08005752   Section        8  system_stm32f4xx.o(.constdata)
    .constdata                               0x0800575a   Section        4  sys_io.o(.constdata)
    .constdata                               0x0800575e   Section        4  sys_io.o(.constdata)
    .constdata                               0x08005762   Section        4  sys_io.o(.constdata)
    .data                                    0x20000000   Section        1  main.o(.data)
    t                                        0x20000000   Data           1  main.o(.data)
    .data                                    0x20000004   Section       32  main.o(.data)
    INPUT_READ_FLAG                          0x20000004   Data           1  main.o(.data)
    Tick_10                                  0x20000005   Data           1  main.o(.data)
    oData                                    0x20000006   Data           1  main.o(.data)
    WD_Reset                                 0x20000008   Data           2  main.o(.data)
    f                                        0x2000000c   Data           4  main.o(.data)
    FreezeTime                               0x20000010   Data           4  main.o(.data)
    CURRENT_LIMITER_Handler::clData          0x20000014   Data           4  main.o(.data)
    Input_Data                               0x20000018   Data           4  main.o(.data)
    Relay_Status                             0x2000001c   Data           4  main.o(.data)
    Current_Limiter_Status                   0x20000020   Data           4  main.o(.data)
    .data                                    0x20000024   Section        8  pioneer_1.o(.data)
    .data                                    0x2000002c   Section       44  vni8200xp.o(.data)
    .data                                    0x20000058   Section       24  clt01_38s.o(.data)
    .data                                    0x20000070   Section       40  x_nucleo_plc01a1.o(.data)
    BSP_Inputs_Sum(unsigned char)::inputChannelsOn 0x20000070   Data           1  x_nucleo_plc01a1.o(.data)
    BSP_Inputs_Sum(unsigned char)::count     0x20000071   Data           1  x_nucleo_plc01a1.o(.data)
    VNI8200XP_SendOutputData(unsigned char)::P0 0x20000072   Data           1  x_nucleo_plc01a1.o(.data)
    VNI8200XP_SendOutputData(unsigned char)::P1 0x20000073   Data           1  x_nucleo_plc01a1.o(.data)
    VNI8200XP_SendOutputData(unsigned char)::P2 0x20000074   Data           1  x_nucleo_plc01a1.o(.data)
    VNI8200XP_SendOutputData(unsigned char)::nP0 0x20000075   Data           1  x_nucleo_plc01a1.o(.data)
    VNI8200XP_SendOutputData(unsigned char)::parityData 0x20000076   Data           1  x_nucleo_plc01a1.o(.data)
    CLT01_38S_CommErrorStatus(unsigned char*)::PC1 0x20000077   Data           1  x_nucleo_plc01a1.o(.data)
    CLT01_38S_CommErrorStatus(unsigned char*)::PC2 0x20000078   Data           1  x_nucleo_plc01a1.o(.data)
    CLT01_38S_CommErrorStatus(unsigned char*)::PC3 0x20000079   Data           1  x_nucleo_plc01a1.o(.data)
    CLT01_38S_CommErrorStatus(unsigned char*)::PC4 0x2000007a   Data           1  x_nucleo_plc01a1.o(.data)
    CLT01_38S_CommErrorStatus(unsigned char*)::parityCalcData 0x2000007b   Data           1  x_nucleo_plc01a1.o(.data)
    VNI8200XP_SendOutputData(unsigned char)::txData 0x2000007c   Data           2  x_nucleo_plc01a1.o(.data)
    VNI8200XP_SendOutputData(unsigned char)::rxData 0x2000007e   Data           2  x_nucleo_plc01a1.o(.data)
    VNI8200XP_CommErrorStatus(unsigned char*)::P0 0x20000080   Data           2  x_nucleo_plc01a1.o(.data)
    VNI8200XP_CommErrorStatus(unsigned char*)::P1 0x20000082   Data           2  x_nucleo_plc01a1.o(.data)
    VNI8200XP_CommErrorStatus(unsigned char*)::P2 0x20000084   Data           2  x_nucleo_plc01a1.o(.data)
    VNI8200XP_CommErrorStatus(unsigned char*)::nP0 0x20000086   Data           2  x_nucleo_plc01a1.o(.data)
    VNI8200XP_CommErrorStatus(unsigned char*)::tempStatusData 0x20000088   Data           2  x_nucleo_plc01a1.o(.data)
    VNI8200XP_CommErrorStatus(unsigned char*)::parityCalcData 0x2000008a   Data           2  x_nucleo_plc01a1.o(.data)
    CLT01_38S_GetInpData()::txData           0x2000008c   Data           2  x_nucleo_plc01a1.o(.data)
    CLT01_38S_GetInpData()::rxData           0x2000008e   Data           2  x_nucleo_plc01a1.o(.data)
    RelayDrv                                 0x20000090   Data           4  x_nucleo_plc01a1.o(.data)
    CurrentLimiterDrv                        0x20000094   Data           4  x_nucleo_plc01a1.o(.data)
    .data                                    0x20000098   Section       12  stm32f4xx_hal.o(.data)
    .data                                    0x200000a4   Section        4  system_stm32f4xx.o(.data)
    .data                                    0x200000a8   Section        4  stdio_streams.o(.data)
    .data                                    0x200000ac   Section        4  stdio_streams.o(.data)
    .data                                    0x200000b0   Section        4  stdio_streams.o(.data)
    .bss                                     0x200000b4   Section      168  adc.o(.bss)
    .bss                                     0x2000015c   Section      176  spi.o(.bss)
    .bss                                     0x2000020c   Section      320  tim.o(.bss)
    .bss                                     0x2000034c   Section      128  usart.o(.bss)
    .bss                                     0x200003cc   Section      152  x_nucleo_plc01a1.o(.bss)
    SPI_EXPBD_Handle                         0x200003cc   Data          88  x_nucleo_plc01a1.o(.bss)
    .bss                                     0x20000464   Section       84  stdio_streams.o(.bss)
    .bss                                     0x200004b8   Section       84  stdio_streams.o(.bss)
    .bss                                     0x2000050c   Section       84  stdio_streams.o(.bss)
    .bss                                     0x20000560   Section       96  libspace.o(.bss)
    HEAP                                     0x200005c0   Section      512  startup_stm32f411xe.o(HEAP)
    Heap_Mem                                 0x200005c0   Data         512  startup_stm32f411xe.o(HEAP)
    STACK                                    0x200007c0   Section     1024  startup_stm32f411xe.o(STACK)
    Stack_Mem                                0x200007c0   Data        1024  startup_stm32f411xe.o(STACK)
    __initial_sp                             0x20000bc0   Data           0  startup_stm32f411xe.o(STACK)

    Global Symbols

    Symbol Name                              Value     Ov Type        Size  Object(Section)

    BuildAttributes$$THM_ISAv4$E$P$D$K$B$S$7EM$VFPi3$EXTD16$VFPS$VFMA$PE$A:L22UL41UL21$X:L11$S22US41US21$IEEE1$IW$USESV6$~STKCKD$USESV7$~SHL$OTIME$ROPI$EBA8$UX$STANDARDLIB$REQ8$PRES8$EABIv2 0x00000000   Number         0  anon$$obj.o ABSOLUTE
    __ARM_use_no_argv                        0x00000000   Number         0  main.o ABSOLUTE
    __ARM::default_unexpected_handler()       - Undefined Weak Reference
    __ARM_exceptions_buffer_required          - Undefined Weak Reference
    __ARM_exceptions_init                     - Undefined Weak Reference
    __alloca_initialize                       - Undefined Weak Reference
    __arm_preinit_                            - Undefined Weak Reference
    __cpp_initialize__aeabi_                  - Undefined Weak Reference
    __cxa_finalize                            - Undefined Weak Reference
    __rt_locale                               - Undefined Weak Reference
    __sigvec_lookup                           - Undefined Weak Reference
    __user_heap_extent                        - Undefined Weak Reference
    _atexit_init                              - Undefined Weak Reference
    _call_atexit_fns                          - Undefined Weak Reference
    _clock_init                               - Undefined Weak Reference
    _fp_trap_init                             - Undefined Weak Reference
    _fp_trap_shutdown                         - Undefined Weak Reference
    _get_lc_collate                           - Undefined Weak Reference
    _get_lc_ctype                             - Undefined Weak Reference
    _get_lc_monetary                          - Undefined Weak Reference
    _get_lc_numeric                           - Undefined Weak Reference
    _get_lc_time                              - Undefined Weak Reference
    _getenv_init                              - Undefined Weak Reference
    _handle_redirection                       - Undefined Weak Reference
    _mutex_acquire                            - Undefined Weak Reference
    _mutex_free                               - Undefined Weak Reference
    _mutex_release                            - Undefined Weak Reference
    _printf_mbtowc                            - Undefined Weak Reference
    _printf_post_padding                      - Undefined Weak Reference
    _printf_pre_padding                       - Undefined Weak Reference
    _printf_truncate_signed                   - Undefined Weak Reference
    _printf_truncate_unsigned                 - Undefined Weak Reference
    _rand_init                                - Undefined Weak Reference
    _signal_finish                            - Undefined Weak Reference
    _signal_init                              - Undefined Weak Reference
    __Vectors_Size                           0x00000198   Number         0  startup_stm32f411xe.o ABSOLUTE
    __Vectors                                0x08000000   Data           4  startup_stm32f411xe.o(RESET)
    __Vectors_End                            0x08000198   Data           0  startup_stm32f411xe.o(RESET)
    __main                                   0x08000199   Thumb Code     8  __main.o(!!!main)
    __scatterload                            0x080001a1   Thumb Code     0  __scatter.o(!!!scatter)
    __scatterload_rt2                        0x080001a1   Thumb Code    44  __scatter.o(!!!scatter)
    __scatterload_rt2_thumb_only             0x080001a1   Thumb Code     0  __scatter.o(!!!scatter)
    __scatterload_null                       0x080001af   Thumb Code     0  __scatter.o(!!!scatter)
    __scatterload_copy                       0x080001d5   Thumb Code    26  __scatter_copy.o(!!handler_copy)
    __scatterload_zeroinit                   0x080001f1   Thumb Code    28  __scatter_zi.o(!!handler_zi)
    _printf_d                                0x0800020d   Thumb Code     0  _printf_d.o(.ARM.Collect$$_printf_percent$$00000009)
    _printf_percent                          0x0800020d   Thumb Code     0  _printf_percent.o(.ARM.Collect$$_printf_percent$$00000000)
    _printf_s                                0x08000213   Thumb Code     0  _printf_s.o(.ARM.Collect$$_printf_percent$$00000014)
    _printf_percent_end                      0x08000219   Thumb Code     0  _printf_percent_end.o(.ARM.Collect$$_printf_percent$$00000017)
    __rt_lib_init                            0x0800021d   Thumb Code     0  libinit.o(.ARM.Collect$$libinit$$00000000)
    __rt_lib_init_fp_1                       0x0800021f   Thumb Code     0  libinit2.o(.ARM.Collect$$libinit$$00000001)
    __rt_lib_init_heap_2                     0x08000223   Thumb Code     0  libinit2.o(.ARM.Collect$$libinit$$00000005)
    __rt_lib_init_preinit_1                  0x08000223   Thumb Code     0  libinit2.o(.ARM.Collect$$libinit$$00000004)
    __rt_lib_init_atexit_1                   0x0800022b   Thumb Code     0  libinit2.o(.ARM.Collect$$libinit$$0000001B)
    __rt_lib_init_clock_1                    0x0800022b   Thumb Code     0  libinit2.o(.ARM.Collect$$libinit$$00000021)
    __rt_lib_init_fp_trap_1                  0x0800022b   Thumb Code     0  libinit2.o(.ARM.Collect$$libinit$$0000001F)
    __rt_lib_init_getenv_1                   0x0800022b   Thumb Code     0  libinit2.o(.ARM.Collect$$libinit$$00000023)
    __rt_lib_init_heap_1                     0x0800022b   Thumb Code     0  libinit2.o(.ARM.Collect$$libinit$$0000000A)
    __rt_lib_init_lc_collate_1               0x0800022b   Thumb Code     0  libinit2.o(.ARM.Collect$$libinit$$00000011)
    __rt_lib_init_lc_ctype_1                 0x0800022b   Thumb Code     0  libinit2.o(.ARM.Collect$$libinit$$00000013)
    __rt_lib_init_lc_monetary_1              0x0800022b   Thumb Code     0  libinit2.o(.ARM.Collect$$libinit$$00000015)
    __rt_lib_init_lc_numeric_1               0x0800022b   Thumb Code     0  libinit2.o(.ARM.Collect$$libinit$$00000017)
    __rt_lib_init_lc_time_1                  0x0800022b   Thumb Code     0  libinit2.o(.ARM.Collect$$libinit$$00000019)
    __rt_lib_init_rand_1                     0x0800022b   Thumb Code     0  libinit2.o(.ARM.Collect$$libinit$$0000000E)
    __rt_lib_init_signal_1                   0x0800022b   Thumb Code     0  libinit2.o(.ARM.Collect$$libinit$$0000001D)
    __rt_lib_init_stdio_2                    0x0800022b   Thumb Code     0  libinit2.o(.ARM.Collect$$libinit$$00000024)
    __rt_lib_init_user_alloc_1               0x0800022b   Thumb Code     0  libinit2.o(.ARM.Collect$$libinit$$0000000C)
    __rt_lib_init_alloca_1                   0x0800022f   Thumb Code     0  libinit2.o(.ARM.Collect$$libinit$$0000002E)
    __rt_lib_init_argv_1                     0x0800022f   Thumb Code     0  libinit2.o(.ARM.Collect$$libinit$$0000002C)
    __rt_lib_init_cpp_1                      0x0800022f   Thumb Code     0  libinit2.o(.ARM.Collect$$libinit$$00000032)
    __rt_lib_init_exceptions_1               0x0800022f   Thumb Code     0  libinit2.o(.ARM.Collect$$libinit$$00000030)
    __rt_lib_init_return                     0x0800022f   Thumb Code     0  libinit2.o(.ARM.Collect$$libinit$$00000033)
    __rt_lib_init_stdio_1                    0x0800022f   Thumb Code     0  libinit2.o(.ARM.Collect$$libinit$$00000025)
    __rt_lib_shutdown                        0x08000231   Thumb Code     0  libshutdown.o(.ARM.Collect$$libshutdown$$00000000)
    __rt_lib_shutdown_cpp_1                  0x08000233   Thumb Code     0  libshutdown2.o(.ARM.Collect$$libshutdown$$00000002)
    __rt_lib_shutdown_stdio_2                0x08000233   Thumb Code     0  libshutdown2.o(.ARM.Collect$$libshutdown$$00000003)
    __rt_lib_shutdown_fp_trap_1              0x08000237   Thumb Code     0  libshutdown2.o(.ARM.Collect$$libshutdown$$00000007)
    __rt_lib_shutdown_heap_1                 0x08000237   Thumb Code     0  libshutdown2.o(.ARM.Collect$$libshutdown$$0000000F)
    __rt_lib_shutdown_return                 0x08000237   Thumb Code     0  libshutdown2.o(.ARM.Collect$$libshutdown$$00000010)
    __rt_lib_shutdown_signal_1               0x08000237   Thumb Code     0  libshutdown2.o(.ARM.Collect$$libshutdown$$0000000A)
    __rt_lib_shutdown_stdio_1                0x08000237   Thumb Code     0  libshutdown2.o(.ARM.Collect$$libshutdown$$00000004)
    __rt_lib_shutdown_user_alloc_1           0x08000237   Thumb Code     0  libshutdown2.o(.ARM.Collect$$libshutdown$$0000000C)
    __rt_entry                               0x08000239   Thumb Code     0  __rtentry.o(.ARM.Collect$$rtentry$$00000000)
    __rt_entry_presh_1                       0x08000239   Thumb Code     0  __rtentry2.o(.ARM.Collect$$rtentry$$00000002)
    __rt_entry_sh                            0x08000239   Thumb Code     0  __rtentry4.o(.ARM.Collect$$rtentry$$00000004)
    __rt_entry_li                            0x0800023f   Thumb Code     0  __rtentry2.o(.ARM.Collect$$rtentry$$0000000A)
    __rt_entry_postsh_1                      0x0800023f   Thumb Code     0  __rtentry2.o(.ARM.Collect$$rtentry$$00000009)
    __rt_entry_main                          0x08000243   Thumb Code     0  __rtentry2.o(.ARM.Collect$$rtentry$$0000000D)
    __rt_entry_postli_1                      0x08000243   Thumb Code     0  __rtentry2.o(.ARM.Collect$$rtentry$$0000000C)
    __rt_exit                                0x0800024b   Thumb Code     0  rtexit.o(.ARM.Collect$$rtexit$$00000000)
    __rt_exit_ls                             0x0800024d   Thumb Code     0  rtexit2.o(.ARM.Collect$$rtexit$$00000003)
    __rt_exit_prels_1                        0x0800024d   Thumb Code     0  rtexit2.o(.ARM.Collect$$rtexit$$00000002)
    __rt_exit_exit                           0x08000251   Thumb Code     0  rtexit2.o(.ARM.Collect$$rtexit$$00000004)
    Reset_Handler                            0x08000259   Thumb Code     8  startup_stm32f411xe.o(.text)
    _maybe_terminate_alloc                   0x08000259   Thumb Code     0  maybetermalloc1.o(.emb_text)
    ADC_IRQHandler                           0x08000273   Thumb Code     0  startup_stm32f411xe.o(.text)
    DMA1_Stream0_IRQHandler                  0x08000273   Thumb Code     0  startup_stm32f411xe.o(.text)
    DMA1_Stream1_IRQHandler                  0x08000273   Thumb Code     0  startup_stm32f411xe.o(.text)
    DMA1_Stream2_IRQHandler                  0x08000273   Thumb Code     0  startup_stm32f411xe.o(.text)
    DMA1_Stream3_IRQHandler                  0x08000273   Thumb Code     0  startup_stm32f411xe.o(.text)
    DMA1_Stream4_IRQHandler                  0x08000273   Thumb Code     0  startup_stm32f411xe.o(.text)
    DMA1_Stream5_IRQHandler                  0x08000273   Thumb Code     0  startup_stm32f411xe.o(.text)
    DMA1_Stream6_IRQHandler                  0x08000273   Thumb Code     0  startup_stm32f411xe.o(.text)
    DMA1_Stream7_IRQHandler                  0x08000273   Thumb Code     0  startup_stm32f411xe.o(.text)
    DMA2_Stream1_IRQHandler                  0x08000273   Thumb Code     0  startup_stm32f411xe.o(.text)
    DMA2_Stream2_IRQHandler                  0x08000273   Thumb Code     0  startup_stm32f411xe.o(.text)
    DMA2_Stream3_IRQHandler                  0x08000273   Thumb Code     0  startup_stm32f411xe.o(.text)
    DMA2_Stream4_IRQHandler                  0x08000273   Thumb Code     0  startup_stm32f411xe.o(.text)
    DMA2_Stream5_IRQHandler                  0x08000273   Thumb Code     0  startup_stm32f411xe.o(.text)
    DMA2_Stream6_IRQHandler                  0x08000273   Thumb Code     0  startup_stm32f411xe.o(.text)
    DMA2_Stream7_IRQHandler                  0x08000273   Thumb Code     0  startup_stm32f411xe.o(.text)
    EXTI0_IRQHandler                         0x08000273   Thumb Code     0  startup_stm32f411xe.o(.text)
    EXTI1_IRQHandler                         0x08000273   Thumb Code     0  startup_stm32f411xe.o(.text)
    EXTI2_IRQHandler                         0x08000273   Thumb Code     0  startup_stm32f411xe.o(.text)
    EXTI3_IRQHandler                         0x08000273   Thumb Code     0  startup_stm32f411xe.o(.text)
    EXTI4_IRQHandler                         0x08000273   Thumb Code     0  startup_stm32f411xe.o(.text)
    EXTI9_5_IRQHandler                       0x08000273   Thumb Code     0  startup_stm32f411xe.o(.text)
    FLASH_IRQHandler                         0x08000273   Thumb Code     0  startup_stm32f411xe.o(.text)
    FPU_IRQHandler                           0x08000273   Thumb Code     0  startup_stm32f411xe.o(.text)
    I2C1_ER_IRQHandler                       0x08000273   Thumb Code     0  startup_stm32f411xe.o(.text)
    I2C1_EV_IRQHandler                       0x08000273   Thumb Code     0  startup_stm32f411xe.o(.text)
    I2C2_ER_IRQHandler                       0x08000273   Thumb Code     0  startup_stm32f411xe.o(.text)
    I2C2_EV_IRQHandler                       0x08000273   Thumb Code     0  startup_stm32f411xe.o(.text)
    I2C3_ER_IRQHandler                       0x08000273   Thumb Code     0  startup_stm32f411xe.o(.text)
    I2C3_EV_IRQHandler                       0x08000273   Thumb Code     0  startup_stm32f411xe.o(.text)
    OTG_FS_IRQHandler                        0x08000273   Thumb Code     0  startup_stm32f411xe.o(.text)
    OTG_FS_WKUP_IRQHandler                   0x08000273   Thumb Code     0  startup_stm32f411xe.o(.text)
    PVD_IRQHandler                           0x08000273   Thumb Code     0  startup_stm32f411xe.o(.text)
    RCC_IRQHandler                           0x08000273   Thumb Code     0  startup_stm32f411xe.o(.text)
    RTC_Alarm_IRQHandler                     0x08000273   Thumb Code     0  startup_stm32f411xe.o(.text)
    RTC_WKUP_IRQHandler                      0x08000273   Thumb Code     0  startup_stm32f411xe.o(.text)
    SDIO_IRQHandler                          0x08000273   Thumb Code     0  startup_stm32f411xe.o(.text)
    SPI1_IRQHandler                          0x08000273   Thumb Code     0  startup_stm32f411xe.o(.text)
    SPI2_IRQHandler                          0x08000273   Thumb Code     0  startup_stm32f411xe.o(.text)
    SPI3_IRQHandler                          0x08000273   Thumb Code     0  startup_stm32f411xe.o(.text)
    SPI4_IRQHandler                          0x08000273   Thumb Code     0  startup_stm32f411xe.o(.text)
    SPI5_IRQHandler                          0x08000273   Thumb Code     0  startup_stm32f411xe.o(.text)
    TAMP_STAMP_IRQHandler                    0x08000273   Thumb Code     0  startup_stm32f411xe.o(.text)
    TIM1_BRK_TIM9_IRQHandler                 0x08000273   Thumb Code     0  startup_stm32f411xe.o(.text)
    TIM1_CC_IRQHandler                       0x08000273   Thumb Code     0  startup_stm32f411xe.o(.text)
    TIM1_TRG_COM_TIM11_IRQHandler            0x08000273   Thumb Code     0  startup_stm32f411xe.o(.text)
    TIM2_IRQHandler                          0x08000273   Thumb Code     0  startup_stm32f411xe.o(.text)
    TIM4_IRQHandler                          0x08000273   Thumb Code     0  startup_stm32f411xe.o(.text)
    USART1_IRQHandler                        0x08000273   Thumb Code     0  startup_stm32f411xe.o(.text)
    USART2_IRQHandler                        0x08000273   Thumb Code     0  startup_stm32f411xe.o(.text)
    WWDG_IRQHandler                          0x08000273   Thumb Code     0  startup_stm32f411xe.o(.text)
    __user_initial_stackheap                 0x08000275   Thumb Code     0  startup_stm32f411xe.o(.text)
    __aeabi_uldivmod                         0x08000299   Thumb Code     0  lludivv7m.o(.text)
    _ll_udiv                                 0x08000299   Thumb Code   238  lludivv7m.o(.text)
    __2printf                                0x08000389   Thumb Code    20  noretval__2printf.o(.text)
    __printf                                 0x080003a1   Thumb Code   104  __printf.o(.text)
    _printf_str                              0x08000409   Thumb Code    82  _printf_str.o(.text)
    _printf_int_dec                          0x0800045d   Thumb Code   104  _printf_dec.o(.text)
    __aeabi_memcpy4                          0x080004d5   Thumb Code     0  rt_memcpy_w.o(.text)
    __aeabi_memcpy8                          0x080004d5   Thumb Code     0  rt_memcpy_w.o(.text)
    __rt_memcpy_w                            0x080004d5   Thumb Code   100  rt_memcpy_w.o(.text)
    _memcpy_lastbytes_aligned                0x0800051d   Thumb Code     0  rt_memcpy_w.o(.text)
    __aeabi_memclr4                          0x08000539   Thumb Code     0  rt_memclr_w.o(.text)
    __aeabi_memclr8                          0x08000539   Thumb Code     0  rt_memclr_w.o(.text)
    __rt_memclr_w                            0x08000539   Thumb Code    78  rt_memclr_w.o(.text)
    _memset_w                                0x0800053d   Thumb Code     0  rt_memclr_w.o(.text)
    __use_two_region_memory                  0x08000587   Thumb Code     2  heapauxi.o(.text)
    __rt_heap_escrow                         0x08000589   Thumb Code     2  heapauxi.o(.text)
    __rt_heap_expand                         0x0800058b   Thumb Code     2  heapauxi.o(.text)
    _printf_int_common                       0x0800058d   Thumb Code   178  _printf_intcommon.o(.text)
    _printf_cs_common                        0x0800063f   Thumb Code    20  _printf_char.o(.text)
    _printf_char                             0x08000653   Thumb Code    16  _printf_char.o(.text)
    _printf_string                           0x08000663   Thumb Code     8  _printf_char.o(.text)
    _printf_char_file                        0x0800066d   Thumb Code    32  _printf_char_file.o(.text)
    _printf_char_common                      0x0800069b   Thumb Code    32  _printf_char_common.o(.text)
    ferror                                   0x080006c1   Thumb Code     8  ferror.o(.text)
    _initio                                  0x080006c9   Thumb Code   210  initio.o(.text)
    _terminateio                             0x0800079b   Thumb Code    56  initio.o(.text)
    _sys_open                                0x08000801   Thumb Code    20  sys_io.o(.text)
    _sys_close                               0x08000815   Thumb Code    12  sys_io.o(.text)
    _sys_write                               0x08000821   Thumb Code    16  sys_io.o(.text)
    _sys_read                                0x08000831   Thumb Code    14  sys_io.o(.text)
    _sys_istty                               0x0800083f   Thumb Code    12  sys_io.o(.text)
    _sys_seek                                0x0800084b   Thumb Code    14  sys_io.o(.text)
    _sys_ensure                              0x08000859   Thumb Code     2  sys_io.o(.text)
    _sys_flen                                0x0800085b   Thumb Code    12  sys_io.o(.text)
    __user_setup_stackheap                   0x08000867   Thumb Code    74  sys_stackheap_outer.o(.text)
    malloc                                   0x080008b1   Thumb Code    94  h1_alloc.o(.text)
    free                                     0x0800090f   Thumb Code    78  h1_free.o(.text)
    __flsbuf                                 0x0800095d   Thumb Code   470  flsbuf.o(.text)
    __flsbuf_byte                            0x0800095d   Thumb Code     0  flsbuf.o(.text)
    __flsbuf_wide                            0x0800095d   Thumb Code     0  flsbuf.o(.text)
    setvbuf                                  0x08000b33   Thumb Code    70  setvbuf.o(.text)
    freopen                                  0x08000b79   Thumb Code   158  fopen.o(.text)
    fopen                                    0x08000c17   Thumb Code    74  fopen.o(.text)
    _fclose_internal                         0x08000c65   Thumb Code    76  fclose.o(.text)
    fclose                                   0x08000c65   Thumb Code     0  fclose.o(.text)
    exit                                     0x08000cb1   Thumb Code    18  exit.o(.text)
    __rt_SIGRTRED                            0x08000cc3   Thumb Code    14  defsig_rtred_outer.o(.text)
    _sys_exit                                0x08000cd1   Thumb Code     8  sys_exit.o(.text)
    __user_libspace                          0x08000cdd   Thumb Code     8  libspace.o(.text)
    __user_perproc_libspace                  0x08000cdd   Thumb Code     0  libspace.o(.text)
    __user_perthread_libspace                0x08000cdd   Thumb Code     0  libspace.o(.text)
    __I$use$semihosting                      0x08000ce5   Thumb Code     0  use_no_semi.o(.text)
    __use_no_semihosting_swi                 0x08000ce5   Thumb Code     2  use_no_semi.o(.text)
    __semihosting_library_function           0x08000ce7   Thumb Code     0  indicate_semi.o(.text)
    __rt_heap_descriptor                     0x08000ce9   Thumb Code     8  rt_heap_descriptor_intlibspace.o(.text)
    __use_no_heap                            0x08000cf1   Thumb Code     2  hguard.o(.text)
    __heap$guard                             0x08000cf3   Thumb Code     2  hguard.o(.text)
    _terminate_user_alloc                    0x08000cf5   Thumb Code     2  init_alloc.o(.text)
    _init_user_alloc                         0x08000cf7   Thumb Code     2  init_alloc.o(.text)
    __Heap_Full                              0x08000cf9   Thumb Code    34  init_alloc.o(.text)
    __Heap_Broken                            0x08000d1b   Thumb Code     6  init_alloc.o(.text)
    _init_alloc                              0x08000d21   Thumb Code    94  init_alloc.o(.text)
    __Heap_Initialize                        0x08000d7f   Thumb Code    10  h1_init.o(.text)
    __Heap_DescSize                          0x08000d89   Thumb Code     4  h1_init.o(.text)
    _fseek                                   0x08000d8d   Thumb Code   242  fseek.o(.text)
    fseek                                    0x08000d8d   Thumb Code     0  fseek.o(.text)
    _seterr                                  0x08000e85   Thumb Code    20  stdio.o(.text)
    _writebuf                                0x08000e99   Thumb Code    84  stdio.o(.text)
    _fflush                                  0x08000eed   Thumb Code    70  stdio.o(.text)
    _deferredlazyseek                        0x08000f33   Thumb Code    60  stdio.o(.text)
    __sig_exit                               0x08000f75   Thumb Code    10  defsig_exit.o(.text)
    __rt_SIGRTRED_inner                      0x08000f81   Thumb Code    14  defsig_rtred_inner.o(.text)
    strlen                                   0x08000fb5   Thumb Code    62  strlen.o(.text)
    __Heap_ProvideMemory                     0x08000ff3   Thumb Code    52  h1_extend.o(.text)
    _ftell_internal                          0x08001027   Thumb Code    66  ftell.o(.text)
    ftell                                    0x08001027   Thumb Code     0  ftell.o(.text)
    __default_signal_display                 0x08001069   Thumb Code    50  defsig_general.o(.text)
    __rt_SIGRTMEM                            0x0800109b   Thumb Code    14  defsig_rtmem_outer.o(.text)
    _ttywrch                                 0x080010a9   Thumb Code    14  sys_wrch.o(.text)
    __aeabi_errno_addr                       0x080010b9   Thumb Code     8  rt_errno_addr_intlibspace.o(.text)
    __errno$intlibspace                      0x080010b9   Thumb Code     0  rt_errno_addr_intlibspace.o(.text)
    __rt_errno_addr$intlibspace              0x080010b9   Thumb Code     0  rt_errno_addr_intlibspace.o(.text)
    __rt_SIGRTMEM_inner                      0x080010c1   Thumb Code    22  defsig_rtmem_inner.o(.text)
    BusFault_Handler                         0x08001111   Thumb Code     2  stm32f4xx_it.o(i.BusFault_Handler)
    DMA2_Stream0_IRQHandler                  0x08001115   Thumb Code     6  stm32f4xx_it.o(i.DMA2_Stream0_IRQHandler)
    DebugMon_Handler                         0x08001121   Thumb Code     2  stm32f4xx_it.o(i.DebugMon_Handler)
    EXTI15_10_IRQHandler                     0x08001123   Thumb Code     8  stm32f4xx_it.o(i.EXTI15_10_IRQHandler)
    Error_Handler                            0x0800112b   Thumb Code     2  main.o(i.Error_Handler)
    HAL_ADC_ConfigChannel                    0x0800112d   Thumb Code   414  stm32f4xx_hal_adc.o(i.HAL_ADC_ConfigChannel)
    HAL_ADC_Init                             0x08001319   Thumb Code   458  stm32f4xx_hal_adc.o(i.HAL_ADC_Init)
    HAL_ADC_MspInit                          0x08001525   Thumb Code   132  adc.o(i.HAL_ADC_MspInit)
    HAL_DMA_Abort_IT                         0x080015bd   Thumb Code    36  stm32f4xx_hal_dma.o(i.HAL_DMA_Abort_IT)
    HAL_DMA_IRQHandler                       0x080015e1   Thumb Code   412  stm32f4xx_hal_dma.o(i.HAL_DMA_IRQHandler)
    HAL_DMA_Init                             0x08001781   Thumb Code   666  stm32f4xx_hal_dma.o(i.HAL_DMA_Init)
    HAL_Delay                                0x08001a61   Thumb Code    32  stm32f4xx_hal.o(i.HAL_Delay)
    HAL_GPIO_EXTI_Callback                   0x08001a85   Thumb Code     2  stm32f4xx_hal_gpio.o(i.HAL_GPIO_EXTI_Callback)
    HAL_GPIO_EXTI_IRQHandler                 0x08001a89   Thumb Code    18  stm32f4xx_hal_gpio.o(i.HAL_GPIO_EXTI_IRQHandler)
    HAL_GPIO_Init                            0x08001aa1   Thumb Code   592  stm32f4xx_hal_gpio.o(i.HAL_GPIO_Init)
    HAL_GPIO_WritePin                        0x08001d69   Thumb Code    46  stm32f4xx_hal_gpio.o(i.HAL_GPIO_WritePin)
    HAL_GetTick                              0x08001dd5   Thumb Code     6  stm32f4xx_hal.o(i.HAL_GetTick)
    HAL_IncTick                              0x08001de1   Thumb Code    12  stm32f4xx_hal.o(i.HAL_IncTick)
    HAL_Init                                 0x08001df1   Thumb Code    48  stm32f4xx_hal.o(i.HAL_Init)
    HAL_InitTick                             0x08001e25   Thumb Code    54  stm32f4xx_hal.o(i.HAL_InitTick)
    HAL_MspInit                              0x08001e65   Thumb Code    48  stm32f4xx_hal_msp.o(i.HAL_MspInit)
    HAL_NVIC_EnableIRQ                       0x08001e99   Thumb Code    40  stm32f4xx_hal_cortex.o(i.HAL_NVIC_EnableIRQ)
    HAL_NVIC_SetPriority                     0x08001efd   Thumb Code    94  stm32f4xx_hal_cortex.o(i.HAL_NVIC_SetPriority)
    HAL_NVIC_SetPriorityGrouping             0x08001f9d   Thumb Code    58  stm32f4xx_hal_cortex.o(i.HAL_NVIC_SetPriorityGrouping)
    HAL_RCC_ClockConfig                      0x0800201d   Thumb Code   512  stm32f4xx_hal_rcc.o(i.HAL_RCC_ClockConfig)
    HAL_RCC_GetPCLK1Freq                     0x08002269   Thumb Code    20  stm32f4xx_hal_rcc.o(i.HAL_RCC_GetPCLK1Freq)
    HAL_RCC_GetPCLK2Freq                     0x08002289   Thumb Code    20  stm32f4xx_hal_rcc.o(i.HAL_RCC_GetPCLK2Freq)
    HAL_RCC_GetSysClockFreq                  0x080022a9   Thumb Code    88  stm32f4xx_hal_rcc.o(i.HAL_RCC_GetSysClockFreq)
    HAL_RCC_OscConfig                        0x08002309   Thumb Code  1172  stm32f4xx_hal_rcc.o(i.HAL_RCC_OscConfig)
    HAL_SPI_GetState                         0x0800279d   Thumb Code     6  stm32f4xx_hal_spi.o(i.HAL_SPI_GetState)
    HAL_SPI_Init                             0x080027a5   Thumb Code   380  stm32f4xx_hal_spi.o(i.HAL_SPI_Init)
    HAL_SPI_MspInit                          0x0800296d   Thumb Code   196  spi.o(i.HAL_SPI_MspInit)
    HAL_SPI_TransmitReceive                  0x08002a45   Thumb Code   496  stm32f4xx_hal_spi.o(i.HAL_SPI_TransmitReceive)
    HAL_SYSTICK_Callback                     0x08002c6d   Thumb Code    46  main.o(i.HAL_SYSTICK_Callback)
    HAL_SYSTICK_Config                       0x08002ca1   Thumb Code    40  stm32f4xx_hal_cortex.o(i.HAL_SYSTICK_Config)
    HAL_TIMEx_BreakCallback                  0x08002cc9   Thumb Code     2  stm32f4xx_hal_tim_ex.o(i.HAL_TIMEx_BreakCallback)
    HAL_TIMEx_CommutCallback                 0x08002ccb   Thumb Code     2  stm32f4xx_hal_tim_ex.o(i.HAL_TIMEx_CommutCallback)
    HAL_TIMEx_MasterConfigSynchronization    0x08002ccd   Thumb Code   210  stm32f4xx_hal_tim_ex.o(i.HAL_TIMEx_MasterConfigSynchronization)
    HAL_TIM_Base_Init                        0x08002df1   Thumb Code   188  stm32f4xx_hal_tim.o(i.HAL_TIM_Base_Init)
    HAL_TIM_Base_MspInit                     0x08002f01   Thumb Code   148  tim.o(i.HAL_TIM_Base_MspInit)
    HAL_TIM_ConfigClockSource                0x08002fa9   Thumb Code   824  stm32f4xx_hal_tim.o(i.HAL_TIM_ConfigClockSource)
    HAL_TIM_IC_CaptureCallback               0x08003335   Thumb Code     2  stm32f4xx_hal_tim.o(i.HAL_TIM_IC_CaptureCallback)
    HAL_TIM_IRQHandler                       0x08003337   Thumb Code   358  stm32f4xx_hal_tim.o(i.HAL_TIM_IRQHandler)
    HAL_TIM_MspPostInit                      0x0800349d   Thumb Code   146  tim.o(i.HAL_TIM_MspPostInit)
    HAL_TIM_OC_ConfigChannel                 0x08003545   Thumb Code   348  stm32f4xx_hal_tim.o(i.HAL_TIM_OC_ConfigChannel)
    HAL_TIM_OC_DelayElapsedCallback          0x080036f5   Thumb Code     2  stm32f4xx_hal_tim.o(i.HAL_TIM_OC_DelayElapsedCallback)
    HAL_TIM_OC_Init                          0x080036f9   Thumb Code   188  stm32f4xx_hal_tim.o(i.HAL_TIM_OC_Init)
    HAL_TIM_OC_MspInit                       0x08003809   Thumb Code     2  stm32f4xx_hal_tim.o(i.HAL_TIM_OC_MspInit)
    HAL_TIM_PWM_ConfigChannel                0x0800380d   Thumb Code   472  stm32f4xx_hal_tim.o(i.HAL_TIM_PWM_ConfigChannel)
    HAL_TIM_PWM_Init                         0x08003a39   Thumb Code   188  stm32f4xx_hal_tim.o(i.HAL_TIM_PWM_Init)
    HAL_TIM_PWM_MspInit                      0x08003b49   Thumb Code    30  tim.o(i.HAL_TIM_PWM_MspInit)
    HAL_TIM_PWM_PulseFinishedCallback        0x08003b6d   Thumb Code     2  stm32f4xx_hal_tim.o(i.HAL_TIM_PWM_PulseFinishedCallback)
    HAL_TIM_PWM_Start_IT                     0x08003b71   Thumb Code   254  stm32f4xx_hal_tim.o(i.HAL_TIM_PWM_Start_IT)
    HAL_TIM_PeriodElapsedCallback            0x08003cc5   Thumb Code     2  stm32f4xx_hal_tim.o(i.HAL_TIM_PeriodElapsedCallback)
    HAL_TIM_TriggerCallback                  0x08003cc7   Thumb Code     2  stm32f4xx_hal_tim.o(i.HAL_TIM_TriggerCallback)
    HAL_UART_ErrorCallback                   0x08003cc9   Thumb Code     2  stm32f4xx_hal_uart.o(i.HAL_UART_ErrorCallback)
    HAL_UART_IRQHandler                      0x08003ccd   Thumb Code   270  stm32f4xx_hal_uart.o(i.HAL_UART_IRQHandler)
    HAL_UART_Init                            0x08003de1   Thumb Code   224  stm32f4xx_hal_uart.o(i.HAL_UART_Init)
    HAL_UART_MspInit                         0x08003f09   Thumb Code   174  usart.o(i.HAL_UART_MspInit)
    HAL_UART_RxCpltCallback                  0x08003fc9   Thumb Code     2  stm32f4xx_hal_uart.o(i.HAL_UART_RxCpltCallback)
    HAL_UART_TxCpltCallback                  0x08003fcb   Thumb Code     2  stm32f4xx_hal_uart.o(i.HAL_UART_TxCpltCallback)
    HardFault_Handler                        0x08003fcd   Thumb Code     2  stm32f4xx_it.o(i.HardFault_Handler)
    MX_ADC1_Init                             0x08003fd1   Thumb Code   130  adc.o(i.MX_ADC1_Init)
    MX_DMA_Init                              0x08004065   Thumb Code    40  dma.o(i.MX_DMA_Init)
    MX_GPIO_Init                             0x08004091   Thumb Code   228  gpio.o(i.MX_GPIO_Init)
    MX_SPI1_Init                             0x08004189   Thumb Code    64  spi.o(i.MX_SPI1_Init)
    MX_SPI5_Init                             0x080041d1   Thumb Code    64  spi.o(i.MX_SPI5_Init)
    MX_TIM10_Init                            0x08004219   Thumb Code    90  tim.o(i.MX_TIM10_Init)
    MX_TIM1_Init                             0x0800427d   Thumb Code    98  tim.o(i.MX_TIM1_Init)
    MX_TIM2_Init                             0x080042e9   Thumb Code   108  tim.o(i.MX_TIM2_Init)
    MX_TIM3_Init                             0x08004361   Thumb Code   150  tim.o(i.MX_TIM3_Init)
    MX_TIM5_Init                             0x08004401   Thumb Code   146  tim.o(i.MX_TIM5_Init)
    MX_USART2_UART_Init                      0x080044a5   Thumb Code    48  usart.o(i.MX_USART2_UART_Init)
    MX_USART6_UART_Init                      0x080044dd   Thumb Code    48  usart.o(i.MX_USART6_UART_Init)
    MemManage_Handler                        0x08004515   Thumb Code     2  stm32f4xx_it.o(i.MemManage_Handler)
    NMI_Handler                              0x08004517   Thumb Code     2  stm32f4xx_it.o(i.NMI_Handler)
    PendSV_Handler                           0x08004519   Thumb Code     2  stm32f4xx_it.o(i.PendSV_Handler)
    SVC_Handler                              0x0800451b   Thumb Code     2  stm32f4xx_it.o(i.SVC_Handler)
    SysTick_Handler                          0x0800451d   Thumb Code    14  stm32f4xx_it.o(i.SysTick_Handler)
    SystemInit                               0x0800452d   Thumb Code    66  system_stm32f4xx.o(i.SystemInit)
    TIM1_UP_TIM10_IRQHandler                 0x08004581   Thumb Code    18  stm32f4xx_it.o(i.TIM1_UP_TIM10_IRQHandler)
    TIM3_IRQHandler                          0x0800459d   Thumb Code     6  stm32f4xx_it.o(i.TIM3_IRQHandler)
    TIM5_IRQHandler                          0x080045a9   Thumb Code     6  stm32f4xx_it.o(i.TIM5_IRQHandler)
    TIM_Base_SetConfig                       0x080045b5   Thumb Code   122  stm32f4xx_hal_tim.o(i.TIM_Base_SetConfig)
    TIM_CCxChannelCmd                        0x0800464d   Thumb Code   118  stm32f4xx_hal_tim.o(i.TIM_CCxChannelCmd)
    TIM_ETR_SetConfig                        0x08004719   Thumb Code    20  stm32f4xx_hal_tim.o(i.TIM_ETR_SetConfig)
    TIM_OC2_SetConfig                        0x0800472d   Thumb Code   152  stm32f4xx_hal_tim.o(i.TIM_OC2_SetConfig)
    USART6_IRQHandler                        0x08004801   Thumb Code     6  stm32f4xx_it.o(i.USART6_IRQHandler)
    UsageFault_Handler                       0x0800480d   Thumb Code     2  stm32f4xx_it.o(i.UsageFault_Handler)
    RELAY_IO_Init()                          0x0800480f   Thumb Code    14  x_nucleo_plc01a1.o(i._Z13RELAY_IO_Initv)
    BSP_Relay_Init()                         0x0800481d   Thumb Code    32  x_nucleo_plc01a1.o(i._Z14BSP_Relay_Initv)
    BSP_RELAY_Reset()                        0x08004845   Thumb Code     8  x_nucleo_plc01a1.o(i._Z15BSP_RELAY_Resetv)
    VNI8200XP_EnOut()                        0x08004851   Thumb Code    10  x_nucleo_plc01a1.o(i._Z15VNI8200XP_EnOutv)
    BSP_RELAY_EN_Out()                       0x08004861   Thumb Code     8  x_nucleo_plc01a1.o(i._Z16BSP_RELAY_EN_Outv)
    VNI8200XP_IO_Init()                      0x0800486d   Thumb Code     4  x_nucleo_plc01a1.o(i._Z17VNI8200XP_IO_Initv)
    VNI8200XP_ResetIt()                      0x08004871   Thumb Code    10  x_nucleo_plc01a1.o(i._Z17VNI8200XP_ResetItv)
    SystemClock_Config()                     0x08004881   Thumb Code   122  main.o(i._Z18SystemClock_Configv)
    CLT01_38S_IO_Config()                    0x08004905   Thumb Code    48  x_nucleo_plc01a1.o(i._Z19CLT01_38S_IO_Configv)
    CLT01_38S_OtaStatus(unsigned char*)      0x0800493d   Thumb Code    10  x_nucleo_plc01a1.o(i._Z19CLT01_38S_OtaStatusPh)
    CLT01_38S_UvaStatus(unsigned char*)      0x08004947   Thumb Code    10  x_nucleo_plc01a1.o(i._Z19CLT01_38S_UvaStatusPh)
    VNI8200XP_IO_Config()                    0x08004951   Thumb Code    78  x_nucleo_plc01a1.o(i._Z19VNI8200XP_IO_Configv)
    VNI8200XP_IO_Deinit()                    0x080049ad   Thumb Code     2  x_nucleo_plc01a1.o(i._Z19VNI8200XP_IO_Deinitv)
    CLT01_38S_GetInpData()                   0x080049b1   Thumb Code    44  x_nucleo_plc01a1.o(i._Z20CLT01_38S_GetInpDatav)
    VNI8200XP_FbOkStatus(unsigned char*)     0x080049e9   Thumb Code    10  x_nucleo_plc01a1.o(i._Z20VNI8200XP_FbOkStatusPh)
    VNI8200XP_FaultStatus(unsigned char*)    0x080049f3   Thumb Code    10  x_nucleo_plc01a1.o(i._Z21VNI8200XP_FaultStatusPh)
    VNI8200XP_PcFailStatus(unsigned char*)   0x080049fd   Thumb Code     8  x_nucleo_plc01a1.o(i._Z22VNI8200XP_PcFailStatusPh)
    BSP_CurrentLimiter_Init()                0x08004a05   Thumb Code    28  x_nucleo_plc01a1.o(i._Z23BSP_CurrentLimiter_Initv)
    CURRENT_LIMITER_IO_Init()                0x08004a29   Thumb Code    14  x_nucleo_plc01a1.o(i._Z23CURRENT_LIMITER_IO_Initv)
    VNI8200XP_SendOutputData(unsigned char)  0x08004a39   Thumb Code   116  x_nucleo_plc01a1.o(i._Z24VNI8200XP_SendOutputDatah)
    CLT01_38S_CommErrorStatus(unsigned char*) 0x08004ab9   Thumb Code    88  x_nucleo_plc01a1.o(i._Z25CLT01_38S_CommErrorStatusPh)
    VNI8200XP_CommErrorStatus(unsigned char*) 0x08004b15   Thumb Code   100  x_nucleo_plc01a1.o(i._Z25VNI8200XP_CommErrorStatusPh)
    VNI8200XP_PowerGoodStatus(unsigned char*) 0x08004b7d   Thumb Code     8  x_nucleo_plc01a1.o(i._Z25VNI8200XP_PowerGoodStatusPh)
    VNI8200XP_TempWarningStatus(unsigned char*) 0x08004b85   Thumb Code     8  x_nucleo_plc01a1.o(i._Z27VNI8200XP_TempWarningStatusPh)
    setup()                                  0x08004b8d   Thumb Code   148  pioneer_1.o(i._Z5setupv)
    StepperMotor::run(ROT_DIRECTION, unsigned, unsigned) 0x08004c61   Thumb Code   150  motors.o(i._ZN12StepperMotor3runE13ROT_DIRECTIONjj)
    StepperMotor::setting(unsigned, const char*, RUNSTATE, unsigned, unsigned) 0x08004cf7   Thumb Code    18  pioneer_1.o(i._ZN12StepperMotor7settingEjPKc8RUNSTATEjj)
    assert_failed                            0x080056b5   Thumb Code     2  main.o(i.assert_failed)
    fputc                                    0x080056b7   Thumb Code    26  fputc.o(i.fputc)
    main                                     0x080056d1   Thumb Code    96  main.o(i.main)
    _fp_init                                 0x08005731   Thumb Code    10  fpinit.o(x$fpl$fpinit)
    __fplib_config_fpu_vfp                   0x08005739   Thumb Code     0  fpinit.o(x$fpl$fpinit)
    __fplib_config_pureend_doubles           0x08005739   Thumb Code     0  fpinit.o(x$fpl$fpinit)
    AHBPrescTable                            0x08005742   Data          16  system_stm32f4xx.o(.constdata)
    APBPrescTable                            0x08005752   Data           8  system_stm32f4xx.o(.constdata)
    __stdin_name                             0x0800575a   Data           4  sys_io.o(.constdata)
    __stdout_name                            0x0800575e   Data           4  sys_io.o(.constdata)
    __stderr_name                            0x08005762   Data           4  sys_io.o(.constdata)
    Region$$Table$$Base                      0x08005768   Number         0  anon$$obj.o(Region$$Table)
    Region$$Table$$Limit                     0x08005788   Number         0  anon$$obj.o(Region$$Table)
    FeedMotor                                0x20000024   Data           4  pioneer_1.o(.data)
    RotationMotor                            0x20000028   Data           4  pioneer_1.o(.data)
    VNI8200XPDrv                             0x2000002c   Data          44  vni8200xp.o(.data)
    CLT0138SQ7Drv                            0x20000058   Data          24  clt01_38s.o(.data)
    uwTickFreq                               0x20000098   Data           1  stm32f4xx_hal.o(.data)
    uwTickPrio                               0x2000009c   Data           4  stm32f4xx_hal.o(.data)
    uwTick                                   0x200000a0   Data           4  stm32f4xx_hal.o(.data)
    SystemCoreClock                          0x200000a4   Data           4  system_stm32f4xx.o(.data)
    __aeabi_stdin                            0x200000a8   Data           4  stdio_streams.o(.data)
    __aeabi_stdout                           0x200000ac   Data           4  stdio_streams.o(.data)
    __aeabi_stderr                           0x200000b0   Data           4  stdio_streams.o(.data)
    hadc1                                    0x200000b4   Data          72  adc.o(.bss)
    hdma_adc1                                0x200000fc   Data          96  adc.o(.bss)
    hspi1                                    0x2000015c   Data          88  spi.o(.bss)
    hspi5                                    0x200001b4   Data          88  spi.o(.bss)
    htim1                                    0x2000020c   Data          64  tim.o(.bss)
    htim2                                    0x2000024c   Data          64  tim.o(.bss)
    htim3                                    0x2000028c   Data          64  tim.o(.bss)
    htim5                                    0x200002cc   Data          64  tim.o(.bss)
    htim10                                   0x2000030c   Data          64  tim.o(.bss)
    huart2                                   0x2000034c   Data          64  usart.o(.bss)
    huart6                                   0x2000038c   Data          64  usart.o(.bss)
    TIM_EXPBD_Handle                         0x20000424   Data          64  x_nucleo_plc01a1.o(.bss)
    __stdin                                  0x20000464   Data          84  stdio_streams.o(.bss)
    __stdout                                 0x200004b8   Data          84  stdio_streams.o(.bss)
    __stderr                                 0x2000050c   Data          84  stdio_streams.o(.bss)
    __libspace_start                         0x20000560   Data          96  libspace.o(.bss)
    __temporary_stack_top$libspace           0x200005c0   Data           0  libspace.o(.bss)



==============================================================================

Memory Map of the image

  Image Entry point : 0x08000199

  Load Region LR_IROM1 (Base: 0x08000000, Size: 0x0000583c, Max: 0x00080000, ABSOLUTE)

    Execution Region ER_IROM1 (Exec base: 0x08000000, Load base: 0x08000000, Size: 0x00005788, Max: 0x00080000, ABSOLUTE)

    Exec Addr    Load Addr    Size         Type   Attr      Idx    E Section Name        Object

    0x08000000   0x08000000   0x00000198   Data   RO            3    RESET               startup_stm32f411xe.o
    0x08000198   0x08000198   0x00000008   Code   RO         5330  * !!!main             c_w.l(__main.o)
    0x080001a0   0x080001a0   0x00000034   Code   RO         5835    !!!scatter          c_w.l(__scatter.o)
    0x080001d4   0x080001d4   0x0000001a   Code   RO         5837    !!handler_copy      c_w.l(__scatter_copy.o)
    0x080001ee   0x080001ee   0x00000002   PAD
    0x080001f0   0x080001f0   0x0000001c   Code   RO         5839    !!handler_zi        c_w.l(__scatter_zi.o)
    0x0800020c   0x0800020c   0x00000000   Code   RO         5323    .ARM.Collect$$_printf_percent$$00000000  c_w.l(_printf_percent.o)
    0x0800020c   0x0800020c   0x00000006   Code   RO         5322    .ARM.Collect$$_printf_percent$$00000009  c_w.l(_printf_d.o)
    0x08000212   0x08000212   0x00000006   Code   RO         5321    .ARM.Collect$$_printf_percent$$00000014  c_w.l(_printf_s.o)
    0x08000218   0x08000218   0x00000004   Code   RO         5449    .ARM.Collect$$_printf_percent$$00000017  c_w.l(_printf_percent_end.o)
    0x0800021c   0x0800021c   0x00000002   Code   RO         5623    .ARM.Collect$$libinit$$00000000  c_w.l(libinit.o)
    0x0800021e   0x0800021e   0x00000004   Code   RO         5624    .ARM.Collect$$libinit$$00000001  c_w.l(libinit2.o)
    0x08000222   0x08000222   0x00000000   Code   RO         5627    .ARM.Collect$$libinit$$00000004  c_w.l(libinit2.o)
    0x08000222   0x08000222   0x00000008   Code   RO         5628    .ARM.Collect$$libinit$$00000005  c_w.l(libinit2.o)
    0x0800022a   0x0800022a   0x00000000   Code   RO         5630    .ARM.Collect$$libinit$$0000000A  c_w.l(libinit2.o)
    0x0800022a   0x0800022a   0x00000000   Code   RO         5632    .ARM.Collect$$libinit$$0000000C  c_w.l(libinit2.o)
    0x0800022a   0x0800022a   0x00000000   Code   RO         5634    .ARM.Collect$$libinit$$0000000E  c_w.l(libinit2.o)
    0x0800022a   0x0800022a   0x00000000   Code   RO         5637    .ARM.Collect$$libinit$$00000011  c_w.l(libinit2.o)
    0x0800022a   0x0800022a   0x00000000   Code   RO         5639    .ARM.Collect$$libinit$$00000013  c_w.l(libinit2.o)
    0x0800022a   0x0800022a   0x00000000   Code   RO         5641    .ARM.Collect$$libinit$$00000015  c_w.l(libinit2.o)
    0x0800022a   0x0800022a   0x00000000   Code   RO         5643    .ARM.Collect$$libinit$$00000017  c_w.l(libinit2.o)
    0x0800022a   0x0800022a   0x00000000   Code   RO         5645    .ARM.Collect$$libinit$$00000019  c_w.l(libinit2.o)
    0x0800022a   0x0800022a   0x00000000   Code   RO         5647    .ARM.Collect$$libinit$$0000001B  c_w.l(libinit2.o)
    0x0800022a   0x0800022a   0x00000000   Code   RO         5649    .ARM.Collect$$libinit$$0000001D  c_w.l(libinit2.o)
    0x0800022a   0x0800022a   0x00000000   Code   RO         5651    .ARM.Collect$$libinit$$0000001F  c_w.l(libinit2.o)
    0x0800022a   0x0800022a   0x00000000   Code   RO         5653    .ARM.Collect$$libinit$$00000021  c_w.l(libinit2.o)
    0x0800022a   0x0800022a   0x00000000   Code   RO         5655    .ARM.Collect$$libinit$$00000023  c_w.l(libinit2.o)
    0x0800022a   0x0800022a   0x00000004   Code   RO         5656    .ARM.Collect$$libinit$$00000024  c_w.l(libinit2.o)
    0x0800022e   0x0800022e   0x00000000   Code   RO         5657    .ARM.Collect$$libinit$$00000025  c_w.l(libinit2.o)
    0x0800022e   0x0800022e   0x00000000   Code   RO         5661    .ARM.Collect$$libinit$$0000002C  c_w.l(libinit2.o)
    0x0800022e   0x0800022e   0x00000000   Code   RO         5663    .ARM.Collect$$libinit$$0000002E  c_w.l(libinit2.o)
    0x0800022e   0x0800022e   0x00000000   Code   RO         5665    .ARM.Collect$$libinit$$00000030  c_w.l(libinit2.o)
    0x0800022e   0x0800022e   0x00000000   Code   RO         5667    .ARM.Collect$$libinit$$00000032  c_w.l(libinit2.o)
    0x0800022e   0x0800022e   0x00000002   Code   RO         5668    .ARM.Collect$$libinit$$00000033  c_w.l(libinit2.o)
    0x08000230   0x08000230   0x00000002   Code   RO         5818    .ARM.Collect$$libshutdown$$00000000  c_w.l(libshutdown.o)
    0x08000232   0x08000232   0x00000000   Code   RO         5670    .ARM.Collect$$libshutdown$$00000002  c_w.l(libshutdown2.o)
    0x08000232   0x08000232   0x00000004   Code   RO         5671    .ARM.Collect$$libshutdown$$00000003  c_w.l(libshutdown2.o)
    0x08000236   0x08000236   0x00000000   Code   RO         5672    .ARM.Collect$$libshutdown$$00000004  c_w.l(libshutdown2.o)
    0x08000236   0x08000236   0x00000000   Code   RO         5675    .ARM.Collect$$libshutdown$$00000007  c_w.l(libshutdown2.o)
    0x08000236   0x08000236   0x00000000   Code   RO         5678    .ARM.Collect$$libshutdown$$0000000A  c_w.l(libshutdown2.o)
    0x08000236   0x08000236   0x00000000   Code   RO         5680    .ARM.Collect$$libshutdown$$0000000C  c_w.l(libshutdown2.o)
    0x08000236   0x08000236   0x00000000   Code   RO         5683    .ARM.Collect$$libshutdown$$0000000F  c_w.l(libshutdown2.o)
    0x08000236   0x08000236   0x00000002   Code   RO         5684    .ARM.Collect$$libshutdown$$00000010  c_w.l(libshutdown2.o)
    0x08000238   0x08000238   0x00000000   Code   RO         5438    .ARM.Collect$$rtentry$$00000000  c_w.l(__rtentry.o)
    0x08000238   0x08000238   0x00000000   Code   RO         5470    .ARM.Collect$$rtentry$$00000002  c_w.l(__rtentry2.o)
    0x08000238   0x08000238   0x00000006   Code   RO         5482    .ARM.Collect$$rtentry$$00000004  c_w.l(__rtentry4.o)
    0x0800023e   0x0800023e   0x00000000   Code   RO         5472    .ARM.Collect$$rtentry$$00000009  c_w.l(__rtentry2.o)
    0x0800023e   0x0800023e   0x00000004   Code   RO         5473    .ARM.Collect$$rtentry$$0000000A  c_w.l(__rtentry2.o)
    0x08000242   0x08000242   0x00000000   Code   RO         5475    .ARM.Collect$$rtentry$$0000000C  c_w.l(__rtentry2.o)
    0x08000242   0x08000242   0x00000008   Code   RO         5476    .ARM.Collect$$rtentry$$0000000D  c_w.l(__rtentry2.o)
    0x0800024a   0x0800024a   0x00000002   Code   RO         5698    .ARM.Collect$$rtexit$$00000000  c_w.l(rtexit.o)
    0x0800024c   0x0800024c   0x00000000   Code   RO         5760    .ARM.Collect$$rtexit$$00000002  c_w.l(rtexit2.o)
    0x0800024c   0x0800024c   0x00000004   Code   RO         5761    .ARM.Collect$$rtexit$$00000003  c_w.l(rtexit2.o)
    0x08000250   0x08000250   0x00000006   Code   RO         5762    .ARM.Collect$$rtexit$$00000004  c_w.l(rtexit2.o)
    0x08000256   0x08000256   0x00000002   PAD
    0x08000258   0x08000258   0x00000000   Code   RO         5768    .emb_text           c_w.l(maybetermalloc1.o)
    0x08000258   0x08000258   0x00000040   Code   RO            4    .text               startup_stm32f411xe.o
    0x08000298   0x08000298   0x000000ee   Code   RO         5289    .text               c_w.l(lludivv7m.o)
    0x08000386   0x08000386   0x00000002   PAD
    0x08000388   0x08000388   0x00000018   Code   RO         5293    .text               c_w.l(noretval__2printf.o)
    0x080003a0   0x080003a0   0x00000068   Code   RO         5295    .text               c_w.l(__printf.o)
    0x08000408   0x08000408   0x00000052   Code   RO         5297    .text               c_w.l(_printf_str.o)
    0x0800045a   0x0800045a   0x00000002   PAD
    0x0800045c   0x0800045c   0x00000078   Code   RO         5299    .text               c_w.l(_printf_dec.o)
    0x080004d4   0x080004d4   0x00000064   Code   RO         5324    .text               c_w.l(rt_memcpy_w.o)
    0x08000538   0x08000538   0x0000004e   Code   RO         5326    .text               c_w.l(rt_memclr_w.o)
    0x08000586   0x08000586   0x00000006   Code   RO         5328    .text               c_w.l(heapauxi.o)
    0x0800058c   0x0800058c   0x000000b2   Code   RO         5443    .text               c_w.l(_printf_intcommon.o)
    0x0800063e   0x0800063e   0x0000002c   Code   RO         5445    .text               c_w.l(_printf_char.o)
    0x0800066a   0x0800066a   0x00000002   PAD
    0x0800066c   0x0800066c   0x00000024   Code   RO         5447    .text               c_w.l(_printf_char_file.o)
    0x08000690   0x08000690   0x00000030   Code   RO         5486    .text               c_w.l(_printf_char_common.o)
    0x080006c0   0x080006c0   0x00000008   Code   RO         5488    .text               c_w.l(ferror.o)
    0x080006c8   0x080006c8   0x00000138   Code   RO         5494    .text               c_w.l(initio.o)
    0x08000800   0x08000800   0x00000066   Code   RO         5515    .text               c_w.l(sys_io.o)
    0x08000866   0x08000866   0x0000004a   Code   RO         5522    .text               c_w.l(sys_stackheap_outer.o)
    0x080008b0   0x080008b0   0x0000005e   Code   RO         5533    .text               c_w.l(h1_alloc.o)
    0x0800090e   0x0800090e   0x0000004e   Code   RO         5535    .text               c_w.l(h1_free.o)
    0x0800095c   0x0800095c   0x000001d6   Code   RO         5593    .text               c_w.l(flsbuf.o)
    0x08000b32   0x08000b32   0x00000046   Code   RO         5595    .text               c_w.l(setvbuf.o)
    0x08000b78   0x08000b78   0x000000ec   Code   RO         5598    .text               c_w.l(fopen.o)
    0x08000c64   0x08000c64   0x0000004c   Code   RO         5600    .text               c_w.l(fclose.o)
    0x08000cb0   0x08000cb0   0x00000012   Code   RO         5606    .text               c_w.l(exit.o)
    0x08000cc2   0x08000cc2   0x0000000e   Code   RO         5614    .text               c_w.l(defsig_rtred_outer.o)
    0x08000cd0   0x08000cd0   0x0000000c   Code   RO         5690    .text               c_w.l(sys_exit.o)
    0x08000cdc   0x08000cdc   0x00000008   Code   RO         5692    .text               c_w.l(libspace.o)
    0x08000ce4   0x08000ce4   0x00000002   Code   RO         5695    .text               c_w.l(use_no_semi.o)
    0x08000ce6   0x08000ce6   0x00000000   Code   RO         5697    .text               c_w.l(indicate_semi.o)
    0x08000ce6   0x08000ce6   0x00000002   PAD
    0x08000ce8   0x08000ce8   0x00000008   Code   RO         5705    .text               c_w.l(rt_heap_descriptor_intlibspace.o)
    0x08000cf0   0x08000cf0   0x00000004   Code   RO         5707    .text               c_w.l(hguard.o)
    0x08000cf4   0x08000cf4   0x0000008a   Code   RO         5709    .text               c_w.l(init_alloc.o)
    0x08000d7e   0x08000d7e   0x0000000e   Code   RO         5713    .text               c_w.l(h1_init.o)
    0x08000d8c   0x08000d8c   0x000000f8   Code   RO         5729    .text               c_w.l(fseek.o)
    0x08000e84   0x08000e84   0x000000f0   Code   RO         5731    .text               c_w.l(stdio.o)
    0x08000f74   0x08000f74   0x0000000a   Code   RO         5737    .text               c_w.l(defsig_exit.o)
    0x08000f7e   0x08000f7e   0x00000002   PAD
    0x08000f80   0x08000f80   0x00000034   Code   RO         5745    .text               c_w.l(defsig_rtred_inner.o)
    0x08000fb4   0x08000fb4   0x0000003e   Code   RO         5749    .text               c_w.l(strlen.o)
    0x08000ff2   0x08000ff2   0x00000034   Code   RO         5770    .text               c_w.l(h1_extend.o)
    0x08001026   0x08001026   0x00000042   Code   RO         5778    .text               c_w.l(ftell.o)
    0x08001068   0x08001068   0x00000032   Code   RO         5786    .text               c_w.l(defsig_general.o)
    0x0800109a   0x0800109a   0x0000000e   Code   RO         5790    .text               c_w.l(defsig_rtmem_outer.o)
    0x080010a8   0x080010a8   0x0000000e   Code   RO         5803    .text               c_w.l(sys_wrch.o)
    0x080010b6   0x080010b6   0x00000002   PAD
    0x080010b8   0x080010b8   0x00000008   Code   RO         5808    .text               c_w.l(rt_errno_addr_intlibspace.o)
    0x080010c0   0x080010c0   0x00000050   Code   RO         5812    .text               c_w.l(defsig_rtmem_inner.o)
    0x08001110   0x08001110   0x00000002   Code   RO          535    i.BusFault_Handler  stm32f4xx_it.o
    0x08001112   0x08001112   0x00000002   PAD
    0x08001114   0x08001114   0x0000000c   Code   RO          536    i.DMA2_Stream0_IRQHandler  stm32f4xx_it.o
    0x08001120   0x08001120   0x00000002   Code   RO          537    i.DebugMon_Handler  stm32f4xx_it.o
    0x08001122   0x08001122   0x00000008   Code   RO          538    i.EXTI15_10_IRQHandler  stm32f4xx_it.o
    0x0800112a   0x0800112a   0x00000002   Code   RO           14    i.Error_Handler     main.o
    0x0800112c   0x0800112c   0x000001ec   Code   RO         1708    i.HAL_ADC_ConfigChannel  stm32f4xx_hal_adc.o
    0x08001318   0x08001318   0x0000020c   Code   RO         1717    i.HAL_ADC_Init      stm32f4xx_hal_adc.o
    0x08001524   0x08001524   0x00000098   Code   RO          268    i.HAL_ADC_MspInit   adc.o
    0x080015bc   0x080015bc   0x00000024   Code   RO         2620    i.HAL_DMA_Abort_IT  stm32f4xx_hal_dma.o
    0x080015e0   0x080015e0   0x000001a0   Code   RO         2624    i.HAL_DMA_IRQHandler  stm32f4xx_hal_dma.o
    0x08001780   0x08001780   0x000002e0   Code   RO         2625    i.HAL_DMA_Init      stm32f4xx_hal_dma.o
    0x08001a60   0x08001a60   0x00000024   Code   RO         3126    i.HAL_Delay         stm32f4xx_hal.o
    0x08001a84   0x08001a84   0x00000002   Code   RO         2501    i.HAL_GPIO_EXTI_Callback  stm32f4xx_hal_gpio.o
    0x08001a86   0x08001a86   0x00000002   PAD
    0x08001a88   0x08001a88   0x00000018   Code   RO         2502    i.HAL_GPIO_EXTI_IRQHandler  stm32f4xx_hal_gpio.o
    0x08001aa0   0x08001aa0   0x000002c8   Code   RO         2503    i.HAL_GPIO_Init     stm32f4xx_hal_gpio.o
    0x08001d68   0x08001d68   0x0000006c   Code   RO         2507    i.HAL_GPIO_WritePin  stm32f4xx_hal_gpio.o
    0x08001dd4   0x08001dd4   0x0000000c   Code   RO         3132    i.HAL_GetTick       stm32f4xx_hal.o
    0x08001de0   0x08001de0   0x00000010   Code   RO         3138    i.HAL_IncTick       stm32f4xx_hal.o
    0x08001df0   0x08001df0   0x00000034   Code   RO         3139    i.HAL_Init          stm32f4xx_hal.o
    0x08001e24   0x08001e24   0x00000040   Code   RO         3140    i.HAL_InitTick      stm32f4xx_hal.o
    0x08001e64   0x08001e64   0x00000034   Code   RO          662    i.HAL_MspInit       stm32f4xx_hal_msp.o
    0x08001e98   0x08001e98   0x00000064   Code   RO         2970    i.HAL_NVIC_EnableIRQ  stm32f4xx_hal_cortex.o
    0x08001efc   0x08001efc   0x000000a0   Code   RO         2976    i.HAL_NVIC_SetPriority  stm32f4xx_hal_cortex.o
    0x08001f9c   0x08001f9c   0x00000080   Code   RO         2977    i.HAL_NVIC_SetPriorityGrouping  stm32f4xx_hal_cortex.o
    0x0800201c   0x0800201c   0x0000024c   Code   RO         2024    i.HAL_RCC_ClockConfig  stm32f4xx_hal_rcc.o
    0x08002268   0x08002268   0x00000020   Code   RO         2031    i.HAL_RCC_GetPCLK1Freq  stm32f4xx_hal_rcc.o
    0x08002288   0x08002288   0x00000020   Code   RO         2032    i.HAL_RCC_GetPCLK2Freq  stm32f4xx_hal_rcc.o
    0x080022a8   0x080022a8   0x00000060   Code   RO         2033    i.HAL_RCC_GetSysClockFreq  stm32f4xx_hal_rcc.o
    0x08002308   0x08002308   0x00000494   Code   RO         2036    i.HAL_RCC_OscConfig  stm32f4xx_hal_rcc.o
    0x0800279c   0x0800279c   0x00000006   Code   RO         3422    i.HAL_SPI_GetState  stm32f4xx_hal_spi.o
    0x080027a2   0x080027a2   0x00000002   PAD
    0x080027a4   0x080027a4   0x000001c8   Code   RO         3424    i.HAL_SPI_Init      stm32f4xx_hal_spi.o
    0x0800296c   0x0800296c   0x000000d8   Code   RO          338    i.HAL_SPI_MspInit   spi.o
    0x08002a44   0x08002a44   0x00000228   Code   RO         3433    i.HAL_SPI_TransmitReceive  stm32f4xx_hal_spi.o
    0x08002c6c   0x08002c6c   0x00000034   Code   RO           15    i.HAL_SYSTICK_Callback  main.o
    0x08002ca0   0x08002ca0   0x00000028   Code   RO         2981    i.HAL_SYSTICK_Config  stm32f4xx_hal_cortex.o
    0x08002cc8   0x08002cc8   0x00000002   Code   RO         4580    i.HAL_TIMEx_BreakCallback  stm32f4xx_hal_tim_ex.o
    0x08002cca   0x08002cca   0x00000002   Code   RO         4581    i.HAL_TIMEx_CommutCallback  stm32f4xx_hal_tim_ex.o
    0x08002ccc   0x08002ccc   0x00000124   Code   RO         4598    i.HAL_TIMEx_MasterConfigSynchronization  stm32f4xx_hal_tim_ex.o
    0x08002df0   0x08002df0   0x00000110   Code   RO         3792    i.HAL_TIM_Base_Init  stm32f4xx_hal_tim.o
    0x08002f00   0x08002f00   0x000000a8   Code   RO          390    i.HAL_TIM_Base_MspInit  tim.o
    0x08002fa8   0x08002fa8   0x0000038c   Code   RO         3801    i.HAL_TIM_ConfigClockSource  stm32f4xx_hal_tim.o
    0x08003334   0x08003334   0x00000002   Code   RO         3821    i.HAL_TIM_IC_CaptureCallback  stm32f4xx_hal_tim.o
    0x08003336   0x08003336   0x00000166   Code   RO         3835    i.HAL_TIM_IRQHandler  stm32f4xx_hal_tim.o
    0x0800349c   0x0800349c   0x000000a8   Code   RO          391    i.HAL_TIM_MspPostInit  tim.o
    0x08003544   0x08003544   0x000001b0   Code   RO         3836    i.HAL_TIM_OC_ConfigChannel  stm32f4xx_hal_tim.o
    0x080036f4   0x080036f4   0x00000002   Code   RO         3838    i.HAL_TIM_OC_DelayElapsedCallback  stm32f4xx_hal_tim.o
    0x080036f6   0x080036f6   0x00000002   PAD
    0x080036f8   0x080036f8   0x00000110   Code   RO         3840    i.HAL_TIM_OC_Init   stm32f4xx_hal_tim.o
    0x08003808   0x08003808   0x00000002   Code   RO         3842    i.HAL_TIM_OC_MspInit  stm32f4xx_hal_tim.o
    0x0800380a   0x0800380a   0x00000002   PAD
    0x0800380c   0x0800380c   0x0000022c   Code   RO         3859    i.HAL_TIM_PWM_ConfigChannel  stm32f4xx_hal_tim.o
    0x08003a38   0x08003a38   0x00000110   Code   RO         3862    i.HAL_TIM_PWM_Init  stm32f4xx_hal_tim.o
    0x08003b48   0x08003b48   0x00000024   Code   RO          393    i.HAL_TIM_PWM_MspInit  tim.o
    0x08003b6c   0x08003b6c   0x00000002   Code   RO         3865    i.HAL_TIM_PWM_PulseFinishedCallback  stm32f4xx_hal_tim.o
    0x08003b6e   0x08003b6e   0x00000002   PAD
    0x08003b70   0x08003b70   0x00000154   Code   RO         3869    i.HAL_TIM_PWM_Start_IT  stm32f4xx_hal_tim.o
    0x08003cc4   0x08003cc4   0x00000002   Code   RO         3873    i.HAL_TIM_PeriodElapsedCallback  stm32f4xx_hal_tim.o
    0x08003cc6   0x08003cc6   0x00000002   Code   RO         3878    i.HAL_TIM_TriggerCallback  stm32f4xx_hal_tim.o
    0x08003cc8   0x08003cc8   0x00000002   Code   RO         4891    i.HAL_UART_ErrorCallback  stm32f4xx_hal_uart.o
    0x08003cca   0x08003cca   0x00000002   PAD
    0x08003ccc   0x08003ccc   0x00000114   Code   RO         4894    i.HAL_UART_IRQHandler  stm32f4xx_hal_uart.o
    0x08003de0   0x08003de0   0x00000128   Code   RO         4895    i.HAL_UART_Init     stm32f4xx_hal_uart.o
    0x08003f08   0x08003f08   0x000000c0   Code   RO          484    i.HAL_UART_MspInit  usart.o
    0x08003fc8   0x08003fc8   0x00000002   Code   RO         4901    i.HAL_UART_RxCpltCallback  stm32f4xx_hal_uart.o
    0x08003fca   0x08003fca   0x00000002   Code   RO         4906    i.HAL_UART_TxCpltCallback  stm32f4xx_hal_uart.o
    0x08003fcc   0x08003fcc   0x00000002   Code   RO          539    i.HardFault_Handler  stm32f4xx_it.o
    0x08003fce   0x08003fce   0x00000002   PAD
    0x08003fd0   0x08003fd0   0x00000094   Code   RO          269    i.MX_ADC1_Init      adc.o
    0x08004064   0x08004064   0x0000002c   Code   RO          312    i.MX_DMA_Init       dma.o
    0x08004090   0x08004090   0x000000f8   Code   RO          239    i.MX_GPIO_Init      gpio.o
    0x08004188   0x08004188   0x00000048   Code   RO          339    i.MX_SPI1_Init      spi.o
    0x080041d0   0x080041d0   0x00000048   Code   RO          340    i.MX_SPI5_Init      spi.o
    0x08004218   0x08004218   0x00000064   Code   RO          394    i.MX_TIM10_Init     tim.o
    0x0800427c   0x0800427c   0x0000006c   Code   RO          395    i.MX_TIM1_Init      tim.o
    0x080042e8   0x080042e8   0x00000078   Code   RO          396    i.MX_TIM2_Init      tim.o
    0x08004360   0x08004360   0x000000a0   Code   RO          397    i.MX_TIM3_Init      tim.o
    0x08004400   0x08004400   0x000000a4   Code   RO          398    i.MX_TIM5_Init      tim.o
    0x080044a4   0x080044a4   0x00000038   Code   RO          485    i.MX_USART2_UART_Init  usart.o
    0x080044dc   0x080044dc   0x00000038   Code   RO          486    i.MX_USART6_UART_Init  usart.o
    0x08004514   0x08004514   0x00000002   Code   RO          540    i.MemManage_Handler  stm32f4xx_it.o
    0x08004516   0x08004516   0x00000002   Code   RO          541    i.NMI_Handler       stm32f4xx_it.o
    0x08004518   0x08004518   0x00000002   Code   RO          542    i.PendSV_Handler    stm32f4xx_it.o
    0x0800451a   0x0800451a   0x00000002   Code   RO          543    i.SVC_Handler       stm32f4xx_it.o
    0x0800451c   0x0800451c   0x0000000e   Code   RO          544    i.SysTick_Handler   stm32f4xx_it.o
    0x0800452a   0x0800452a   0x00000002   PAD
    0x0800452c   0x0800452c   0x00000054   Code   RO         5251    i.SystemInit        system_stm32f4xx.o
    0x08004580   0x08004580   0x0000001c   Code   RO          545    i.TIM1_UP_TIM10_IRQHandler  stm32f4xx_it.o
    0x0800459c   0x0800459c   0x0000000c   Code   RO          546    i.TIM3_IRQHandler   stm32f4xx_it.o
    0x080045a8   0x080045a8   0x0000000c   Code   RO          547    i.TIM5_IRQHandler   stm32f4xx_it.o
    0x080045b4   0x080045b4   0x00000098   Code   RO         3880    i.TIM_Base_SetConfig  stm32f4xx_hal_tim.o
    0x0800464c   0x0800464c   0x000000cc   Code   RO         3881    i.TIM_CCxChannelCmd  stm32f4xx_hal_tim.o
    0x08004718   0x08004718   0x00000014   Code   RO         3887    i.TIM_ETR_SetConfig  stm32f4xx_hal_tim.o
    0x0800472c   0x0800472c   0x000000d4   Code   RO         3888    i.TIM_OC2_SetConfig  stm32f4xx_hal_tim.o
    0x08004800   0x08004800   0x0000000c   Code   RO          548    i.USART6_IRQHandler  stm32f4xx_it.o
    0x0800480c   0x0800480c   0x00000002   Code   RO          549    i.UsageFault_Handler  stm32f4xx_it.o
    0x0800480e   0x0800480e   0x0000000e   Code   RO         1376    i._Z13RELAY_IO_Initv  x_nucleo_plc01a1.o
    0x0800481c   0x0800481c   0x00000028   Code   RO         1382    i._Z14BSP_Relay_Initv  x_nucleo_plc01a1.o
    0x08004844   0x08004844   0x0000000c   Code   RO         1383    i._Z15BSP_RELAY_Resetv  x_nucleo_plc01a1.o
    0x08004850   0x08004850   0x00000010   Code   RO         1385    i._Z15VNI8200XP_EnOutv  x_nucleo_plc01a1.o
    0x08004860   0x08004860   0x0000000c   Code   RO         1386    i._Z16BSP_RELAY_EN_Outv  x_nucleo_plc01a1.o
    0x0800486c   0x0800486c   0x00000004   Code   RO         1390    i._Z17VNI8200XP_IO_Initv  x_nucleo_plc01a1.o
    0x08004870   0x08004870   0x00000010   Code   RO         1391    i._Z17VNI8200XP_ResetItv  x_nucleo_plc01a1.o
    0x08004880   0x08004880   0x00000084   Code   RO           18    i._Z18SystemClock_Configv  main.o
    0x08004904   0x08004904   0x00000038   Code   RO         1394    i._Z19CLT01_38S_IO_Configv  x_nucleo_plc01a1.o
    0x0800493c   0x0800493c   0x0000000a   Code   RO         1396    i._Z19CLT01_38S_OtaStatusPh  x_nucleo_plc01a1.o
    0x08004946   0x08004946   0x0000000a   Code   RO         1397    i._Z19CLT01_38S_UvaStatusPh  x_nucleo_plc01a1.o
    0x08004950   0x08004950   0x0000005c   Code   RO         1398    i._Z19VNI8200XP_IO_Configv  x_nucleo_plc01a1.o
    0x080049ac   0x080049ac   0x00000002   Code   RO         1399    i._Z19VNI8200XP_IO_Deinitv  x_nucleo_plc01a1.o
    0x080049ae   0x080049ae   0x00000002   PAD
    0x080049b0   0x080049b0   0x00000038   Code   RO         1401    i._Z20CLT01_38S_GetInpDatav  x_nucleo_plc01a1.o
    0x080049e8   0x080049e8   0x0000000a   Code   RO         1402    i._Z20VNI8200XP_FbOkStatusPh  x_nucleo_plc01a1.o
    0x080049f2   0x080049f2   0x0000000a   Code   RO         1404    i._Z21VNI8200XP_FaultStatusPh  x_nucleo_plc01a1.o
    0x080049fc   0x080049fc   0x00000008   Code   RO         1405    i._Z22VNI8200XP_PcFailStatusPh  x_nucleo_plc01a1.o
    0x08004a04   0x08004a04   0x00000024   Code   RO         1406    i._Z23BSP_CurrentLimiter_Initv  x_nucleo_plc01a1.o
    0x08004a28   0x08004a28   0x0000000e   Code   RO         1407    i._Z23CURRENT_LIMITER_IO_Initv  x_nucleo_plc01a1.o
    0x08004a36   0x08004a36   0x00000002   PAD
    0x08004a38   0x08004a38   0x00000080   Code   RO         1409    i._Z24VNI8200XP_SendOutputDatah  x_nucleo_plc01a1.o
    0x08004ab8   0x08004ab8   0x0000005c   Code   RO         1410    i._Z25CLT01_38S_CommErrorStatusPh  x_nucleo_plc01a1.o
    0x08004b14   0x08004b14   0x00000068   Code   RO         1412    i._Z25VNI8200XP_CommErrorStatusPh  x_nucleo_plc01a1.o
    0x08004b7c   0x08004b7c   0x00000008   Code   RO         1413    i._Z25VNI8200XP_PowerGoodStatusPh  x_nucleo_plc01a1.o
    0x08004b84   0x08004b84   0x00000008   Code   RO         1415    i._Z27VNI8200XP_TempWarningStatusPh  x_nucleo_plc01a1.o
    0x08004b8c   0x08004b8c   0x000000d4   Code   RO          966    i._Z5setupv         pioneer_1.o
    0x08004c60   0x08004c60   0x00000096   Code   RO          693    i._ZN12StepperMotor3runE13ROT_DIRECTIONjj  motors.o
    0x08004cf6   0x08004cf6   0x00000012   Code   RO          990    i._ZN12StepperMotor7settingEjPKc8RUNSTATEjj  pioneer_1.o
    0x08004d08   0x08004d08   0x00000014   Code   RO         1114    i._ZN33_INTERNAL_11_clt01_38s_c_0223b06914CLT01_38S_InitEP27CURRENT_LIMITER_InitTypeDef  clt01_38s.o
    0x08004d1c   0x08004d1c   0x00000002   Code   RO         1115    i._ZN33_INTERNAL_11_clt01_38s_c_0223b06916CLT01_38S_DeinitEv  clt01_38s.o
    0x08004d1e   0x08004d1e   0x00000004   Code   RO         1116    i._ZN33_INTERNAL_11_clt01_38s_c_0223b06917CLT01_38S_GetDataEv  clt01_38s.o
    0x08004d22   0x08004d22   0x00000004   Code   RO         1117    i._ZN33_INTERNAL_11_clt01_38s_c_0223b06922CLT01_38S_GetOtaStatusEPh  clt01_38s.o
    0x08004d26   0x08004d26   0x00000004   Code   RO         1118    i._ZN33_INTERNAL_11_clt01_38s_c_0223b06922CLT01_38S_GetUvaStatusEPh  clt01_38s.o
    0x08004d2a   0x08004d2a   0x00000004   Code   RO         1119    i._ZN33_INTERNAL_11_clt01_38s_c_0223b06928CLT01_38S_GetCommErrorStatusEPh  clt01_38s.o
    0x08004d2e   0x08004d2e   0x00000014   Code   RO         1030    i._ZN33_INTERNAL_11_vni8200xp_c_a088d2fc14VNI8200XP_InitEP17RELAY_InitTypeDef  vni8200xp.o
    0x08004d42   0x08004d42   0x00000004   Code   RO         1031    i._ZN33_INTERNAL_11_vni8200xp_c_a088d2fc15VNI8200XP_ResetEv  vni8200xp.o
    0x08004d46   0x08004d46   0x00000004   Code   RO         1032    i._ZN33_INTERNAL_11_vni8200xp_c_a088d2fc16VNI8200XP_DeinitEv  vni8200xp.o
    0x08004d4a   0x08004d4a   0x00000004   Code   RO         1033    i._ZN33_INTERNAL_11_vni8200xp_c_a088d2fc19VNI8200XP_SetOutputEh  vni8200xp.o
    0x08004d4e   0x08004d4e   0x00000004   Code   RO         1034    i._ZN33_INTERNAL_11_vni8200xp_c_a088d2fc23VNI8200XP_EnableOutputsEv  vni8200xp.o
    0x08004d52   0x08004d52   0x00000004   Code   RO         1035    i._ZN33_INTERNAL_11_vni8200xp_c_a088d2fc23VNI8200XP_GetFbOkStatusEPh  vni8200xp.o
    0x08004d56   0x08004d56   0x00000004   Code   RO         1036    i._ZN33_INTERNAL_11_vni8200xp_c_a088d2fc25VNI8200XP_GetPcFailStatusEPh  vni8200xp.o
    0x08004d5a   0x08004d5a   0x00000004   Code   RO         1037    i._ZN33_INTERNAL_11_vni8200xp_c_a088d2fc26VNI8200XP_GetChFaultStatusEPh  vni8200xp.o
    0x08004d5e   0x08004d5e   0x00000004   Code   RO         1038    i._ZN33_INTERNAL_11_vni8200xp_c_a088d2fc28VNI8200XP_GetCommErrorStatusEPh  vni8200xp.o
    0x08004d62   0x08004d62   0x00000004   Code   RO         1039    i._ZN33_INTERNAL_11_vni8200xp_c_a088d2fc28VNI8200XP_GetPowerGoodStatusEPh  vni8200xp.o
    0x08004d66   0x08004d66   0x00000004   Code   RO         1040    i._ZN33_INTERNAL_11_vni8200xp_c_a088d2fc30VNI8200XP_GetTempWarningStatusEPh  vni8200xp.o
    0x08004d6a   0x08004d6a   0x00000002   PAD
    0x08004d6c   0x08004d6c   0x0000005c   Code   RO         1416    i._ZN40_INTERNAL_18_x_nucleo_plc01a1_c_ecf8d76514SPI_EXPBD_InitEv  x_nucleo_plc01a1.o
    0x08004dc8   0x08004dc8   0x00000078   Code   RO         1418    i._ZN40_INTERNAL_18_x_nucleo_plc01a1_c_ecf8d76517SPI_EXPBD_MspInitEv  x_nucleo_plc01a1.o
    0x08004e40   0x08004e40   0x00000178   Code   RO         1732    i._ZN41_INTERNAL_19_stm32f4xx_hal_adc_c_52ef8f508ADC_InitEP17ADC_HandleTypeDef  stm32f4xx_hal_adc.o
    0x08004fb8   0x08004fb8   0x00000054   Code   RO         2632    i._ZN41_INTERNAL_19_stm32f4xx_hal_dma_c_c25f65ec18DMA_CheckFifoParamEP19__DMA_HandleTypeDef  stm32f4xx_hal_dma.o
    0x0800500c   0x0800500c   0x00000028   Code   RO         2633    i._ZN41_INTERNAL_19_stm32f4xx_hal_dma_c_c25f65ec23DMA_CalcBaseAndBitshiftEP19__DMA_HandleTypeDef  stm32f4xx_hal_dma.o
    0x08005034   0x08005034   0x00000058   Code   RO         3463    i._ZN41_INTERNAL_19_stm32f4xx_hal_spi_c_5e7b22bd22SPI_EndRxTxTransactionEP19__SPI_HandleTypeDefjj  stm32f4xx_hal_spi.o
    0x0800508c   0x0800508c   0x00000094   Code   RO         3466    i._ZN41_INTERNAL_19_stm32f4xx_hal_spi_c_5e7b22bd29SPI_WaitFlagStateUntilTimeoutEP19__SPI_HandleTypeDefj10FlagStatusjj  stm32f4xx_hal_spi.o
    0x08005120   0x08005120   0x000000cc   Code   RO         3890    i._ZN41_INTERNAL_19_stm32f4xx_hal_tim_c_a9d95b5217TIM_OC1_SetConfigEP11TIM_TypeDefP18TIM_OC_InitTypeDef  stm32f4xx_hal_tim.o
    0x080051ec   0x080051ec   0x000000d4   Code   RO         3891    i._ZN41_INTERNAL_19_stm32f4xx_hal_tim_c_a9d95b5217TIM_OC3_SetConfigEP11TIM_TypeDefP18TIM_OC_InitTypeDef  stm32f4xx_hal_tim.o
    0x080052c0   0x080052c0   0x0000009c   Code   RO         3892    i._ZN41_INTERNAL_19_stm32f4xx_hal_tim_c_a9d95b5217TIM_OC4_SetConfigEP11TIM_TypeDefP18TIM_OC_InitTypeDef  stm32f4xx_hal_tim.o
    0x0800535c   0x0800535c   0x00000010   Code   RO         3895    i._ZN41_INTERNAL_19_stm32f4xx_hal_tim_c_a9d95b5218TIM_ITRx_SetConfigEP11TIM_TypeDefj  stm32f4xx_hal_tim.o
    0x0800536c   0x0800536c   0x00000022   Code   RO         3899    i._ZN41_INTERNAL_19_stm32f4xx_hal_tim_c_a9d95b5224TIM_TI1_ConfigInputStageEP11TIM_TypeDefjj  stm32f4xx_hal_tim.o
    0x0800538e   0x0800538e   0x00000024   Code   RO         3900    i._ZN41_INTERNAL_19_stm32f4xx_hal_tim_c_a9d95b5224TIM_TI2_ConfigInputStageEP11TIM_TypeDefjj  stm32f4xx_hal_tim.o
    0x080053b2   0x080053b2   0x00000002   PAD
    0x080053b4   0x080053b4   0x000001bc   Code   RO         4909    i._ZN42_INTERNAL_20_stm32f4xx_hal_uart_c_d497114f14UART_SetConfigEP20__UART_HandleTypeDef  stm32f4xx_hal_uart.o
    0x08005570   0x08005570   0x00000096   Code   RO         4910    i._ZN42_INTERNAL_20_stm32f4xx_hal_uart_c_d497114f15UART_Receive_ITEP20__UART_HandleTypeDef  stm32f4xx_hal_uart.o
    0x08005606   0x08005606   0x00000062   Code   RO         4911    i._ZN42_INTERNAL_20_stm32f4xx_hal_uart_c_d497114f16UART_Transmit_ITEP20__UART_HandleTypeDef  stm32f4xx_hal_uart.o
    0x08005668   0x08005668   0x0000001c   Code   RO         4914    i._ZN42_INTERNAL_20_stm32f4xx_hal_uart_c_d497114f18UART_EndRxTransferEP20__UART_HandleTypeDef  stm32f4xx_hal_uart.o
    0x08005684   0x08005684   0x00000010   Code   RO         4917    i._ZN42_INTERNAL_20_stm32f4xx_hal_uart_c_d497114f20UART_DMAAbortOnErrorEP19__DMA_HandleTypeDef  stm32f4xx_hal_uart.o
    0x08005694   0x08005694   0x00000020   Code   RO         2983    i._ZN44_INTERNAL_22_stm32f4xx_hal_cortex_c_2992dbc018__NVIC_SetPriorityE9IRQn_Typej  stm32f4xx_hal_cortex.o
    0x080056b4   0x080056b4   0x00000002   Code   RO           19    i.assert_failed     main.o
    0x080056b6   0x080056b6   0x0000001a   Code   RO         5491    i.fputc             c_w.l(fputc.o)
    0x080056d0   0x080056d0   0x00000060   Code   RO           20    i.main              main.o
    0x08005730   0x08005730   0x0000000a   Code   RO         5755    x$fpl$fpinit        fz_wm.l(fpinit.o)
    0x0800573a   0x0800573a   0x00000008   Data   RO         2649    .constdata          stm32f4xx_hal_dma.o
    0x08005742   0x08005742   0x00000010   Data   RO         5254    .constdata          system_stm32f4xx.o
    0x08005752   0x08005752   0x00000008   Data   RO         5255    .constdata          system_stm32f4xx.o
    0x0800575a   0x0800575a   0x00000004   Data   RO         5516    .constdata          c_w.l(sys_io.o)
    0x0800575e   0x0800575e   0x00000004   Data   RO         5517    .constdata          c_w.l(sys_io.o)
    0x08005762   0x08005762   0x00000004   Data   RO         5518    .constdata          c_w.l(sys_io.o)
    0x08005766   0x08005766   0x00000002   PAD
    0x08005768   0x08005768   0x00000020   Data   RO         5833    Region$$Table       anon$$obj.o


    Execution Region RW_IRAM1 (Exec base: 0x20000000, Load base: 0x08005788, Size: 0x00000bc0, Max: 0x00020000, ABSOLUTE)

    Exec Addr    Load Addr    Size         Type   Attr      Idx    E Section Name        Object

    0x20000000   0x08005788   0x00000001   Data   RW           31    .data               main.o
    0x20000001   0x08005789   0x00000003   PAD
    0x20000004   0x0800578c   0x00000020   Data   RW           32    .data               main.o
    0x20000024   0x080057ac   0x00000008   Data   RW          968    .data               pioneer_1.o
    0x2000002c   0x080057b4   0x0000002c   Data   RW         1052    .data               vni8200xp.o
    0x20000058   0x080057e0   0x00000018   Data   RW         1126    .data               clt01_38s.o
    0x20000070   0x080057f8   0x00000028   Data   RW         1465    .data               x_nucleo_plc01a1.o
    0x20000098   0x08005820   0x0000000c   Data   RW         3173    .data               stm32f4xx_hal.o
    0x200000a4   0x0800582c   0x00000004   Data   RW         5256    .data               system_stm32f4xx.o
    0x200000a8   0x08005830   0x00000004   Data   RW         5453    .data               c_w.l(stdio_streams.o)
    0x200000ac   0x08005834   0x00000004   Data   RW         5454    .data               c_w.l(stdio_streams.o)
    0x200000b0   0x08005838   0x00000004   Data   RW         5455    .data               c_w.l(stdio_streams.o)
    0x200000b4        -       0x000000a8   Zero   RW          273    .bss                adc.o
    0x2000015c        -       0x000000b0   Zero   RW          345    .bss                spi.o
    0x2000020c        -       0x00000140   Zero   RW          409    .bss                tim.o
    0x2000034c        -       0x00000080   Zero   RW          491    .bss                usart.o
    0x200003cc        -       0x00000098   Zero   RW         1464    .bss                x_nucleo_plc01a1.o
    0x20000464        -       0x00000054   Zero   RW         5450    .bss                c_w.l(stdio_streams.o)
    0x200004b8        -       0x00000054   Zero   RW         5451    .bss                c_w.l(stdio_streams.o)
    0x2000050c        -       0x00000054   Zero   RW         5452    .bss                c_w.l(stdio_streams.o)
    0x20000560        -       0x00000060   Zero   RW         5693    .bss                c_w.l(libspace.o)
    0x200005c0        -       0x00000200   Zero   RW            2    HEAP                startup_stm32f411xe.o
    0x200007c0        -       0x00000400   Zero   RW            1    STACK               startup_stm32f411xe.o


==============================================================================

Image component sizes


      Code (inc. data)   RO Data    RW Data    ZI Data      Debug   Object Name

       300         38          0          0        168       1831   adc.o
        38          0          0         24          0       4572   clt01_38s.o
        44          4          0          0          0        798   dma.o
       248         20          0          0          0       1027   gpio.o
       284         16          0         33          0     442211   main.o
       150          0          0          0          0       3084   motors.o
       230         64          0          8          0       5154   pioneer_1.o
       360         36          0          0        176       2462   spi.o
        64         26        408          0       1536        844   startup_stm32f411xe.o
       180         28          0         12          0       9289   stm32f4xx_hal.o
      1392        212          0          0          0       3099   stm32f4xx_hal_adc.o
       460        196          0          0          0      34103   stm32f4xx_hal_cortex.o
      1312         80          8          0          0       4863   stm32f4xx_hal_dma.o
       846        188          0          0          0       3752   stm32f4xx_hal_gpio.o
        52          4          0          0          0        890   stm32f4xx_hal_msp.o
      1920        184          0          0          0       5448   stm32f4xx_hal_rcc.o
      1250        140          0          0          0       5436   stm32f4xx_hal_spi.o
      4668        948          0          0          0      19175   stm32f4xx_hal_tim.o
       296         82          0          0          0       2545   stm32f4xx_hal_tim_ex.o
      1314        150          0          0          0       7587   stm32f4xx_hal_uart.o
       114         34          0          0          0       7066   stm32f4xx_it.o
        84         18         24          4          0       1203   system_stm32f4xx.o
      1024        108          0          0        320       5936   tim.o
       304         34          0          0        128       2459   usart.o
        60          0          0         44          0       8447   vni8200xp.o
       970        110          0         40        152      16816   x_nucleo_plc01a1.o

    ----------------------------------------------------------------------
     17990       2720        472        168       2480     600097   Object Totals
         0          0         32          0          0          0   (incl. Generated)
        26          0          0          3          0          0   (incl. Padding)

    ----------------------------------------------------------------------

      Code (inc. data)   RO Data    RW Data    ZI Data      Debug   Library Member Name

         8          0          0          0          0         68   __main.o
       104          0          0          0          0         84   __printf.o
         0          0          0          0          0          0   __rtentry.o
        12          0          0          0          0          0   __rtentry2.o
         6          0          0          0          0          0   __rtentry4.o
        52          8          0          0          0          0   __scatter.o
        26          0          0          0          0          0   __scatter_copy.o
        28          0          0          0          0          0   __scatter_zi.o
        44          0          0          0          0        108   _printf_char.o
        48          6          0          0          0         96   _printf_char_common.o
        36          4          0          0          0         80   _printf_char_file.o
         6          0          0          0          0          0   _printf_d.o
       120         16          0          0          0         92   _printf_dec.o
       178          0          0          0          0         88   _printf_intcommon.o
         0          0          0          0          0          0   _printf_percent.o
         4          0          0          0          0          0   _printf_percent_end.o
         6          0          0          0          0          0   _printf_s.o
        82          0          0          0          0         80   _printf_str.o
        10          0          0          0          0         68   defsig_exit.o
        50          0          0          0          0         88   defsig_general.o
        80         58          0          0          0         76   defsig_rtmem_inner.o
        14          0          0          0          0         80   defsig_rtmem_outer.o
        52         38          0          0          0         76   defsig_rtred_inner.o
        14          0          0          0          0         80   defsig_rtred_outer.o
        18          0          0          0          0         80   exit.o
        76          0          0          0          0         88   fclose.o
         8          0          0          0          0         68   ferror.o
       470          0          0          0          0         88   flsbuf.o
       236          4          0          0          0        128   fopen.o
        26          0          0          0          0         68   fputc.o
       248          6          0          0          0         84   fseek.o
        66          0          0          0          0         76   ftell.o
        94          0          0          0          0         80   h1_alloc.o
        52          0          0          0          0         68   h1_extend.o
        78          0          0          0          0         80   h1_free.o
        14          0          0          0          0         84   h1_init.o
         6          0          0          0          0        152   heapauxi.o
         4          0          0          0          0        136   hguard.o
         0          0          0          0          0          0   indicate_semi.o
       138          0          0          0          0        168   init_alloc.o
       312         46          0          0          0        112   initio.o
         2          0          0          0          0          0   libinit.o
        18          0          0          0          0          0   libinit2.o
         2          0          0          0          0          0   libshutdown.o
         6          0          0          0          0          0   libshutdown2.o
         8          4          0          0         96         68   libspace.o
       238          0          0          0          0        100   lludivv7m.o
         0          0          0          0          0          0   maybetermalloc1.o
        24          4          0          0          0         84   noretval__2printf.o
         8          4          0          0          0         68   rt_errno_addr_intlibspace.o
         8          4          0          0          0         68   rt_heap_descriptor_intlibspace.o
        78          0          0          0          0         80   rt_memclr_w.o
       100          0          0          0          0         80   rt_memcpy_w.o
         2          0          0          0          0          0   rtexit.o
        10          0          0          0          0          0   rtexit2.o
        70          0          0          0          0         80   setvbuf.o
       240          6          0          0          0        156   stdio.o
         0          0          0         12        252          0   stdio_streams.o
        62          0          0          0          0         76   strlen.o
        12          4          0          0          0         68   sys_exit.o
       102          0         12          0          0        240   sys_io.o
        74          0          0          0          0         80   sys_stackheap_outer.o
        14          0          0          0          0         76   sys_wrch.o
         2          0          0          0          0         68   use_no_semi.o
        10          0          0          0          0        116   fpinit.o

    ----------------------------------------------------------------------
      3932        212         14         12        348       4232   Library Totals
        16          0          2          0          0          0   (incl. Padding)

    ----------------------------------------------------------------------

      Code (inc. data)   RO Data    RW Data    ZI Data      Debug   Library Name

      3906        212         12         12        348       4116   c_w.l
        10          0          0          0          0        116   fz_wm.l

    ----------------------------------------------------------------------
      3932        212         14         12        348       4232   Library Totals

    ----------------------------------------------------------------------

==============================================================================


      Code (inc. data)   RO Data    RW Data    ZI Data      Debug   

     21922       2932        486        180       2828     587545   Grand Totals
     21922       2932        486        180       2828     587545   ELF Image Totals
     21922       2932        486        180          0          0   ROM Totals

==============================================================================

    Total RO  Size (Code + RO Data)                22408 (  21.88kB)
    Total RW  Size (RW Data + ZI Data)              3008 (   2.94kB)
    Total ROM Size (Code + RO Data + RW Data)      22588 (  22.06kB)

==============================================================================

