Component: ARM Compiler 5.06 update 6 (build 750) Tool: armlink [4d35ed]

==============================================================================

Section Cross References

    startup_stm32f411xe.o(RESET) refers to startup_stm32f411xe.o(STACK) for __initial_sp
    startup_stm32f411xe.o(RESET) refers to startup_stm32f411xe.o(.text) for Reset_Handler
    startup_stm32f411xe.o(RESET) refers to stm32f4xx_it.o(i.NMI_Handler) for NMI_Handler
    startup_stm32f411xe.o(RESET) refers to stm32f4xx_it.o(i.HardFault_Handler) for HardFault_Handler
    startup_stm32f411xe.o(RESET) refers to stm32f4xx_it.o(i.MemManage_Handler) for MemManage_Handler
    startup_stm32f411xe.o(RESET) refers to stm32f4xx_it.o(i.BusFault_Handler) for BusFault_Handler
    startup_stm32f411xe.o(RESET) refers to stm32f4xx_it.o(i.UsageFault_Handler) for UsageFault_Handler
    startup_stm32f411xe.o(RESET) refers to stm32f4xx_it.o(i.SVC_Handler) for SVC_Handler
    startup_stm32f411xe.o(RESET) refers to stm32f4xx_it.o(i.DebugMon_Handler) for DebugMon_Handler
    startup_stm32f411xe.o(RESET) refers to stm32f4xx_it.o(i.PendSV_Handler) for PendSV_Handler
    startup_stm32f411xe.o(RESET) refers to stm32f4xx_it.o(i.SysTick_Handler) for SysTick_Handler
    startup_stm32f411xe.o(RESET) refers to stm32f4xx_it.o(i.TIM1_UP_TIM10_IRQHandler) for TIM1_UP_TIM10_IRQHandler
    startup_stm32f411xe.o(RESET) refers to stm32f4xx_it.o(i.TIM3_IRQHandler) for TIM3_IRQHandler
    startup_stm32f411xe.o(RESET) refers to stm32f4xx_it.o(i.EXTI15_10_IRQHandler) for EXTI15_10_IRQHandler
    startup_stm32f411xe.o(RESET) refers to stm32f4xx_it.o(i.TIM5_IRQHandler) for TIM5_IRQHandler
    startup_stm32f411xe.o(RESET) refers to stm32f4xx_it.o(i.DMA2_Stream0_IRQHandler) for DMA2_Stream0_IRQHandler
    startup_stm32f411xe.o(RESET) refers to stm32f4xx_it.o(i.USART6_IRQHandler) for USART6_IRQHandler
    startup_stm32f411xe.o(.text) refers to system_stm32f4xx.o(i.SystemInit) for SystemInit
    startup_stm32f411xe.o(.text) refers to entry.o(.ARM.Collect$$$$00000000) for __main
    ili9225.o(i.BSP_LCD_DrawBitmap) refers to ili9225.o(i.ILI9225_lcdDrawPixel) for ILI9225_lcdDrawPixel
    ili9225.o(i.DelayMicro) refers to system_stm32f4xx.o(.data) for SystemCoreClock
    ili9225.o(i.ILI9225_Address_set) refers to ili9225.o(i.ILI9225_WriteCommand16) for ILI9225_WriteCommand16
    ili9225.o(i.ILI9225_Address_set) refers to ili9225.o(i.ILI9225_WriteCommand) for ILI9225_WriteCommand
    ili9225.o(i.ILI9225_LCD_Clear) refers to stm32f4xx_hal_gpio.o(i.HAL_GPIO_WritePin) for HAL_GPIO_WritePin
    ili9225.o(i.ILI9225_LCD_Clear) refers to ili9225.o(i.DelayMicro) for DelayMicro
    ili9225.o(i.ILI9225_LCD_Clear) refers to ili9225.o(i.ILI9225_setWindow) for ILI9225_setWindow
    ili9225.o(i.ILI9225_LCD_Clear) refers to ili9225.o(i.ILI9225_WriteData) for ILI9225_WriteData
    ili9225.o(i.ILI9225_WriteCommand) refers to stm32f4xx_hal_gpio.o(i.HAL_GPIO_WritePin) for HAL_GPIO_WritePin
    ili9225.o(i.ILI9225_WriteCommand) refers to stm32f4xx_hal_spi.o(i.HAL_SPI_Transmit) for HAL_SPI_Transmit
    ili9225.o(i.ILI9225_WriteCommand) refers to spi.o(.bss) for hspi5
    ili9225.o(i.ILI9225_WriteCommand16) refers to stm32f4xx_hal_gpio.o(i.HAL_GPIO_WritePin) for HAL_GPIO_WritePin
    ili9225.o(i.ILI9225_WriteCommand16) refers to stm32f4xx_hal_spi.o(i.HAL_SPI_Transmit) for HAL_SPI_Transmit
    ili9225.o(i.ILI9225_WriteCommand16) refers to spi.o(.bss) for hspi5
    ili9225.o(i.ILI9225_WriteCommandFull16) refers to stm32f4xx_hal_gpio.o(i.HAL_GPIO_WritePin) for HAL_GPIO_WritePin
    ili9225.o(i.ILI9225_WriteCommandFull16) refers to stm32f4xx_hal_spi.o(i.HAL_SPI_Transmit) for HAL_SPI_Transmit
    ili9225.o(i.ILI9225_WriteCommandFull16) refers to spi.o(.bss) for hspi5
    ili9225.o(i.ILI9225_WriteData) refers to stm32f4xx_hal_gpio.o(i.HAL_GPIO_WritePin) for HAL_GPIO_WritePin
    ili9225.o(i.ILI9225_WriteData) refers to stm32f4xx_hal_spi.o(i.HAL_SPI_Transmit) for HAL_SPI_Transmit
    ili9225.o(i.ILI9225_WriteData) refers to spi.o(.bss) for hspi5
    ili9225.o(i.ILI9225_WriteData16) refers to stm32f4xx_hal_gpio.o(i.HAL_GPIO_WritePin) for HAL_GPIO_WritePin
    ili9225.o(i.ILI9225_WriteData16) refers to stm32f4xx_hal_spi.o(i.HAL_SPI_Transmit) for HAL_SPI_Transmit
    ili9225.o(i.ILI9225_WriteData16) refers to spi.o(.bss) for hspi5
    ili9225.o(i.ILI9225_clear) refers to ili9225.o(i.ILI9225_setOrientation) for ILI9225_setOrientation
    ili9225.o(i.ILI9225_clear) refers to ili9225.o(i.ILI9225_fillRectangle) for ILI9225_fillRectangle
    ili9225.o(i.ILI9225_clear) refers to ili9225.o(i.DelayMicro) for DelayMicro
    ili9225.o(i.ILI9225_drawChar) refers to memseta.o(.text) for __aeabi_memclr4
    ili9225.o(i.ILI9225_drawChar) refers to ili9225.o(i.ILI9225_lcdDrawPixel) for ILI9225_lcdDrawPixel
    ili9225.o(i.ILI9225_drawChar) refers to ili9225.o(.constdata) for .constdata
    ili9225.o(i.ILI9225_drawCircle) refers to ili9225.o(i.ILI9225_lcdDrawPixel) for ILI9225_lcdDrawPixel
[...]
    i.RNK_CHECK_MODE_TOGGLE                  0x080056d8   Section        0  rnk.o(i.RNK_CHECK_MODE_TOGGLE)
    i.RNK_CHECK_UPPER_BUTTON                 0x08005704   Section        0  rnk.o(i.RNK_CHECK_UPPER_BUTTON)
    i.RNK_CheckChange                        0x08005730   Section        0  rnk.o(i.RNK_CheckChange)
    RNK_CheckChange                          0x08005731   Thumb Code   484  rnk.o(i.RNK_CheckChange)
    i.RNK_GO_FEED                            0x08005928   Section        0  rnk.o(i.RNK_GO_FEED)
    i.RNK_GO_SERVO                           0x08005980   Section        0  rnk.o(i.RNK_GO_SERVO)
    i.RNK_GO_STROT                           0x080059c4   Section        0  rnk.o(i.RNK_GO_STROT)
    i.RNK_GetCommands                        0x08005a24   Section        0  rnk.o(i.RNK_GetCommands)
    RNK_GetCommands                          0x08005a25   Thumb Code   350  rnk.o(i.RNK_GetCommands)
    i.RNK_Initialization                     0x08005b98   Section        0  rnk.o(i.RNK_Initialization)
    i.RNK_LIMITFEED                          0x08005bec   Section        0  rnk.o(i.RNK_LIMITFEED)
    RNK_LIMITFEED                            0x08005bed   Thumb Code    24  rnk.o(i.RNK_LIMITFEED)
    i.RNK_STOP_FEED                          0x08005c08   Section        0  rnk.o(i.RNK_STOP_FEED)
    i.RNK_STOP_SERVO                         0x08005c28   Section        0  rnk.o(i.RNK_STOP_SERVO)
    i.RNK_STOP_STROT                         0x08005c48   Section        0  rnk.o(i.RNK_STOP_STROT)
    i.SEND_DATA                              0x08005c6c   Section        0  pioneer.o(i.SEND_DATA)
    i.SPI_EXPBD_Init                         0x08005c9c   Section        0  x_nucleo_plc01a1.o(i.SPI_EXPBD_Init)
    SPI_EXPBD_Init                           0x08005c9d   Thumb Code    82  x_nucleo_plc01a1.o(i.SPI_EXPBD_Init)
    i.SPI_EXPBD_MspInit                      0x08005cf8   Section        0  x_nucleo_plc01a1.o(i.SPI_EXPBD_MspInit)
    SPI_EXPBD_MspInit                        0x08005cf9   Thumb Code   110  x_nucleo_plc01a1.o(i.SPI_EXPBD_MspInit)
    i.SPI_EndRxTxTransaction                 0x08005d70   Section        0  stm32f4xx_hal_spi.o(i.SPI_EndRxTxTransaction)
    SPI_EndRxTxTransaction                   0x08005d71   Thumb Code    80  stm32f4xx_hal_spi.o(i.SPI_EndRxTxTransaction)
    i.SPI_WaitFlagStateUntilTimeout          0x08005dc8   Section        0  stm32f4xx_hal_spi.o(i.SPI_WaitFlagStateUntilTimeout)
    SPI_WaitFlagStateUntilTimeout            0x08005dc9   Thumb Code   148  stm32f4xx_hal_spi.o(i.SPI_WaitFlagStateUntilTimeout)
    i.SVC_Handler                            0x08005e5c   Section        0  stm32f4xx_it.o(i.SVC_Handler)
    i.SysTick_Handler                        0x08005e5e   Section        0  stm32f4xx_it.o(i.SysTick_Handler)
    i.SystemClock_Config                     0x08005e6c   Section        0  main.o(i.SystemClock_Config)
    i.SystemInit                             0x08005ef0   Section        0  system_stm32f4xx.o(i.SystemInit)
    i.TIM1_UP_TIM10_IRQHandler               0x08005f44   Section        0  stm32f4xx_it.o(i.TIM1_UP_TIM10_IRQHandler)
    i.TIM3_IRQHandler                        0x08005f60   Section        0  stm32f4xx_it.o(i.TIM3_IRQHandler)
    i.TIM5_IRQHandler                        0x08005f6c   Section        0  stm32f4xx_it.o(i.TIM5_IRQHandler)
    i.TIM_Base_SetConfig                     0x08005f78   Section        0  stm32f4xx_hal_tim.o(i.TIM_Base_SetConfig)
    i.TIM_CCxChannelCmd                      0x08006010   Section        0  stm32f4xx_hal_tim.o(i.TIM_CCxChannelCmd)
    i.TIM_ETR_SetConfig                      0x080060dc   Section        0  stm32f4xx_hal_tim.o(i.TIM_ETR_SetConfig)
    i.TIM_ITRx_SetConfig                     0x080060f0   Section        0  stm32f4xx_hal_tim.o(i.TIM_ITRx_SetConfig)
    TIM_ITRx_SetConfig                       0x080060f1   Thumb Code    16  stm32f4xx_hal_tim.o(i.TIM_ITRx_SetConfig)
    i.TIM_OC1_SetConfig                      0x08006100   Section        0  stm32f4xx_hal_tim.o(i.TIM_OC1_SetConfig)
    TIM_OC1_SetConfig                        0x08006101   Thumb Code   144  stm32f4xx_hal_tim.o(i.TIM_OC1_SetConfig)
    i.TIM_OC2_SetConfig                      0x080061cc   Section        0  stm32f4xx_hal_tim.o(i.TIM_OC2_SetConfig)
    i.TIM_OC3_SetConfig                      0x080062a0   Section        0  stm32f4xx_hal_tim.o(i.TIM_OC3_SetConfig)
    TIM_OC3_SetConfig                        0x080062a1   Thumb Code   152  stm32f4xx_hal_tim.o(i.TIM_OC3_SetConfig)
    i.TIM_OC4_SetConfig                      0x08006374   Section        0  stm32f4xx_hal_tim.o(i.TIM_OC4_SetConfig)
    TIM_OC4_SetConfig                        0x08006375   Thumb Code    94  stm32f4xx_hal_tim.o(i.TIM_OC4_SetConfig)
    i.TIM_TI1_ConfigInputStage               0x08006410   Section        0  stm32f4xx_hal_tim.o(i.TIM_TI1_ConfigInputStage)
    TIM_TI1_ConfigInputStage                 0x08006411   Thumb Code    34  stm32f4xx_hal_tim.o(i.TIM_TI1_ConfigInputStage)
    i.TIM_TI2_ConfigInputStage               0x08006432   Section        0  stm32f4xx_hal_tim.o(i.TIM_TI2_ConfigInputStage)
    TIM_TI2_ConfigInputStage                 0x08006433   Thumb Code    36  stm32f4xx_hal_tim.o(i.TIM_TI2_ConfigInputStage)
    i.UART_DMAAbortOnError                   0x08006456   Section        0  stm32f4xx_hal_uart.o(i.UART_DMAAbortOnError)
    UART_DMAAbortOnError                     0x08006457   Thumb Code    16  stm32f4xx_hal_uart.o(i.UART_DMAAbortOnError)
    i.UART_EndRxTransfer                     0x08006466   Section        0  stm32f4xx_hal_uart.o(i.UART_EndRxTransfer)
    UART_EndRxTransfer                       0x08006467   Thumb Code    28  stm32f4xx_hal_uart.o(i.UART_EndRxTransfer)
    i.UART_Receive_IT                        0x08006482   Section        0  stm32f4xx_hal_uart.o(i.UART_Receive_IT)
    UART_Receive_IT                          0x08006483   Thumb Code   150  stm32f4xx_hal_uart.o(i.UART_Receive_IT)
    i.UART_SetConfig                         0x08006518   Section        0  stm32f4xx_hal_uart.o(i.UART_SetConfig)
    UART_SetConfig                           0x08006519   Thumb Code   372  stm32f4xx_hal_uart.o(i.UART_SetConfig)
    i.UART_Transmit_IT                       0x080066d4   Section        0  stm32f4xx_hal_uart.o(i.UART_Transmit_IT)
    UART_Transmit_IT                         0x080066d5   Thumb Code    98  stm32f4xx_hal_uart.o(i.UART_Transmit_IT)
    i.UART_WaitOnFlagUntilTimeout            0x08006736   Section        0  stm32f4xx_hal_uart.o(i.UART_WaitOnFlagUntilTimeout)
    UART_WaitOnFlagUntilTimeout              0x08006737   Thumb Code   100  stm32f4xx_hal_uart.o(i.UART_WaitOnFlagUntilTimeout)
    i.USART6_IRQHandler                      0x0800679c   Section        0  stm32f4xx_it.o(i.USART6_IRQHandler)
    i.UsageFault_Handler                     0x080067a8   Section        0  stm32f4xx_it.o(i.UsageFault_Handler)
    i.VNI8200XP_CommErrorStatus              0x080067ac   Section        0  x_nucleo_plc01a1.o(i.VNI8200XP_CommErrorStatus)
    i.VNI8200XP_Deinit                       0x08006814   Section        0  vni8200xp.o(i.VNI8200XP_Deinit)
    VNI8200XP_Deinit                         0x08006815   Thumb Code     4  vni8200xp.o(i.VNI8200XP_Deinit)
    i.VNI8200XP_EnOut                        0x08006818   Section        0  x_nucleo_plc01a1.o(i.VNI8200XP_EnOut)
    i.VNI8200XP_EnableOutputs                0x08006828   Section        0  vni8200xp.o(i.VNI8200XP_EnableOutputs)
    VNI8200XP_EnableOutputs                  0x08006829   Thumb Code     4  vni8200xp.o(i.VNI8200XP_EnableOutputs)
    i.VNI8200XP_FaultStatus                  0x0800682c   Section        0  x_nucleo_plc01a1.o(i.VNI8200XP_FaultStatus)
    i.VNI8200XP_FbOkStatus                   0x08006836   Section        0  x_nucleo_plc01a1.o(i.VNI8200XP_FbOkStatus)
    i.VNI8200XP_GetChFaultStatus             0x08006840   Section        0  vni8200xp.o(i.VNI8200XP_GetChFaultStatus)
    VNI8200XP_GetChFaultStatus               0x08006841   Thumb Code     4  vni8200xp.o(i.VNI8200XP_GetChFaultStatus)
    i.VNI8200XP_GetCommErrorStatus           0x08006844   Section        0  vni8200xp.o(i.VNI8200XP_GetCommErrorStatus)
    VNI8200XP_GetCommErrorStatus             0x08006845   Thumb Code     4  vni8200xp.o(i.VNI8200XP_GetCommErrorStatus)
    i.VNI8200XP_GetFbOkStatus                0x08006848   Section        0  vni8200xp.o(i.VNI8200XP_GetFbOkStatus)
    VNI8200XP_GetFbOkStatus                  0x08006849   Thumb Code     4  vni8200xp.o(i.VNI8200XP_GetFbOkStatus)
    i.VNI8200XP_GetPcFailStatus              0x0800684c   Section        0  vni8200xp.o(i.VNI8200XP_GetPcFailStatus)
    VNI8200XP_GetPcFailStatus                0x0800684d   Thumb Code     4  vni8200xp.o(i.VNI8200XP_GetPcFailStatus)
    i.VNI8200XP_GetPowerGoodStatus           0x08006850   Section        0  vni8200xp.o(i.VNI8200XP_GetPowerGoodStatus)
    VNI8200XP_GetPowerGoodStatus             0x08006851   Thumb Code     4  vni8200xp.o(i.VNI8200XP_GetPowerGoodStatus)
    i.VNI8200XP_GetTempWarningStatus         0x08006854   Section        0  vni8200xp.o(i.VNI8200XP_GetTempWarningStatus)
    VNI8200XP_GetTempWarningStatus           0x08006855   Thumb Code     4  vni8200xp.o(i.VNI8200XP_GetTempWarningStatus)
    i.VNI8200XP_IO_Config                    0x08006858   Section        0  x_nucleo_plc01a1.o(i.VNI8200XP_IO_Config)
    i.VNI8200XP_IO_Deinit                    0x080068b4   Section        0  x_nucleo_plc01a1.o(i.VNI8200XP_IO_Deinit)
    i.VNI8200XP_IO_Init                      0x080068b6   Section        0  x_nucleo_plc01a1.o(i.VNI8200XP_IO_Init)
    i.VNI8200XP_Init                         0x080068ba   Section        0  vni8200xp.o(i.VNI8200XP_Init)
    VNI8200XP_Init                           0x080068bb   Thumb Code    20  vni8200xp.o(i.VNI8200XP_Init)
    i.VNI8200XP_PcFailStatus                 0x080068ce   Section        0  x_nucleo_plc01a1.o(i.VNI8200XP_PcFailStatus)
    i.VNI8200XP_PowerGoodStatus              0x080068d6   Section        0  x_nucleo_plc01a1.o(i.VNI8200XP_PowerGoodStatus)
    i.VNI8200XP_Reset                        0x080068de   Section        0  vni8200xp.o(i.VNI8200XP_Reset)
    VNI8200XP_Reset                          0x080068df   Thumb Code     4  vni8200xp.o(i.VNI8200XP_Reset)
    i.VNI8200XP_ResetIt                      0x080068e4   Section        0  x_nucleo_plc01a1.o(i.VNI8200XP_ResetIt)
    i.VNI8200XP_SendOutputData               0x080068f4   Section        0  x_nucleo_plc01a1.o(i.VNI8200XP_SendOutputData)
    i.VNI8200XP_SetOutput                    0x08006974   Section        0  vni8200xp.o(i.VNI8200XP_SetOutput)
    VNI8200XP_SetOutput                      0x08006975   Thumb Code     4  vni8200xp.o(i.VNI8200XP_SetOutput)
    i.VNI8200XP_TempWarningStatus            0x08006978   Section        0  x_nucleo_plc01a1.o(i.VNI8200XP_TempWarningStatus)
    i.__0sprintf$3                           0x08006980   Section        0  printf3.o(i.__0sprintf$3)
    i.__NVIC_SetPriority                     0x080069a8   Section        0  stm32f4xx_hal_cortex.o(i.__NVIC_SetPriority)
    __NVIC_SetPriority                       0x080069a9   Thumb Code    32  stm32f4xx_hal_cortex.o(i.__NVIC_SetPriority)
    i.__scatterload_copy                     0x080069c8   Section       14  handlers.o(i.__scatterload_copy)
    i.__scatterload_null                     0x080069d6   Section        2  handlers.o(i.__scatterload_null)
    i.__scatterload_zeroinit                 0x080069d8   Section       14  handlers.o(i.__scatterload_zeroinit)
    i._printf_core                           0x080069e8   Section        0  printf3.o(i._printf_core)
    _printf_core                             0x080069e9   Thumb Code   436  printf3.o(i._printf_core)
    i._sputc                                 0x08006ba0   Section        0  printf3.o(i._sputc)
    _sputc                                   0x08006ba1   Thumb Code    10  printf3.o(i._sputc)
    i.assert_failed                          0x08006baa   Section        0  main.o(i.assert_failed)
    i.main                                   0x08006bac   Section        0  main.o(i.main)
    .constdata                               0x08006c38   Section     5724  ili9225.o(.constdata)
    .constdata                               0x08008294   Section        8  stm32f4xx_hal_dma.o(.constdata)
    flagBitshiftOffset                       0x08008294   Data           8  stm32f4xx_hal_dma.o(.constdata)
    .constdata                               0x0800829c   Section       16  system_stm32f4xx.o(.constdata)
    .constdata                               0x080082ac   Section        8  system_stm32f4xx.o(.constdata)
    .data                                    0x20000000   Section       16  ili9225.o(.data)
    HEIGHT                                   0x20000008   Data           4  ili9225.o(.data)
    WIDTH                                    0x2000000c   Data           4  ili9225.o(.data)
    .data                                    0x20000010   Section    77212  pioneer.o(.data)
    output                                   0x20000010   Data           1  pioneer.o(.data)
    Steps                                    0x20000011   Data           1  pioneer.o(.data)
    feedrate_average                         0x20000012   Data           1  pioneer.o(.data)
    motionrate_average                       0x20000014   Data           1  pioneer.o(.data)
    eStPioneer                               0x20000016   Data           1  pioneer.o(.data)
    foutput                                  0x20000020   Data           4  pioneer.o(.data)
    feedrate                                 0x20000024   Data           4  pioneer.o(.data)
    feedrate_sum                             0x20000028   Data           4  pioneer.o(.data)
    DIFFERENCE_FEEDRATE                      0x2000002c   Data           4  pioneer.o(.data)
    motionrate                               0x20000030   Data           4  pioneer.o(.data)
    motionrate_sum                           0x20000034   Data           4  pioneer.o(.data)
    DIFFERENCE_MOTIONRATE                    0x20000038   Data           4  pioneer.o(.data)
    temperature                              0x2000003c   Data           4  pioneer.o(.data)
    clData                                   0x20000040   Data           4  pioneer.o(.data)
    Current_Limiter_Status                   0x20000044   Data           4  pioneer.o(.data)
    clData                                   0x20000048   Data           4  pioneer.o(.data)
    Current_Limiter_Status                   0x2000004c   Data           4  pioneer.o(.data)
    clData                                   0x20000050   Data           4  pioneer.o(.data)
    Current_Limiter_Status                   0x20000054   Data           4  pioneer.o(.data)
    clData                                   0x20000058   Data           4  pioneer.o(.data)
    Current_Limiter_Status                   0x2000005c   Data           4  pioneer.o(.data)
    Input_Data                               0x20000060   Data           4  pioneer.o(.data)
    RStatus                                  0x20000064   Data           4  pioneer.o(.data)
    ADC_Data                                 0x20000078   Data           8  pioneer.o(.data)
    .data                                    0x20012dac   Section        1  main.o(.data)
    t                                        0x20012dac   Data           1  main.o(.data)
    .data                                    0x20012db0   Section       32  main.o(.data)
    INPUT_READ_FLAG                          0x20012db0   Data           1  main.o(.data)
    Tick_10                                  0x20012db1   Data           1  main.o(.data)
    oData                                    0x20012db2   Data           1  main.o(.data)
    WD_Reset                                 0x20012db4   Data           2  main.o(.data)
    f                                        0x20012db8   Data           4  main.o(.data)
    FreezeTime                               0x20012dbc   Data           4  main.o(.data)
    clData                                   0x20012dc0   Data           4  main.o(.data)
    Input_Data                               0x20012dc4   Data           4  main.o(.data)
    Relay_Status                             0x20012dc8   Data           4  main.o(.data)
    Current_Limiter_Status                   0x20012dcc   Data           4  main.o(.data)
    .data                                    0x20012dd0   Section      100  rnk.o(.data)
    Steps                                    0x20012dd0   Data           1  rnk.o(.data)
    output                                   0x20012dd1   Data           1  rnk.o(.data)
    potrateUpper_average                     0x20012dd2   Data           1  rnk.o(.data)
    potrateLower_average                     0x20012dd3   Data           1  rnk.o(.data)
    foutput                                  0x20012dd8   Data           4  rnk.o(.data)
    RNK_InitialTime                          0x20012ddc   Data           4  rnk.o(.data)
    rotaterate                               0x20012de0   Data           4  rnk.o(.data)
    motionrate                               0x20012de4   Data           4  rnk.o(.data)
    feedrate                                 0x20012de8   Data           4  rnk.o(.data)
    potrateUpper_sum                         0x20012dec   Data           4  rnk.o(.data)
    DIFFERENCE_POTRATEUPPER                  0x20012df0   Data           4  rnk.o(.data)
    potrateLower_sum                         0x20012df4   Data           4  rnk.o(.data)
    DIFFERENCE_POTRATELOWER                  0x20012df8   Data           4  rnk.o(.data)
    clData                                   0x20012dfc   Data           4  rnk.o(.data)
    Current_Limiter_Status                   0x20012e00   Data           4  rnk.o(.data)
    clData                                   0x20012e04   Data           4  rnk.o(.data)
    Current_Limiter_Status                   0x20012e08   Data           4  rnk.o(.data)
    clData                                   0x20012e0c   Data           4  rnk.o(.data)
    Current_Limiter_Status                   0x20012e10   Data           4  rnk.o(.data)
    clData                                   0x20012e14   Data           4  rnk.o(.data)
    Current_Limiter_Status                   0x20012e18   Data           4  rnk.o(.data)
    clData                                   0x20012e1c   Data           4  rnk.o(.data)
    Current_Limiter_Status                   0x20012e20   Data           4  rnk.o(.data)
    Input_Data                               0x20012e24   Data           4  rnk.o(.data)
    RStatus                                  0x20012e28   Data           4  rnk.o(.data)
    RNK_ADC_Data                             0x20012e2c   Data           8  rnk.o(.data)
    .data                                    0x20012e34   Section       44  vni8200xp.o(.data)
    .data                                    0x20012e60   Section       24  clt01_38s.o(.data)
    .data                                    0x20012e78   Section       40  x_nucleo_plc01a1.o(.data)
    inputChannelsOn                          0x20012e78   Data           1  x_nucleo_plc01a1.o(.data)
    count                                    0x20012e79   Data           1  x_nucleo_plc01a1.o(.data)
    P0                                       0x20012e7a   Data           1  x_nucleo_plc01a1.o(.data)
    P1                                       0x20012e7b   Data           1  x_nucleo_plc01a1.o(.data)
    P2                                       0x20012e7c   Data           1  x_nucleo_plc01a1.o(.data)
    nP0                                      0x20012e7d   Data           1  x_nucleo_plc01a1.o(.data)
    parityData                               0x20012e7e   Data           1  x_nucleo_plc01a1.o(.data)
    PC1                                      0x20012e7f   Data           1  x_nucleo_plc01a1.o(.data)
    PC2                                      0x20012e80   Data           1  x_nucleo_plc01a1.o(.data)
    PC3                                      0x20012e81   Data           1  x_nucleo_plc01a1.o(.data)
    PC4                                      0x20012e82   Data           1  x_nucleo_plc01a1.o(.data)
    parityCalcData                           0x20012e83   Data           1  x_nucleo_plc01a1.o(.data)
    txData                                   0x20012e84   Data           2  x_nucleo_plc01a1.o(.data)
    rxData                                   0x20012e86   Data           2  x_nucleo_plc01a1.o(.data)
    P0                                       0x20012e88   Data           2  x_nucleo_plc01a1.o(.data)
    P1                                       0x20012e8a   Data           2  x_nucleo_plc01a1.o(.data)
    P2                                       0x20012e8c   Data           2  x_nucleo_plc01a1.o(.data)
    nP0                                      0x20012e8e   Data           2  x_nucleo_plc01a1.o(.data)
    tempStatusData                           0x20012e90   Data           2  x_nucleo_plc01a1.o(.data)
    parityCalcData                           0x20012e92   Data           2  x_nucleo_plc01a1.o(.data)
    txData                                   0x20012e94   Data           2  x_nucleo_plc01a1.o(.data)
    rxData                                   0x20012e96   Data           2  x_nucleo_plc01a1.o(.data)
    RelayDrv                                 0x20012e98   Data           4  x_nucleo_plc01a1.o(.data)
    CurrentLimiterDrv                        0x20012e9c   Data           4  x_nucleo_plc01a1.o(.data)
    .data                                    0x20012ea0   Section       12  stm32f4xx_hal.o(.data)
    .data                                    0x20012eac   Section        4  system_stm32f4xx.o(.data)
    .bss                                     0x20012eb0   Section      836  pioneer.o(.bss)
    PIONEER                                  0x20012ebc   Data          12  pioneer.o(.bss)
    PIONEER_Past                             0x20012ec8   Data          12  pioneer.o(.bss)
    motionrate_fifo_100                      0x20012ed4   Data         400  pioneer.o(.bss)
    feedrate_fifo_100                        0x20013064   Data         400  pioneer.o(.bss)
    .bss                                     0x200131f4   Section      168  adc.o(.bss)
    .bss                                     0x2001329c   Section      176  spi.o(.bss)
    .bss                                     0x2001334c   Section      320  tim.o(.bss)
    .bss                                     0x2001348c   Section      128  usart.o(.bss)
    .bss                                     0x2001350c   Section      884  rnk.o(.bss)
    RNK_ST                                   0x2001350c   Data          36  rnk.o(.bss)
    RNK_ST_PAST                              0x20013530   Data          36  rnk.o(.bss)
    potrateLower_fifo_100                    0x20013560   Data         400  rnk.o(.bss)
    potrateUpper_fifo_100                    0x200136f0   Data         400  rnk.o(.bss)
    .bss                                     0x20013880   Section      152  x_nucleo_plc01a1.o(.bss)
    SPI_EXPBD_Handle                         0x20013880   Data          88  x_nucleo_plc01a1.o(.bss)
    STACK                                    0x20013918   Section     1024  startup_stm32f411xe.o(STACK)

    Global Symbols

    Symbol Name                              Value     Ov Type        Size  Object(Section)

    BuildAttributes$$THM_ISAv4$E$P$D$K$B$S$7EM$VFPi3$EXTD16$VFPS$VFMA$PE$A:L22UL41UL21$X:L11$S22US41US21$IEEE1$IW$USESV6$~STKCKD$USESV7$~SHL$OTIME$ROPI$IEEEJ$EBA8$MICROLIB$REQ8$PRES8$EABIv2 0x00000000   Number         0  anon$$obj.o ABSOLUTE
    __ARM_use_no_argv                        0x00000000   Number         0  main.o ABSOLUTE
    _printf_a                                0x00000000   Number         0  stubs.o ABSOLUTE
    _printf_c                                0x00000000   Number         0  stubs.o ABSOLUTE
    _printf_charcount                        0x00000000   Number         0  stubs.o ABSOLUTE
    _printf_d                                0x00000000   Number         0  stubs.o ABSOLUTE
    _printf_e                                0x00000000   Number         0  stubs.o ABSOLUTE
    _printf_f                                0x00000000   Number         0  stubs.o ABSOLUTE
    _printf_flags                            0x00000000   Number         0  stubs.o ABSOLUTE
    _printf_fp_dec                           0x00000000   Number         0  stubs.o ABSOLUTE
    _printf_fp_hex                           0x00000000   Number         0  stubs.o ABSOLUTE
    _printf_g                                0x00000000   Number         0  stubs.o ABSOLUTE
    _printf_i                                0x00000000   Number         0  stubs.o ABSOLUTE
    _printf_int_dec                          0x00000000   Number         0  stubs.o ABSOLUTE
    _printf_l                                0x00000000   Number         0  stubs.o ABSOLUTE
    _printf_lc                               0x00000000   Number         0  stubs.o ABSOLUTE
    _printf_ll                               0x00000000   Number         0  stubs.o ABSOLUTE
    _printf_lld                              0x00000000   Number         0  stubs.o ABSOLUTE
    _printf_lli                              0x00000000   Number         0  stubs.o ABSOLUTE
    _printf_llo                              0x00000000   Number         0  stubs.o ABSOLUTE
    _printf_llu                              0x00000000   Number         0  stubs.o ABSOLUTE
    _printf_llx                              0x00000000   Number         0  stubs.o ABSOLUTE
    _printf_longlong_dec                     0x00000000   Number         0  stubs.o ABSOLUTE
    _printf_longlong_hex                     0x00000000   Number         0  stubs.o ABSOLUTE
    _printf_longlong_oct                     0x00000000   Number         0  stubs.o ABSOLUTE
    _printf_ls                               0x00000000   Number         0  stubs.o ABSOLUTE
    _printf_mbtowc                           0x00000000   Number         0  stubs.o ABSOLUTE
    _printf_n                                0x00000000   Number         0  stubs.o ABSOLUTE
    _printf_o                                0x00000000   Number         0  stubs.o ABSOLUTE
    _printf_p                                0x00000000   Number         0  stubs.o ABSOLUTE
    _printf_percent                          0x00000000   Number         0  stubs.o ABSOLUTE
    _printf_pre_padding                      0x00000000   Number         0  stubs.o ABSOLUTE
    _printf_return_value                     0x00000000   Number         0  stubs.o ABSOLUTE
    _printf_s                                0x00000000   Number         0  stubs.o ABSOLUTE
    _printf_sizespec                         0x00000000   Number         0  stubs.o ABSOLUTE
    _printf_str                              0x00000000   Number         0  stubs.o ABSOLUTE
    _printf_truncate_signed                  0x00000000   Number         0  stubs.o ABSOLUTE
    _printf_truncate_unsigned                0x00000000   Number         0  stubs.o ABSOLUTE
    _printf_u                                0x00000000   Number         0  stubs.o ABSOLUTE
    _printf_wc                               0x00000000   Number         0  stubs.o ABSOLUTE
    _printf_wctomb                           0x00000000   Number         0  stubs.o ABSOLUTE
    _printf_widthprec                        0x00000000   Number         0  stubs.o ABSOLUTE
    _printf_x                                0x00000000   Number         0  stubs.o ABSOLUTE
    __cpp_initialize__aeabi_                  - Undefined Weak Reference
    __cxa_finalize                            - Undefined Weak Reference
    _clock_init                               - Undefined Weak Reference
    _microlib_exit                            - Undefined Weak Reference
    __Vectors_Size                           0x00000198   Number         0  startup_stm32f411xe.o ABSOLUTE
    __Vectors                                0x08000000   Data           4  startup_stm32f411xe.o(RESET)
    __Vectors_End                            0x08000198   Data           0  startup_stm32f411xe.o(RESET)
    __main                                   0x08000199   Thumb Code     0  entry.o(.ARM.Collect$$$$00000000)
    _main_stk                                0x08000199   Thumb Code     0  entry2.o(.ARM.Collect$$$$00000001)
    _main_scatterload                        0x0800019d   Thumb Code     0  entry5.o(.ARM.Collect$$$$00000004)
    __main_after_scatterload                 0x080001a1   Thumb Code     0  entry5.o(.ARM.Collect$$$$00000004)
    _main_clock                              0x080001a1   Thumb Code     0  entry7b.o(.ARM.Collect$$$$00000008)
    _main_cpp_init                           0x080001a1   Thumb Code     0  entry8b.o(.ARM.Collect$$$$0000000A)
    _main_init                               0x080001a1   Thumb Code     0  entry9a.o(.ARM.Collect$$$$0000000B)
    __rt_final_cpp                           0x080001a9   Thumb Code     0  entry10a.o(.ARM.Collect$$$$0000000D)
    __rt_final_exit                          0x080001a9   Thumb Code     0  entry11a.o(.ARM.Collect$$$$0000000F)
    Reset_Handler                            0x080001ad   Thumb Code     8  startup_stm32f411xe.o(.text)
    ADC_IRQHandler                           0x080001c7   Thumb Code     0  startup_stm32f411xe.o(.text)
    DMA1_Stream0_IRQHandler                  0x080001c7   Thumb Code     0  startup_stm32f411xe.o(.text)
    DMA1_Stream1_IRQHandler                  0x080001c7   Thumb Code     0  startup_stm32f411xe.o(.text)
    DMA1_Stream2_IRQHandler                  0x080001c7   Thumb Code     0  startup_stm32f411xe.o(.text)
    DMA1_Stream3_IRQHandler                  0x080001c7   Thumb Code     0  startup_stm32f411xe.o(.text)
    DMA1_Stream4_IRQHandler                  0x080001c7   Thumb Code     0  startup_stm32f411xe.o(.text)
    DMA1_Stream5_IRQHandler                  0x080001c7   Thumb Code     0  startup_stm32f411xe.o(.text)
    DMA1_Stream6_IRQHandler                  0x080001c7   Thumb Code     0  startup_stm32f411xe.o(.text)
    DMA1_Stream7_IRQHandler                  0x080001c7   Thumb Code     0  startup_stm32f411xe.o(.text)
    DMA2_Stream1_IRQHandler                  0x080001c7   Thumb Code     0  startup_stm32f411xe.o(.text)
    DMA2_Stream2_IRQHandler                  0x080001c7   Thumb Code     0  startup_stm32f411xe.o(.text)
    DMA2_Stream3_IRQHandler                  0x080001c7   Thumb Code     0  startup_stm32f411xe.o(.text)
    DMA2_Stream4_IRQHandler                  0x080001c7   Thumb Code     0  startup_stm32f411xe.o(.text)
    DMA2_Stream5_IRQHandler                  0x080001c7   Thumb Code     0  startup_stm32f411xe.o(.text)
    DMA2_Stream6_IRQHandler                  0x080001c7   Thumb Code     0  startup_stm32f411xe.o(.text)
    DMA2_Stream7_IRQHandler                  0x080001c7   Thumb Code     0  startup_stm32f411xe.o(.text)
    EXTI0_IRQHandler                         0x080001c7   Thumb Code     0  startup_stm32f411xe.o(.text)
    EXTI1_IRQHandler                         0x080001c7   Thumb Code     0  startup_stm32f411xe.o(.text)
    EXTI2_IRQHandler                         0x080001c7   Thumb Code     0  startup_stm32f411xe.o(.text)
    EXTI3_IRQHandler                         0x080001c7   Thumb Code     0  startup_stm32f411xe.o(.text)
    EXTI4_IRQHandler                         0x080001c7   Thumb Code     0  startup_stm32f411xe.o(.text)
    EXTI9_5_IRQHandler                       0x080001c7   Thumb Code     0  startup_stm32f411xe.o(.text)
    FLASH_IRQHandler                         0x080001c7   Thumb Code     0  startup_stm32f411xe.o(.text)
    FPU_IRQHandler                           0x080001c7   Thumb Code     0  startup_stm32f411xe.o(.text)
    I2C1_ER_IRQHandler                       0x080001c7   Thumb Code     0  startup_stm32f411xe.o(.text)
    I2C1_EV_IRQHandler                       0x080001c7   Thumb Code     0  startup_stm32f411xe.o(.text)
    I2C2_ER_IRQHandler                       0x080001c7   Thumb Code     0  startup_stm32f411xe.o(.text)
    I2C2_EV_IRQHandler                       0x080001c7   Thumb Code     0  startup_stm32f411xe.o(.text)
    I2C3_ER_IRQHandler                       0x080001c7   Thumb Code     0  startup_stm32f411xe.o(.text)
    I2C3_EV_IRQHandler                       0x080001c7   Thumb Code     0  startup_stm32f411xe.o(.text)
    OTG_FS_IRQHandler                        0x080001c7   Thumb Code     0  startup_stm32f411xe.o(.text)
    OTG_FS_WKUP_IRQHandler                   0x080001c7   Thumb Code     0  startup_stm32f411xe.o(.text)
    PVD_IRQHandler                           0x080001c7   Thumb Code     0  startup_stm32f411xe.o(.text)
    RCC_IRQHandler                           0x080001c7   Thumb Code     0  startup_stm32f411xe.o(.text)
    RTC_Alarm_IRQHandler                     0x080001c7   Thumb Code     0  startup_stm32f411xe.o(.text)
    RTC_WKUP_IRQHandler                      0x080001c7   Thumb Code     0  startup_stm32f411xe.o(.text)
    SDIO_IRQHandler                          0x080001c7   Thumb Code     0  startup_stm32f411xe.o(.text)
    SPI1_IRQHandler                          0x080001c7   Thumb Code     0  startup_stm32f411xe.o(.text)
    SPI2_IRQHandler                          0x080001c7   Thumb Code     0  startup_stm32f411xe.o(.text)
    SPI3_IRQHandler                          0x080001c7   Thumb Code     0  startup_stm32f411xe.o(.text)
    SPI4_IRQHandler                          0x080001c7   Thumb Code     0  startup_stm32f411xe.o(.text)
    SPI5_IRQHandler                          0x080001c7   Thumb Code     0  startup_stm32f411xe.o(.text)
    TAMP_STAMP_IRQHandler                    0x080001c7   Thumb Code     0  startup_stm32f411xe.o(.text)
    TIM1_BRK_TIM9_IRQHandler                 0x080001c7   Thumb Code     0  startup_stm32f411xe.o(.text)
    TIM1_CC_IRQHandler                       0x080001c7   Thumb Code     0  startup_stm32f411xe.o(.text)
    TIM1_TRG_COM_TIM11_IRQHandler            0x080001c7   Thumb Code     0  startup_stm32f411xe.o(.text)
    TIM2_IRQHandler                          0x080001c7   Thumb Code     0  startup_stm32f411xe.o(.text)
    TIM4_IRQHandler                          0x080001c7   Thumb Code     0  startup_stm32f411xe.o(.text)
    USART1_IRQHandler                        0x080001c7   Thumb Code     0  startup_stm32f411xe.o(.text)
    USART2_IRQHandler                        0x080001c7   Thumb Code     0  startup_stm32f411xe.o(.text)
    WWDG_IRQHandler                          0x080001c7   Thumb Code     0  startup_stm32f411xe.o(.text)
    __aeabi_uldivmod                         0x080001d1   Thumb Code    98  uldiv.o(.text)
    __aeabi_memset                           0x08000233   Thumb Code    14  memseta.o(.text)
    __aeabi_memset4                          0x08000233   Thumb Code     0  memseta.o(.text)
    __aeabi_memset8                          0x08000233   Thumb Code     0  memseta.o(.text)
    __aeabi_memclr                           0x08000241   Thumb Code     4  memseta.o(.text)
    __aeabi_memclr4                          0x08000241   Thumb Code     0  memseta.o(.text)
    __aeabi_memclr8                          0x08000241   Thumb Code     0  memseta.o(.text)
    _memset$wrapper                          0x08000245   Thumb Code    18  memseta.o(.text)
    __aeabi_dadd                             0x08000257   Thumb Code   322  dadd.o(.text)
    __aeabi_dsub                             0x08000399   Thumb Code     6  dadd.o(.text)
    __aeabi_drsub                            0x0800039f   Thumb Code     6  dadd.o(.text)
    __aeabi_dmul                             0x080003a5   Thumb Code   228  dmul.o(.text)
    __aeabi_ddiv                             0x08000489   Thumb Code   222  ddiv.o(.text)
    __aeabi_ui2d                             0x08000567   Thumb Code    26  dfltui.o(.text)
    __aeabi_d2uiz                            0x08000581   Thumb Code    50  dfixui.o(.text)
    __aeabi_uidiv                            0x080005b3   Thumb Code     0  uidiv.o(.text)
    __aeabi_uidivmod                         0x080005b3   Thumb Code    44  uidiv.o(.text)
    __aeabi_llsl                             0x080005df   Thumb Code    30  llshl.o(.text)
    _ll_shift_l                              0x080005df   Thumb Code     0  llshl.o(.text)
    __aeabi_llsr                             0x080005fd   Thumb Code    32  llushr.o(.text)
    _ll_ushift_r                             0x080005fd   Thumb Code     0  llushr.o(.text)
    __aeabi_lasr                             0x0800061d   Thumb Code    36  llsshr.o(.text)
    _ll_sshift_r                             0x0800061d   Thumb Code     0  llsshr.o(.text)
    __I$use$fp                               0x08000641   Thumb Code     0  iusefp.o(.text)
    _double_round                            0x08000641   Thumb Code    30  depilogue.o(.text)
    _double_epilogue                         0x0800065f   Thumb Code   156  depilogue.o(.text)
    __scatterload                            0x080006fd   Thumb Code    28  init.o(.text)
    __scatterload_rt2                        0x080006fd   Thumb Code     0  init.o(.text)
    __decompress                             0x08000721   Thumb Code     0  __dclz77c.o(.text)
    __decompress2                            0x08000721   Thumb Code    94  __dclz77c.o(.text)
    BSP_CURRENT_LIMITER_Read                 0x08000985   Thumb Code     8  x_nucleo_plc01a1.o(i.BSP_CURRENT_LIMITER_Read)
    BSP_CurrentLimiter_Init                  0x08000991   Thumb Code    28  x_nucleo_plc01a1.o(i.BSP_CurrentLimiter_Init)
    BSP_GetCurrentLimiterStatus              0x080009b5   Thumb Code    42  x_nucleo_plc01a1.o(i.BSP_GetCurrentLimiterStatus)
    BSP_GetRelayStatus                       0x080009e5   Thumb Code    72  x_nucleo_plc01a1.o(i.BSP_GetRelayStatus)
    BSP_RELAY_EN_Out                         0x08000a31   Thumb Code     8  x_nucleo_plc01a1.o(i.BSP_RELAY_EN_Out)
    BSP_RELAY_Reset                          0x08000a3d   Thumb Code     8  x_nucleo_plc01a1.o(i.BSP_RELAY_Reset)
    BSP_RELAY_SetOutputs                     0x08000a49   Thumb Code    10  x_nucleo_plc01a1.o(i.BSP_RELAY_SetOutputs)
    BSP_Relay_Init                           0x08000a59   Thumb Code    32  x_nucleo_plc01a1.o(i.BSP_Relay_Init)
    BusFault_Handler                         0x08000a81   Thumb Code     2  stm32f4xx_it.o(i.BusFault_Handler)
    CLT01_38S_CommErrorStatus                0x08000a85   Thumb Code    88  x_nucleo_plc01a1.o(i.CLT01_38S_CommErrorStatus)
    CLT01_38S_GetInpData                     0x08000aed   Thumb Code    44  x_nucleo_plc01a1.o(i.CLT01_38S_GetInpData)
    CLT01_38S_IO_Config                      0x08000b2d   Thumb Code    48  x_nucleo_plc01a1.o(i.CLT01_38S_IO_Config)
    CLT01_38S_OtaStatus                      0x08000b79   Thumb Code    10  x_nucleo_plc01a1.o(i.CLT01_38S_OtaStatus)
    CLT01_38S_UvaStatus                      0x08000b83   Thumb Code    10  x_nucleo_plc01a1.o(i.CLT01_38S_UvaStatus)
    CURRENT_LIMITER_Handler                  0x08000b8d   Thumb Code    22  main.o(i.CURRENT_LIMITER_Handler)
    CURRENT_LIMITER_IO_Init                  0x08000ba9   Thumb Code    14  x_nucleo_plc01a1.o(i.CURRENT_LIMITER_IO_Init)
    DMA2_Stream0_IRQHandler                  0x08000bb9   Thumb Code     6  stm32f4xx_it.o(i.DMA2_Stream0_IRQHandler)
    DebugMon_Handler                         0x08000c69   Thumb Code     2  stm32f4xx_it.o(i.DebugMon_Handler)
    EXTI15_10_IRQHandler                     0x08000c6b   Thumb Code     8  stm32f4xx_it.o(i.EXTI15_10_IRQHandler)
    Error_Handler                            0x08000c73   Thumb Code     2  main.o(i.Error_Handler)
    HAL_ADC_ConfigChannel                    0x08000c75   Thumb Code   414  stm32f4xx_hal_adc.o(i.HAL_ADC_ConfigChannel)
    HAL_ADC_ConvCpltCallback                 0x08000e61   Thumb Code     2  stm32f4xx_hal_adc.o(i.HAL_ADC_ConvCpltCallback)
    HAL_ADC_ConvHalfCpltCallback             0x08000e63   Thumb Code     2  stm32f4xx_hal_adc.o(i.HAL_ADC_ConvHalfCpltCallback)
    HAL_ADC_ErrorCallback                    0x08000e65   Thumb Code     2  stm32f4xx_hal_adc.o(i.HAL_ADC_ErrorCallback)
    HAL_ADC_Init                             0x08000e69   Thumb Code   458  stm32f4xx_hal_adc.o(i.HAL_ADC_Init)
    HAL_ADC_MspInit                          0x08001075   Thumb Code   132  adc.o(i.HAL_ADC_MspInit)
    HAL_ADC_Start_DMA                        0x0800110d   Thumb Code   280  stm32f4xx_hal_adc.o(i.HAL_ADC_Start_DMA)
    HAL_DMA_Abort_IT                         0x08001279   Thumb Code    36  stm32f4xx_hal_dma.o(i.HAL_DMA_Abort_IT)
    HAL_DMA_IRQHandler                       0x0800129d   Thumb Code   412  stm32f4xx_hal_dma.o(i.HAL_DMA_IRQHandler)
    HAL_DMA_Init                             0x0800143d   Thumb Code   666  stm32f4xx_hal_dma.o(i.HAL_DMA_Init)
    HAL_DMA_Start_IT                         0x0800171d   Thumb Code   142  stm32f4xx_hal_dma.o(i.HAL_DMA_Start_IT)
    HAL_Delay                                0x080017e5   Thumb Code    32  stm32f4xx_hal.o(i.HAL_Delay)
    HAL_GPIO_EXTI_Callback                   0x08001809   Thumb Code     2  stm32f4xx_hal_gpio.o(i.HAL_GPIO_EXTI_Callback)
    HAL_GPIO_EXTI_IRQHandler                 0x0800180d   Thumb Code    18  stm32f4xx_hal_gpio.o(i.HAL_GPIO_EXTI_IRQHandler)
    HAL_GPIO_Init                            0x08001825   Thumb Code   592  stm32f4xx_hal_gpio.o(i.HAL_GPIO_Init)
    HAL_GPIO_WritePin                        0x08001aed   Thumb Code    46  stm32f4xx_hal_gpio.o(i.HAL_GPIO_WritePin)
    HAL_GetTick                              0x08001b59   Thumb Code     6  stm32f4xx_hal.o(i.HAL_GetTick)
    HAL_IncTick                              0x08001b65   Thumb Code    12  stm32f4xx_hal.o(i.HAL_IncTick)
    HAL_Init                                 0x08001b75   Thumb Code    48  stm32f4xx_hal.o(i.HAL_Init)
    HAL_InitTick                             0x08001ba9   Thumb Code    54  stm32f4xx_hal.o(i.HAL_InitTick)
    HAL_MspInit                              0x08001be9   Thumb Code    48  stm32f4xx_hal_msp.o(i.HAL_MspInit)
    HAL_NVIC_EnableIRQ                       0x08001c1d   Thumb Code    40  stm32f4xx_hal_cortex.o(i.HAL_NVIC_EnableIRQ)
    HAL_NVIC_SetPriority                     0x08001c81   Thumb Code    94  stm32f4xx_hal_cortex.o(i.HAL_NVIC_SetPriority)
    HAL_NVIC_SetPriorityGrouping             0x08001d21   Thumb Code    58  stm32f4xx_hal_cortex.o(i.HAL_NVIC_SetPriorityGrouping)
    HAL_RCC_ClockConfig                      0x08001da1   Thumb Code   512  stm32f4xx_hal_rcc.o(i.HAL_RCC_ClockConfig)
    HAL_RCC_GetPCLK1Freq                     0x08001fed   Thumb Code    20  stm32f4xx_hal_rcc.o(i.HAL_RCC_GetPCLK1Freq)
    HAL_RCC_GetPCLK2Freq                     0x0800200d   Thumb Code    20  stm32f4xx_hal_rcc.o(i.HAL_RCC_GetPCLK2Freq)
    HAL_RCC_GetSysClockFreq                  0x0800202d   Thumb Code    88  stm32f4xx_hal_rcc.o(i.HAL_RCC_GetSysClockFreq)
    HAL_RCC_OscConfig                        0x0800208d   Thumb Code  1172  stm32f4xx_hal_rcc.o(i.HAL_RCC_OscConfig)
    HAL_SPI_GetState                         0x08002521   Thumb Code     6  stm32f4xx_hal_spi.o(i.HAL_SPI_GetState)
    HAL_SPI_Init                             0x08002529   Thumb Code   380  stm32f4xx_hal_spi.o(i.HAL_SPI_Init)
    HAL_SPI_MspInit                          0x080026f1   Thumb Code   196  spi.o(i.HAL_SPI_MspInit)
    HAL_SPI_Transmit                         0x080027c9   Thumb Code   370  stm32f4xx_hal_spi.o(i.HAL_SPI_Transmit)
    HAL_SPI_TransmitReceive                  0x08002975   Thumb Code   496  stm32f4xx_hal_spi.o(i.HAL_SPI_TransmitReceive)
    HAL_SYSTICK_Callback                     0x08002b9d   Thumb Code    46  main.o(i.HAL_SYSTICK_Callback)
    HAL_SYSTICK_Config                       0x08002bd1   Thumb Code    40  stm32f4xx_hal_cortex.o(i.HAL_SYSTICK_Config)
    HAL_TIMEx_BreakCallback                  0x08002bf9   Thumb Code     2  stm32f4xx_hal_tim_ex.o(i.HAL_TIMEx_BreakCallback)
    HAL_TIMEx_CommutCallback                 0x08002bfb   Thumb Code     2  stm32f4xx_hal_tim_ex.o(i.HAL_TIMEx_CommutCallback)
    HAL_TIMEx_MasterConfigSynchronization    0x08002bfd   Thumb Code   210  stm32f4xx_hal_tim_ex.o(i.HAL_TIMEx_MasterConfigSynchronization)
    HAL_TIM_Base_Init                        0x08002d21   Thumb Code   188  stm32f4xx_hal_tim.o(i.HAL_TIM_Base_Init)
    HAL_TIM_Base_MspInit                     0x08002e31   Thumb Code   148  tim.o(i.HAL_TIM_Base_MspInit)
    HAL_TIM_Base_Start_IT                    0x08002ed9   Thumb Code    98  stm32f4xx_hal_tim.o(i.HAL_TIM_Base_Start_IT)
    HAL_TIM_Base_Stop_IT                     0x08002f91   Thumb Code   106  stm32f4xx_hal_tim.o(i.HAL_TIM_Base_Stop_IT)
    HAL_TIM_ConfigClockSource                0x08003051   Thumb Code   824  stm32f4xx_hal_tim.o(i.HAL_TIM_ConfigClockSource)
    HAL_TIM_IC_CaptureCallback               0x080033dd   Thumb Code     2  stm32f4xx_hal_tim.o(i.HAL_TIM_IC_CaptureCallback)
    HAL_TIM_IRQHandler                       0x080033df   Thumb Code   358  stm32f4xx_hal_tim.o(i.HAL_TIM_IRQHandler)
    HAL_TIM_MspPostInit                      0x08003545   Thumb Code   146  tim.o(i.HAL_TIM_MspPostInit)
    HAL_TIM_OC_ConfigChannel                 0x080035ed   Thumb Code   348  stm32f4xx_hal_tim.o(i.HAL_TIM_OC_ConfigChannel)
    HAL_TIM_OC_DelayElapsedCallback          0x0800379d   Thumb Code     2  stm32f4xx_hal_tim.o(i.HAL_TIM_OC_DelayElapsedCallback)
    HAL_TIM_OC_Init                          0x080037a1   Thumb Code   188  stm32f4xx_hal_tim.o(i.HAL_TIM_OC_Init)
    HAL_TIM_OC_MspInit                       0x080038b1   Thumb Code     2  stm32f4xx_hal_tim.o(i.HAL_TIM_OC_MspInit)
    HAL_TIM_PWM_ConfigChannel                0x080038b5   Thumb Code   472  stm32f4xx_hal_tim.o(i.HAL_TIM_PWM_ConfigChannel)
    HAL_TIM_PWM_Init                         0x08003ae1   Thumb Code   188  stm32f4xx_hal_tim.o(i.HAL_TIM_PWM_Init)
    HAL_TIM_PWM_MspInit                      0x08003bf1   Thumb Code    30  tim.o(i.HAL_TIM_PWM_MspInit)
    HAL_TIM_PWM_PulseFinishedCallback        0x08003c15   Thumb Code    92  rnk.o(i.HAL_TIM_PWM_PulseFinishedCallback)
    HAL_TIM_PWM_Start_IT                     0x08003c89   Thumb Code   254  stm32f4xx_hal_tim.o(i.HAL_TIM_PWM_Start_IT)
    HAL_TIM_PWM_Stop_IT                      0x08003ddd   Thumb Code   276  stm32f4xx_hal_tim.o(i.HAL_TIM_PWM_Stop_IT)
    HAL_TIM_PeriodElapsedCallback            0x08003f45   Thumb Code   108  rnk.o(i.HAL_TIM_PeriodElapsedCallback)
    HAL_TIM_TriggerCallback                  0x08003fc5   Thumb Code     2  stm32f4xx_hal_tim.o(i.HAL_TIM_TriggerCallback)
    HAL_UART_ErrorCallback                   0x08003fc7   Thumb Code     2  pioneer.o(i.HAL_UART_ErrorCallback)
    HAL_UART_IRQHandler                      0x08003fc9   Thumb Code   270  stm32f4xx_hal_uart.o(i.HAL_UART_IRQHandler)
    HAL_UART_Init                            0x080040dd   Thumb Code   224  stm32f4xx_hal_uart.o(i.HAL_UART_Init)
    HAL_UART_MspInit                         0x08004205   Thumb Code   174  usart.o(i.HAL_UART_MspInit)
    HAL_UART_RxCpltCallback                  0x080042c5   Thumb Code  1514  pioneer.o(i.HAL_UART_RxCpltCallback)
    HAL_UART_Transmit                        0x080048f1   Thumb Code   186  stm32f4xx_hal_uart.o(i.HAL_UART_Transmit)
    HAL_UART_Transmit_IT                     0x080049ab   Thumb Code    62  stm32f4xx_hal_uart.o(i.HAL_UART_Transmit_IT)
    HAL_UART_TxCpltCallback                  0x080049e9   Thumb Code     2  pioneer.o(i.HAL_UART_TxCpltCallback)
    HardFault_Handler                        0x080049eb   Thumb Code     2  stm32f4xx_it.o(i.HardFault_Handler)
    ILI9225_WriteCommand16                   0x080049ed   Thumb Code   100  ili9225.o(i.ILI9225_WriteCommand16)
    ILI9225_WriteCommandFull16               0x08004a5d   Thumb Code    76  ili9225.o(i.ILI9225_WriteCommandFull16)
    ILI9225_WriteData16                      0x08004ab5   Thumb Code    72  ili9225.o(i.ILI9225_WriteData16)
    ILI9225_drawChar                         0x08004b09   Thumb Code   174  ili9225.o(i.ILI9225_drawChar)
    ILI9225_fillRectangle                    0x08004bbd   Thumb Code    58  ili9225.o(i.ILI9225_fillRectangle)
    ILI9225_lcdDrawPixel                     0x08004bf7   Thumb Code    34  ili9225.o(i.ILI9225_lcdDrawPixel)
    ILI9225_orientCoordinates                0x08004c19   Thumb Code    80  ili9225.o(i.ILI9225_orientCoordinates)
    ILI9225_setWindow                        0x08004c6d   Thumb Code   274  ili9225.o(i.ILI9225_setWindow)
    MX_ADC1_Init                             0x08004db9   Thumb Code   130  adc.o(i.MX_ADC1_Init)
    MX_DMA_Init                              0x08004e4d   Thumb Code    40  dma.o(i.MX_DMA_Init)
    MX_GPIO_Init                             0x08004e79   Thumb Code   228  gpio.o(i.MX_GPIO_Init)
    MX_SPI1_Init                             0x08004f71   Thumb Code    64  spi.o(i.MX_SPI1_Init)
    MX_SPI5_Init                             0x08004fb9   Thumb Code    64  spi.o(i.MX_SPI5_Init)
    MX_TIM10_Init                            0x08005001   Thumb Code    92  tim.o(i.MX_TIM10_Init)
    MX_TIM1_Init                             0x08005065   Thumb Code   100  tim.o(i.MX_TIM1_Init)
    MX_TIM2_Init                             0x080050d1   Thumb Code   108  tim.o(i.MX_TIM2_Init)
    MX_TIM3_Init                             0x08005149   Thumb Code   150  tim.o(i.MX_TIM3_Init)
    MX_TIM5_Init                             0x080051e9   Thumb Code   146  tim.o(i.MX_TIM5_Init)
    MX_USART2_UART_Init                      0x0800528d   Thumb Code    48  usart.o(i.MX_USART2_UART_Init)
    MX_USART6_UART_Init                      0x080052c5   Thumb Code    48  usart.o(i.MX_USART6_UART_Init)
    MemManage_Handler                        0x080052fd   Thumb Code     2  stm32f4xx_it.o(i.MemManage_Handler)
    NMI_Handler                              0x080052ff   Thumb Code     2  stm32f4xx_it.o(i.NMI_Handler)
    PendSV_Handler                           0x080055a9   Thumb Code     2  stm32f4xx_it.o(i.PendSV_Handler)
    RELAY_IO_Init                            0x080055ab   Thumb Code    14  x_nucleo_plc01a1.o(i.RELAY_IO_Init)
    RNK_Basic                                0x080055b9   Thumb Code    18  rnk.o(i.RNK_Basic)
    RNK_CHECKSPD                             0x080055d1   Thumb Code   136  rnk.o(i.RNK_CHECKSPD)
    RNK_CHECKSTOP                            0x0800568d   Thumb Code    28  rnk.o(i.RNK_CHECKSTOP)
    RNK_CHECK_LOWER_BUTTON                   0x080056ad   Thumb Code    40  rnk.o(i.RNK_CHECK_LOWER_BUTTON)
    RNK_CHECK_MODE_TOGGLE                    0x080056d9   Thumb Code    40  rnk.o(i.RNK_CHECK_MODE_TOGGLE)
    RNK_CHECK_UPPER_BUTTON                   0x08005705   Thumb Code    40  rnk.o(i.RNK_CHECK_UPPER_BUTTON)
    RNK_GO_FEED                              0x08005929   Thumb Code    78  rnk.o(i.RNK_GO_FEED)
    RNK_GO_SERVO                             0x08005981   Thumb Code    60  rnk.o(i.RNK_GO_SERVO)
    RNK_GO_STROT                             0x080059c5   Thumb Code    82  rnk.o(i.RNK_GO_STROT)
    RNK_Initialization                       0x08005b99   Thumb Code    58  rnk.o(i.RNK_Initialization)
    RNK_STOP_FEED                            0x08005c09   Thumb Code    24  rnk.o(i.RNK_STOP_FEED)
    RNK_STOP_SERVO                           0x08005c29   Thumb Code    24  rnk.o(i.RNK_STOP_SERVO)
    RNK_STOP_STROT                           0x08005c49   Thumb Code    26  rnk.o(i.RNK_STOP_STROT)
    SEND_DATA                                0x08005c6d   Thumb Code    38  pioneer.o(i.SEND_DATA)
    SVC_Handler                              0x08005e5d   Thumb Code     2  stm32f4xx_it.o(i.SVC_Handler)
    SysTick_Handler                          0x08005e5f   Thumb Code    14  stm32f4xx_it.o(i.SysTick_Handler)
    SystemClock_Config                       0x08005e6d   Thumb Code   122  main.o(i.SystemClock_Config)
    SystemInit                               0x08005ef1   Thumb Code    66  system_stm32f4xx.o(i.SystemInit)
    TIM1_UP_TIM10_IRQHandler                 0x08005f45   Thumb Code    18  stm32f4xx_it.o(i.TIM1_UP_TIM10_IRQHandler)
    TIM3_IRQHandler                          0x08005f61   Thumb Code     6  stm32f4xx_it.o(i.TIM3_IRQHandler)
    TIM5_IRQHandler                          0x08005f6d   Thumb Code     6  stm32f4xx_it.o(i.TIM5_IRQHandler)
    TIM_Base_SetConfig                       0x08005f79   Thumb Code   122  stm32f4xx_hal_tim.o(i.TIM_Base_SetConfig)
    TIM_CCxChannelCmd                        0x08006011   Thumb Code   118  stm32f4xx_hal_tim.o(i.TIM_CCxChannelCmd)
    TIM_ETR_SetConfig                        0x080060dd   Thumb Code    20  stm32f4xx_hal_tim.o(i.TIM_ETR_SetConfig)
    TIM_OC2_SetConfig                        0x080061cd   Thumb Code   152  stm32f4xx_hal_tim.o(i.TIM_OC2_SetConfig)
    USART6_IRQHandler                        0x0800679d   Thumb Code     6  stm32f4xx_it.o(i.USART6_IRQHandler)
    UsageFault_Handler                       0x080067a9   Thumb Code     2  stm32f4xx_it.o(i.UsageFault_Handler)
    VNI8200XP_CommErrorStatus                0x080067ad   Thumb Code   100  x_nucleo_plc01a1.o(i.VNI8200XP_CommErrorStatus)
    VNI8200XP_EnOut                          0x08006819   Thumb Code    10  x_nucleo_plc01a1.o(i.VNI8200XP_EnOut)
    VNI8200XP_FaultStatus                    0x0800682d   Thumb Code    10  x_nucleo_plc01a1.o(i.VNI8200XP_FaultStatus)
    VNI8200XP_FbOkStatus                     0x08006837   Thumb Code    10  x_nucleo_plc01a1.o(i.VNI8200XP_FbOkStatus)
    VNI8200XP_IO_Config                      0x08006859   Thumb Code    78  x_nucleo_plc01a1.o(i.VNI8200XP_IO_Config)
    VNI8200XP_IO_Deinit                      0x080068b5   Thumb Code     2  x_nucleo_plc01a1.o(i.VNI8200XP_IO_Deinit)
    VNI8200XP_IO_Init                        0x080068b7   Thumb Code     4  x_nucleo_plc01a1.o(i.VNI8200XP_IO_Init)
    VNI8200XP_PcFailStatus                   0x080068cf   Thumb Code     8  x_nucleo_plc01a1.o(i.VNI8200XP_PcFailStatus)
    VNI8200XP_PowerGoodStatus                0x080068d7   Thumb Code     8  x_nucleo_plc01a1.o(i.VNI8200XP_PowerGoodStatus)
    VNI8200XP_ResetIt                        0x080068e5   Thumb Code    10  x_nucleo_plc01a1.o(i.VNI8200XP_ResetIt)
    VNI8200XP_SendOutputData                 0x080068f5   Thumb Code   116  x_nucleo_plc01a1.o(i.VNI8200XP_SendOutputData)
    VNI8200XP_TempWarningStatus              0x08006979   Thumb Code     8  x_nucleo_plc01a1.o(i.VNI8200XP_TempWarningStatus)
    __0sprintf$3                             0x08006981   Thumb Code    34  printf3.o(i.__0sprintf$3)
    __1sprintf$3                             0x08006981   Thumb Code     0  printf3.o(i.__0sprintf$3)
    __2sprintf                               0x08006981   Thumb Code     0  printf3.o(i.__0sprintf$3)
    __scatterload_copy                       0x080069c9   Thumb Code    14  handlers.o(i.__scatterload_copy)
    __scatterload_null                       0x080069d7   Thumb Code     2  handlers.o(i.__scatterload_null)
    __scatterload_zeroinit                   0x080069d9   Thumb Code    14  handlers.o(i.__scatterload_zeroinit)
    assert_failed                            0x08006bab   Thumb Code     2  main.o(i.assert_failed)
    main                                     0x08006bad   Thumb Code   110  main.o(i.main)
    modeTab                                  0x08006c38   Data          24  ili9225.o(.constdata)
    FontAvenirNext20_Table                   0x08006c50   Data        5700  ili9225.o(.constdata)
    AHBPrescTable                            0x0800829c   Data          16  system_stm32f4xx.o(.constdata)
    APBPrescTable                            0x080082ac   Data           8  system_stm32f4xx.o(.constdata)
    Region$$Table$$Base                      0x080082b4   Number         0  anon$$obj.o(Region$$Table)
    Region$$Table$$Limit                     0x080082d4   Number         0  anon$$obj.o(Region$$Table)
    orientation                              0x20000000   Data           1  ili9225.o(.data)
    maxX                                     0x20000002   Data           2  ili9225.o(.data)
    maxY                                     0x20000004   Data           2  ili9225.o(.data)
    bgColor                                  0x20000006   Data           2  ili9225.o(.data)
    feedrateReceived                         0x20000013   Data           1  pioneer.o(.data)
    motionrateReceived                       0x20000015   Data           1  pioneer.o(.data)
    RData                                    0x20000017   Data           1  pioneer.o(.data)
    ik                                       0x20000018   Data           1  pioneer.o(.data)
    feedrate_nonlin_in_manual                0x20000019   Data           1  pioneer.o(.data)
    motionrate_nonlin_in_manual              0x2000001a   Data           1  pioneer.o(.data)
    tempStr_3                                0x2000001b   Data           3  pioneer.o(.data)
    tempStr_4                                0x20000068   Data           4  pioneer.o(.data)
    rxPio_buffer                             0x2000006c   Data           5  pioneer.o(.data)
    tempStr_5                                0x20000071   Data           5  pioneer.o(.data)
    snow_tiger                               0x20000080   Data       77000  pioneer.o(.data)
    rxBT                                     0x20012d48   Data         100  pioneer.o(.data)
    rnk_iteration                            0x20012dd4   Data           1  rnk.o(.data)
    potrateUpper_nonlin_in_manual            0x20012dd5   Data           1  rnk.o(.data)
    potrateLower_nonlin_in_manual            0x20012dd6   Data           1  rnk.o(.data)
    VNI8200XPDrv                             0x20012e34   Data          44  vni8200xp.o(.data)
    CLT0138SQ7Drv                            0x20012e60   Data          24  clt01_38s.o(.data)
    uwTickFreq                               0x20012ea0   Data           1  stm32f4xx_hal.o(.data)
    uwTickPrio                               0x20012ea4   Data           4  stm32f4xx_hal.o(.data)
    uwTick                                   0x20012ea8   Data           4  stm32f4xx_hal.o(.data)
    SystemCoreClock                          0x20012eac   Data           4  system_stm32f4xx.o(.data)
    uADC_DATA                                0x20012eb0   Data          12  pioneer.o(.bss)
    hadc1                                    0x200131f4   Data          72  adc.o(.bss)
    hdma_adc1                                0x2001323c   Data          96  adc.o(.bss)
    hspi1                                    0x2001329c   Data          88  spi.o(.bss)
    hspi5                                    0x200132f4   Data          88  spi.o(.bss)
    htim1                                    0x2001334c   Data          64  tim.o(.bss)
    htim2                                    0x2001338c   Data          64  tim.o(.bss)
    htim3                                    0x200133cc   Data          64  tim.o(.bss)
    htim5                                    0x2001340c   Data          64  tim.o(.bss)
    htim10                                   0x2001344c   Data          64  tim.o(.bss)
    huart2                                   0x2001348c   Data          64  usart.o(.bss)
    huart6                                   0x200134cc   Data          64  usart.o(.bss)
    RNK_uADC_DATA                            0x20013554   Data          12  rnk.o(.bss)
    TIM_EXPBD_Handle                         0x200138d8   Data          64  x_nucleo_plc01a1.o(.bss)
    __initial_sp                             0x20013d18   Data           0  startup_stm32f411xe.o(STACK)



==============================================================================

Memory Map of the image

  Image Entry point : 0x08000199

  Load Region LR_IROM1 (Base: 0x08000000, Size: 0x0001b184, Max: 0x00080000, ABSOLUTE, COMPRESSED[0x00009ab8])

    Execution Region ER_IROM1 (Exec base: 0x08000000, Load base: 0x08000000, Size: 0x000082d4, Max: 0x00080000, ABSOLUTE)

    Exec Addr    Load Addr    Size         Type   Attr      Idx    E Section Name        Object

    0x08000000   0x08000000   0x00000198   Data   RO            3    RESET               startup_stm32f411xe.o
    0x08000198   0x08000198   0x00000000   Code   RO         4908  * .ARM.Collect$$$$00000000  mc_w.l(entry.o)
    0x08000198   0x08000198   0x00000004   Code   RO         5188    .ARM.Collect$$$$00000001  mc_w.l(entry2.o)
    0x0800019c   0x0800019c   0x00000004   Code   RO         5191    .ARM.Collect$$$$00000004  mc_w.l(entry5.o)
    0x080001a0   0x080001a0   0x00000000   Code   RO         5193    .ARM.Collect$$$$00000008  mc_w.l(entry7b.o)
    0x080001a0   0x080001a0   0x00000000   Code   RO         5195    .ARM.Collect$$$$0000000A  mc_w.l(entry8b.o)
    0x080001a0   0x080001a0   0x00000008   Code   RO         5196    .ARM.Collect$$$$0000000B  mc_w.l(entry9a.o)
    0x080001a8   0x080001a8   0x00000000   Code   RO         5198    .ARM.Collect$$$$0000000D  mc_w.l(entry10a.o)
    0x080001a8   0x080001a8   0x00000000   Code   RO         5200    .ARM.Collect$$$$0000000F  mc_w.l(entry11a.o)
    0x080001a8   0x080001a8   0x00000004   Code   RO         5189    .ARM.Collect$$$$00002712  mc_w.l(entry2.o)
    0x080001ac   0x080001ac   0x00000024   Code   RO            4    .text               startup_stm32f411xe.o
    0x080001d0   0x080001d0   0x00000062   Code   RO         4911    .text               mc_w.l(uldiv.o)
    0x08000232   0x08000232   0x00000024   Code   RO         4913    .text               mc_w.l(memseta.o)
    0x08000256   0x08000256   0x0000014e   Code   RO         5176    .text               mf_w.l(dadd.o)
    0x080003a4   0x080003a4   0x000000e4   Code   RO         5178    .text               mf_w.l(dmul.o)
    0x08000488   0x08000488   0x000000de   Code   RO         5180    .text               mf_w.l(ddiv.o)
    0x08000566   0x08000566   0x0000001a   Code   RO         5184    .text               mf_w.l(dfltui.o)
    0x08000580   0x08000580   0x00000032   Code   RO         5186    .text               mf_w.l(dfixui.o)
    0x080005b2   0x080005b2   0x0000002c   Code   RO         5205    .text               mc_w.l(uidiv.o)
    0x080005de   0x080005de   0x0000001e   Code   RO         5207    .text               mc_w.l(llshl.o)
    0x080005fc   0x080005fc   0x00000020   Code   RO         5209    .text               mc_w.l(llushr.o)
    0x0800061c   0x0800061c   0x00000024   Code   RO         5211    .text               mc_w.l(llsshr.o)
    0x08000640   0x08000640   0x00000000   Code   RO         5220    .text               mc_w.l(iusefp.o)
    0x08000640   0x08000640   0x000000ba   Code   RO         5221    .text               mf_w.l(depilogue.o)
    0x080006fa   0x080006fa   0x00000002   PAD
    0x080006fc   0x080006fc   0x00000024   Code   RO         5231    .text               mc_w.l(init.o)
    0x08000720   0x08000720   0x0000005e   Code   RO         5243    .text               mc_w.l(__dclz77c.o)
    0x0800077e   0x0800077e   0x0000006e   Code   RO         1784    i.ADC_DMAConvCplt   stm32f4xx_hal_adc.o
    0x080007ec   0x080007ec   0x00000016   Code   RO         1785    i.ADC_DMAError      stm32f4xx_hal_adc.o
    0x08000802   0x08000802   0x0000000a   Code   RO         1786    i.ADC_DMAHalfConvCplt  stm32f4xx_hal_adc.o
    0x0800080c   0x0800080c   0x00000178   Code   RO         1787    i.ADC_Init          stm32f4xx_hal_adc.o
    0x08000984   0x08000984   0x0000000c   Code   RO         1496    i.BSP_CURRENT_LIMITER_Read  x_nucleo_plc01a1.o
    0x08000990   0x08000990   0x00000024   Code   RO         1497    i.BSP_CurrentLimiter_Init  x_nucleo_plc01a1.o
    0x080009b4   0x080009b4   0x00000030   Code   RO         1498    i.BSP_GetCurrentLimiterStatus  x_nucleo_plc01a1.o
    0x080009e4   0x080009e4   0x0000004c   Code   RO         1499    i.BSP_GetRelayStatus  x_nucleo_plc01a1.o
    0x08000a30   0x08000a30   0x0000000c   Code   RO         1510    i.BSP_RELAY_EN_Out  x_nucleo_plc01a1.o
    0x08000a3c   0x08000a3c   0x0000000c   Code   RO         1511    i.BSP_RELAY_Reset   x_nucleo_plc01a1.o
    0x08000a48   0x08000a48   0x00000010   Code   RO         1512    i.BSP_RELAY_SetOutputs  x_nucleo_plc01a1.o
    0x08000a58   0x08000a58   0x00000028   Code   RO         1513    i.BSP_Relay_Init    x_nucleo_plc01a1.o
    0x08000a80   0x08000a80   0x00000002   Code   RO          926    i.BusFault_Handler  stm32f4xx_it.o
    0x08000a82   0x08000a82   0x00000002   PAD
    0x08000a84   0x08000a84   0x0000005c   Code   RO         1515    i.CLT01_38S_CommErrorStatus  x_nucleo_plc01a1.o
    0x08000ae0   0x08000ae0   0x00000002   Code   RO         1272    i.CLT01_38S_Deinit  clt01_38s.o
    0x08000ae2   0x08000ae2   0x00000004   Code   RO         1273    i.CLT01_38S_GetCommErrorStatus  clt01_38s.o
    0x08000ae6   0x08000ae6   0x00000004   Code   RO         1274    i.CLT01_38S_GetData  clt01_38s.o
    0x08000aea   0x08000aea   0x00000002   PAD
    0x08000aec   0x08000aec   0x00000038   Code   RO         1516    i.CLT01_38S_GetInpData  x_nucleo_plc01a1.o
    0x08000b24   0x08000b24   0x00000004   Code   RO         1275    i.CLT01_38S_GetOtaStatus  clt01_38s.o
    0x08000b28   0x08000b28   0x00000004   Code   RO         1276    i.CLT01_38S_GetUvaStatus  clt01_38s.o
    0x08000b2c   0x08000b2c   0x00000038   Code   RO         1517    i.CLT01_38S_IO_Config  x_nucleo_plc01a1.o
    0x08000b64   0x08000b64   0x00000014   Code   RO         1277    i.CLT01_38S_Init    clt01_38s.o
    0x08000b78   0x08000b78   0x0000000a   Code   RO         1520    i.CLT01_38S_OtaStatus  x_nucleo_plc01a1.o
    0x08000b82   0x08000b82   0x0000000a   Code   RO         1521    i.CLT01_38S_UvaStatus  x_nucleo_plc01a1.o
    0x08000b8c   0x08000b8c   0x0000001c   Code   RO          577    i.CURRENT_LIMITER_Handler  main.o
    0x08000ba8   0x08000ba8   0x0000000e   Code   RO         1523    i.CURRENT_LIMITER_IO_Init  x_nucleo_plc01a1.o
    0x08000bb6   0x08000bb6   0x00000002   PAD
    0x08000bb8   0x08000bb8   0x0000000c   Code   RO          927    i.DMA2_Stream0_IRQHandler  stm32f4xx_it.o
    0x08000bc4   0x08000bc4   0x00000028   Code   RO         2587    i.DMA_CalcBaseAndBitshift  stm32f4xx_hal_dma.o
    0x08000bec   0x08000bec   0x00000054   Code   RO         2588    i.DMA_CheckFifoParam  stm32f4xx_hal_dma.o
    0x08000c40   0x08000c40   0x00000028   Code   RO         2589    i.DMA_SetConfig     stm32f4xx_hal_dma.o
    0x08000c68   0x08000c68   0x00000002   Code   RO          928    i.DebugMon_Handler  stm32f4xx_it.o
    0x08000c6a   0x08000c6a   0x00000008   Code   RO          929    i.EXTI15_10_IRQHandler  stm32f4xx_it.o
    0x08000c72   0x08000c72   0x00000002   Code   RO          578    i.Error_Handler     main.o
    0x08000c74   0x08000c74   0x000001ec   Code   RO         1789    i.HAL_ADC_ConfigChannel  stm32f4xx_hal_adc.o
    0x08000e60   0x08000e60   0x00000002   Code   RO         1790    i.HAL_ADC_ConvCpltCallback  stm32f4xx_hal_adc.o
    0x08000e62   0x08000e62   0x00000002   Code   RO         1791    i.HAL_ADC_ConvHalfCpltCallback  stm32f4xx_hal_adc.o
    0x08000e64   0x08000e64   0x00000002   Code   RO         1793    i.HAL_ADC_ErrorCallback  stm32f4xx_hal_adc.o
    0x08000e66   0x08000e66   0x00000002   PAD
    0x08000e68   0x08000e68   0x0000020c   Code   RO         1798    i.HAL_ADC_Init      stm32f4xx_hal_adc.o
    0x08001074   0x08001074   0x00000098   Code   RO          681    i.HAL_ADC_MspInit   adc.o
    0x0800110c   0x0800110c   0x0000016c   Code   RO         1805    i.HAL_ADC_Start_DMA  stm32f4xx_hal_adc.o
    0x08001278   0x08001278   0x00000024   Code   RO         2591    i.HAL_DMA_Abort_IT  stm32f4xx_hal_dma.o
    0x0800129c   0x0800129c   0x000001a0   Code   RO         2595    i.HAL_DMA_IRQHandler  stm32f4xx_hal_dma.o
    0x0800143c   0x0800143c   0x000002e0   Code   RO         2596    i.HAL_DMA_Init      stm32f4xx_hal_dma.o
    0x0800171c   0x0800171c   0x000000c8   Code   RO         2600    i.HAL_DMA_Start_IT  stm32f4xx_hal_dma.o
    0x080017e4   0x080017e4   0x00000024   Code   RO         3033    i.HAL_Delay         stm32f4xx_hal.o
    0x08001808   0x08001808   0x00000002   Code   RO         2481    i.HAL_GPIO_EXTI_Callback  stm32f4xx_hal_gpio.o
    0x0800180a   0x0800180a   0x00000002   PAD
    0x0800180c   0x0800180c   0x00000018   Code   RO         2482    i.HAL_GPIO_EXTI_IRQHandler  stm32f4xx_hal_gpio.o
    0x08001824   0x08001824   0x000002c8   Code   RO         2483    i.HAL_GPIO_Init     stm32f4xx_hal_gpio.o
    0x08001aec   0x08001aec   0x0000006c   Code   RO         2487    i.HAL_GPIO_WritePin  stm32f4xx_hal_gpio.o
    0x08001b58   0x08001b58   0x0000000c   Code   RO         3039    i.HAL_GetTick       stm32f4xx_hal.o
    0x08001b64   0x08001b64   0x00000010   Code   RO         3045    i.HAL_IncTick       stm32f4xx_hal.o
    0x08001b74   0x08001b74   0x00000034   Code   RO         3046    i.HAL_Init          stm32f4xx_hal.o
    0x08001ba8   0x08001ba8   0x00000040   Code   RO         3047    i.HAL_InitTick      stm32f4xx_hal.o
    0x08001be8   0x08001be8   0x00000034   Code   RO         1038    i.HAL_MspInit       stm32f4xx_hal_msp.o
    0x08001c1c   0x08001c1c   0x00000064   Code   RO         2896    i.HAL_NVIC_EnableIRQ  stm32f4xx_hal_cortex.o
    0x08001c80   0x08001c80   0x000000a0   Code   RO         2902    i.HAL_NVIC_SetPriority  stm32f4xx_hal_cortex.o
    0x08001d20   0x08001d20   0x00000080   Code   RO         2903    i.HAL_NVIC_SetPriorityGrouping  stm32f4xx_hal_cortex.o
    0x08001da0   0x08001da0   0x0000024c   Code   RO         2060    i.HAL_RCC_ClockConfig  stm32f4xx_hal_rcc.o
    0x08001fec   0x08001fec   0x00000020   Code   RO         2067    i.HAL_RCC_GetPCLK1Freq  stm32f4xx_hal_rcc.o
    0x0800200c   0x0800200c   0x00000020   Code   RO         2068    i.HAL_RCC_GetPCLK2Freq  stm32f4xx_hal_rcc.o
    0x0800202c   0x0800202c   0x00000060   Code   RO         2069    i.HAL_RCC_GetSysClockFreq  stm32f4xx_hal_rcc.o
    0x0800208c   0x0800208c   0x00000494   Code   RO         2072    i.HAL_RCC_OscConfig  stm32f4xx_hal_rcc.o
    0x08002520   0x08002520   0x00000006   Code   RO         3293    i.HAL_SPI_GetState  stm32f4xx_hal_spi.o
    0x08002526   0x08002526   0x00000002   PAD
    0x08002528   0x08002528   0x000001c8   Code   RO         3295    i.HAL_SPI_Init      stm32f4xx_hal_spi.o
    0x080026f0   0x080026f0   0x000000d8   Code   RO          747    i.HAL_SPI_MspInit   spi.o
    0x080027c8   0x080027c8   0x000001ac   Code   RO         3303    i.HAL_SPI_Transmit  stm32f4xx_hal_spi.o
    0x08002974   0x08002974   0x00000228   Code   RO         3304    i.HAL_SPI_TransmitReceive  stm32f4xx_hal_spi.o
    0x08002b9c   0x08002b9c   0x00000034   Code   RO          579    i.HAL_SYSTICK_Callback  main.o
    0x08002bd0   0x08002bd0   0x00000028   Code   RO         2907    i.HAL_SYSTICK_Config  stm32f4xx_hal_cortex.o
    0x08002bf8   0x08002bf8   0x00000002   Code   RO         4284    i.HAL_TIMEx_BreakCallback  stm32f4xx_hal_tim_ex.o
    0x08002bfa   0x08002bfa   0x00000002   Code   RO         4285    i.HAL_TIMEx_CommutCallback  stm32f4xx_hal_tim_ex.o
    0x08002bfc   0x08002bfc   0x00000124   Code   RO         4302    i.HAL_TIMEx_MasterConfigSynchronization  stm32f4xx_hal_tim_ex.o
    0x08002d20   0x08002d20   0x00000110   Code   RO         3608    i.HAL_TIM_Base_Init  stm32f4xx_hal_tim.o
    0x08002e30   0x08002e30   0x000000a8   Code   RO          795    i.HAL_TIM_Base_MspInit  tim.o
    0x08002ed8   0x08002ed8   0x000000b8   Code   RO         3613    i.HAL_TIM_Base_Start_IT  stm32f4xx_hal_tim.o
    0x08002f90   0x08002f90   0x000000c0   Code   RO         3616    i.HAL_TIM_Base_Stop_IT  stm32f4xx_hal_tim.o
    0x08003050   0x08003050   0x0000038c   Code   RO         3617    i.HAL_TIM_ConfigClockSource  stm32f4xx_hal_tim.o
    0x080033dc   0x080033dc   0x00000002   Code   RO         3637    i.HAL_TIM_IC_CaptureCallback  stm32f4xx_hal_tim.o
    0x080033de   0x080033de   0x00000166   Code   RO         3651    i.HAL_TIM_IRQHandler  stm32f4xx_hal_tim.o
    0x08003544   0x08003544   0x000000a8   Code   RO          796    i.HAL_TIM_MspPostInit  tim.o
    0x080035ec   0x080035ec   0x000001b0   Code   RO         3652    i.HAL_TIM_OC_ConfigChannel  stm32f4xx_hal_tim.o
    0x0800379c   0x0800379c   0x00000002   Code   RO         3654    i.HAL_TIM_OC_DelayElapsedCallback  stm32f4xx_hal_tim.o
    0x0800379e   0x0800379e   0x00000002   PAD
    0x080037a0   0x080037a0   0x00000110   Code   RO         3656    i.HAL_TIM_OC_Init   stm32f4xx_hal_tim.o
    0x080038b0   0x080038b0   0x00000002   Code   RO         3658    i.HAL_TIM_OC_MspInit  stm32f4xx_hal_tim.o
    0x080038b2   0x080038b2   0x00000002   PAD
    0x080038b4   0x080038b4   0x0000022c   Code   RO         3675    i.HAL_TIM_PWM_ConfigChannel  stm32f4xx_hal_tim.o
    0x08003ae0   0x08003ae0   0x00000110   Code   RO         3678    i.HAL_TIM_PWM_Init  stm32f4xx_hal_tim.o
    0x08003bf0   0x08003bf0   0x00000024   Code   RO          798    i.HAL_TIM_PWM_MspInit  tim.o
    0x08003c14   0x08003c14   0x00000074   Code   RO         1062    i.HAL_TIM_PWM_PulseFinishedCallback  rnk.o
    0x08003c88   0x08003c88   0x00000154   Code   RO         3685    i.HAL_TIM_PWM_Start_IT  stm32f4xx_hal_tim.o
    0x08003ddc   0x08003ddc   0x00000168   Code   RO         3688    i.HAL_TIM_PWM_Stop_IT  stm32f4xx_hal_tim.o
    0x08003f44   0x08003f44   0x00000080   Code   RO         1063    i.HAL_TIM_PeriodElapsedCallback  rnk.o
    0x08003fc4   0x08003fc4   0x00000002   Code   RO         3694    i.HAL_TIM_TriggerCallback  stm32f4xx_hal_tim.o
    0x08003fc6   0x08003fc6   0x00000002   Code   RO          373    i.HAL_UART_ErrorCallback  pioneer.o
    0x08003fc8   0x08003fc8   0x00000114   Code   RO         4559    i.HAL_UART_IRQHandler  stm32f4xx_hal_uart.o
    0x080040dc   0x080040dc   0x00000128   Code   RO         4560    i.HAL_UART_Init     stm32f4xx_hal_uart.o
    0x08004204   0x08004204   0x000000c0   Code   RO          879    i.HAL_UART_MspInit  usart.o
    0x080042c4   0x080042c4   0x0000062c   Code   RO          374    i.HAL_UART_RxCpltCallback  pioneer.o
    0x080048f0   0x080048f0   0x000000ba   Code   RO         4568    i.HAL_UART_Transmit  stm32f4xx_hal_uart.o
    0x080049aa   0x080049aa   0x0000003e   Code   RO         4570    i.HAL_UART_Transmit_IT  stm32f4xx_hal_uart.o
    0x080049e8   0x080049e8   0x00000002   Code   RO          376    i.HAL_UART_TxCpltCallback  pioneer.o
    0x080049ea   0x080049ea   0x00000002   Code   RO          930    i.HardFault_Handler  stm32f4xx_it.o
    0x080049ec   0x080049ec   0x00000070   Code   RO           18    i.ILI9225_WriteCommand16  ili9225.o
    0x08004a5c   0x08004a5c   0x00000058   Code   RO           19    i.ILI9225_WriteCommandFull16  ili9225.o
    0x08004ab4   0x08004ab4   0x00000054   Code   RO           21    i.ILI9225_WriteData16  ili9225.o
    0x08004b08   0x08004b08   0x000000b4   Code   RO           23    i.ILI9225_drawChar  ili9225.o
    0x08004bbc   0x08004bbc   0x0000003a   Code   RO           29    i.ILI9225_fillRectangle  ili9225.o
    0x08004bf6   0x08004bf6   0x00000022   Code   RO           36    i.ILI9225_lcdDrawPixel  ili9225.o
    0x08004c18   0x08004c18   0x00000054   Code   RO           38    i.ILI9225_orientCoordinates  ili9225.o
    0x08004c6c   0x08004c6c   0x0000011c   Code   RO           41    i.ILI9225_setWindow  ili9225.o
    0x08004d88   0x08004d88   0x0000001c   Code   RO          377    i.LIMITFEED         pioneer.o
    0x08004da4   0x08004da4   0x00000014   Code   RO          378    i.LIMITMOTION       pioneer.o
    0x08004db8   0x08004db8   0x00000094   Code   RO          682    i.MX_ADC1_Init      adc.o
    0x08004e4c   0x08004e4c   0x0000002c   Code   RO          722    i.MX_DMA_Init       dma.o
    0x08004e78   0x08004e78   0x000000f8   Code   RO          656    i.MX_GPIO_Init      gpio.o
    0x08004f70   0x08004f70   0x00000048   Code   RO          748    i.MX_SPI1_Init      spi.o
    0x08004fb8   0x08004fb8   0x00000048   Code   RO          749    i.MX_SPI5_Init      spi.o
    0x08005000   0x08005000   0x00000064   Code   RO          799    i.MX_TIM10_Init     tim.o
    0x08005064   0x08005064   0x0000006c   Code   RO          800    i.MX_TIM1_Init      tim.o
    0x080050d0   0x080050d0   0x00000078   Code   RO          801    i.MX_TIM2_Init      tim.o
    0x08005148   0x08005148   0x000000a0   Code   RO          802    i.MX_TIM3_Init      tim.o
    0x080051e8   0x080051e8   0x000000a4   Code   RO          803    i.MX_TIM5_Init      tim.o
    0x0800528c   0x0800528c   0x00000038   Code   RO          880    i.MX_USART2_UART_Init  usart.o
    0x080052c4   0x080052c4   0x00000038   Code   RO          881    i.MX_USART6_UART_Init  usart.o
    0x080052fc   0x080052fc   0x00000002   Code   RO          931    i.MemManage_Handler  stm32f4xx_it.o
    0x080052fe   0x080052fe   0x00000002   Code   RO          932    i.NMI_Handler       stm32f4xx_it.o
    0x08005300   0x08005300   0x000000c8   Code   RO         1064    i.Nonlinear_FEEDRATE_POT  rnk.o
    0x080053c8   0x080053c8   0x000001e0   Code   RO         1065    i.Nonlinear_MOTIONRATE_POT  rnk.o
    0x080055a8   0x080055a8   0x00000002   Code   RO          933    i.PendSV_Handler    stm32f4xx_it.o
    0x080055aa   0x080055aa   0x0000000e   Code   RO         1525    i.RELAY_IO_Init     x_nucleo_plc01a1.o
    0x080055b8   0x080055b8   0x00000018   Code   RO         1066    i.RNK_Basic         rnk.o
    0x080055d0   0x080055d0   0x000000bc   Code   RO         1068    i.RNK_CHECKSPD      rnk.o
    0x0800568c   0x0800568c   0x00000020   Code   RO         1069    i.RNK_CHECKSTOP     rnk.o
    0x080056ac   0x080056ac   0x0000002c   Code   RO         1070    i.RNK_CHECK_LOWER_BUTTON  rnk.o
    0x080056d8   0x080056d8   0x0000002c   Code   RO         1071    i.RNK_CHECK_MODE_TOGGLE  rnk.o
    0x08005704   0x08005704   0x0000002c   Code   RO         1072    i.RNK_CHECK_UPPER_BUTTON  rnk.o
    0x08005730   0x08005730   0x000001f8   Code   RO         1073    i.RNK_CheckChange   rnk.o
    0x08005928   0x08005928   0x00000058   Code   RO         1074    i.RNK_GO_FEED       rnk.o
    0x08005980   0x08005980   0x00000044   Code   RO         1075    i.RNK_GO_SERVO      rnk.o
    0x080059c4   0x080059c4   0x00000060   Code   RO         1076    i.RNK_GO_STROT      rnk.o
    0x08005a24   0x08005a24   0x00000174   Code   RO         1077    i.RNK_GetCommands   rnk.o
    0x08005b98   0x08005b98   0x00000054   Code   RO         1078    i.RNK_Initialization  rnk.o
    0x08005bec   0x08005bec   0x0000001c   Code   RO         1079    i.RNK_LIMITFEED     rnk.o
    0x08005c08   0x08005c08   0x00000020   Code   RO         1080    i.RNK_STOP_FEED     rnk.o
    0x08005c28   0x08005c28   0x00000020   Code   RO         1081    i.RNK_STOP_SERVO    rnk.o
    0x08005c48   0x08005c48   0x00000024   Code   RO         1082    i.RNK_STOP_STROT    rnk.o
    0x08005c6c   0x08005c6c   0x00000030   Code   RO          379    i.SEND_DATA         pioneer.o
    0x08005c9c   0x08005c9c   0x0000005c   Code   RO         1526    i.SPI_EXPBD_Init    x_nucleo_plc01a1.o
    0x08005cf8   0x08005cf8   0x00000078   Code   RO         1527    i.SPI_EXPBD_MspInit  x_nucleo_plc01a1.o
    0x08005d70   0x08005d70   0x00000058   Code   RO         3333    i.SPI_EndRxTxTransaction  stm32f4xx_hal_spi.o
    0x08005dc8   0x08005dc8   0x00000094   Code   RO         3338    i.SPI_WaitFlagStateUntilTimeout  stm32f4xx_hal_spi.o
    0x08005e5c   0x08005e5c   0x00000002   Code   RO          934    i.SVC_Handler       stm32f4xx_it.o
    0x08005e5e   0x08005e5e   0x0000000e   Code   RO          935    i.SysTick_Handler   stm32f4xx_it.o
    0x08005e6c   0x08005e6c   0x00000084   Code   RO          582    i.SystemClock_Config  main.o
    0x08005ef0   0x08005ef0   0x00000054   Code   RO         4862    i.SystemInit        system_stm32f4xx.o
    0x08005f44   0x08005f44   0x0000001c   Code   RO          936    i.TIM1_UP_TIM10_IRQHandler  stm32f4xx_it.o
    0x08005f60   0x08005f60   0x0000000c   Code   RO          937    i.TIM3_IRQHandler   stm32f4xx_it.o
    0x08005f6c   0x08005f6c   0x0000000c   Code   RO          938    i.TIM5_IRQHandler   stm32f4xx_it.o
    0x08005f78   0x08005f78   0x00000098   Code   RO         3696    i.TIM_Base_SetConfig  stm32f4xx_hal_tim.o
    0x08006010   0x08006010   0x000000cc   Code   RO         3697    i.TIM_CCxChannelCmd  stm32f4xx_hal_tim.o
    0x080060dc   0x080060dc   0x00000014   Code   RO         3707    i.TIM_ETR_SetConfig  stm32f4xx_hal_tim.o
    0x080060f0   0x080060f0   0x00000010   Code   RO         3708    i.TIM_ITRx_SetConfig  stm32f4xx_hal_tim.o
    0x08006100   0x08006100   0x000000cc   Code   RO         3709    i.TIM_OC1_SetConfig  stm32f4xx_hal_tim.o
    0x080061cc   0x080061cc   0x000000d4   Code   RO         3710    i.TIM_OC2_SetConfig  stm32f4xx_hal_tim.o
    0x080062a0   0x080062a0   0x000000d4   Code   RO         3711    i.TIM_OC3_SetConfig  stm32f4xx_hal_tim.o
    0x08006374   0x08006374   0x0000009c   Code   RO         3712    i.TIM_OC4_SetConfig  stm32f4xx_hal_tim.o
    0x08006410   0x08006410   0x00000022   Code   RO         3714    i.TIM_TI1_ConfigInputStage  stm32f4xx_hal_tim.o
    0x08006432   0x08006432   0x00000024   Code   RO         3716    i.TIM_TI2_ConfigInputStage  stm32f4xx_hal_tim.o
    0x08006456   0x08006456   0x00000010   Code   RO         4573    i.UART_DMAAbortOnError  stm32f4xx_hal_uart.o
    0x08006466   0x08006466   0x0000001c   Code   RO         4583    i.UART_EndRxTransfer  stm32f4xx_hal_uart.o
    0x08006482   0x08006482   0x00000096   Code   RO         4585    i.UART_Receive_IT   stm32f4xx_hal_uart.o
    0x08006518   0x08006518   0x000001bc   Code   RO         4586    i.UART_SetConfig    stm32f4xx_hal_uart.o
    0x080066d4   0x080066d4   0x00000062   Code   RO         4587    i.UART_Transmit_IT  stm32f4xx_hal_uart.o
    0x08006736   0x08006736   0x00000064   Code   RO         4588    i.UART_WaitOnFlagUntilTimeout  stm32f4xx_hal_uart.o
    0x0800679a   0x0800679a   0x00000002   PAD
    0x0800679c   0x0800679c   0x0000000c   Code   RO          939    i.USART6_IRQHandler  stm32f4xx_it.o
    0x080067a8   0x080067a8   0x00000002   Code   RO          940    i.UsageFault_Handler  stm32f4xx_it.o
    0x080067aa   0x080067aa   0x00000002   PAD
    0x080067ac   0x080067ac   0x00000068   Code   RO         1529    i.VNI8200XP_CommErrorStatus  x_nucleo_plc01a1.o
    0x08006814   0x08006814   0x00000004   Code   RO         1205    i.VNI8200XP_Deinit  vni8200xp.o
    0x08006818   0x08006818   0x00000010   Code   RO         1530    i.VNI8200XP_EnOut   x_nucleo_plc01a1.o
    0x08006828   0x08006828   0x00000004   Code   RO         1206    i.VNI8200XP_EnableOutputs  vni8200xp.o
    0x0800682c   0x0800682c   0x0000000a   Code   RO         1531    i.VNI8200XP_FaultStatus  x_nucleo_plc01a1.o
    0x08006836   0x08006836   0x0000000a   Code   RO         1532    i.VNI8200XP_FbOkStatus  x_nucleo_plc01a1.o
    0x08006840   0x08006840   0x00000004   Code   RO         1207    i.VNI8200XP_GetChFaultStatus  vni8200xp.o
    0x08006844   0x08006844   0x00000004   Code   RO         1208    i.VNI8200XP_GetCommErrorStatus  vni8200xp.o
    0x08006848   0x08006848   0x00000004   Code   RO         1209    i.VNI8200XP_GetFbOkStatus  vni8200xp.o
    0x0800684c   0x0800684c   0x00000004   Code   RO         1210    i.VNI8200XP_GetPcFailStatus  vni8200xp.o
    0x08006850   0x08006850   0x00000004   Code   RO         1211    i.VNI8200XP_GetPowerGoodStatus  vni8200xp.o
    0x08006854   0x08006854   0x00000004   Code   RO         1212    i.VNI8200XP_GetTempWarningStatus  vni8200xp.o
    0x08006858   0x08006858   0x0000005c   Code   RO         1533    i.VNI8200XP_IO_Config  x_nucleo_plc01a1.o
    0x080068b4   0x080068b4   0x00000002   Code   RO         1534    i.VNI8200XP_IO_Deinit  x_nucleo_plc01a1.o
    0x080068b6   0x080068b6   0x00000004   Code   RO         1535    i.VNI8200XP_IO_Init  x_nucleo_plc01a1.o
    0x080068ba   0x080068ba   0x00000014   Code   RO         1213    i.VNI8200XP_Init    vni8200xp.o
    0x080068ce   0x080068ce   0x00000008   Code   RO         1536    i.VNI8200XP_PcFailStatus  x_nucleo_plc01a1.o
    0x080068d6   0x080068d6   0x00000008   Code   RO         1537    i.VNI8200XP_PowerGoodStatus  x_nucleo_plc01a1.o
    0x080068de   0x080068de   0x00000004   Code   RO         1214    i.VNI8200XP_Reset   vni8200xp.o
    0x080068e2   0x080068e2   0x00000002   PAD
    0x080068e4   0x080068e4   0x00000010   Code   RO         1538    i.VNI8200XP_ResetIt  x_nucleo_plc01a1.o
    0x080068f4   0x080068f4   0x00000080   Code   RO         1539    i.VNI8200XP_SendOutputData  x_nucleo_plc01a1.o
    0x08006974   0x08006974   0x00000004   Code   RO         1215    i.VNI8200XP_SetOutput  vni8200xp.o
    0x08006978   0x08006978   0x00000008   Code   RO         1540    i.VNI8200XP_TempWarningStatus  x_nucleo_plc01a1.o
    0x08006980   0x08006980   0x00000028   Code   RO         5006    i.__0sprintf$3      mc_w.l(printf3.o)
    0x080069a8   0x080069a8   0x00000020   Code   RO         2909    i.__NVIC_SetPriority  stm32f4xx_hal_cortex.o
    0x080069c8   0x080069c8   0x0000000e   Code   RO         5237    i.__scatterload_copy  mc_w.l(handlers.o)
    0x080069d6   0x080069d6   0x00000002   Code   RO         5238    i.__scatterload_null  mc_w.l(handlers.o)
    0x080069d8   0x080069d8   0x0000000e   Code   RO         5239    i.__scatterload_zeroinit  mc_w.l(handlers.o)
    0x080069e6   0x080069e6   0x00000002   PAD
    0x080069e8   0x080069e8   0x000001b8   Code   RO         5011    i._printf_core      mc_w.l(printf3.o)
    0x08006ba0   0x08006ba0   0x0000000a   Code   RO         5013    i._sputc            mc_w.l(printf3.o)
    0x08006baa   0x08006baa   0x00000002   Code   RO          583    i.assert_failed     main.o
    0x08006bac   0x08006bac   0x0000008c   Code   RO          584    i.main              main.o
    0x08006c38   0x08006c38   0x0000165c   Data   RO           47    .constdata          ili9225.o
    0x08008294   0x08008294   0x00000008   Data   RO         2602    .constdata          stm32f4xx_hal_dma.o
    0x0800829c   0x0800829c   0x00000010   Data   RO         4863    .constdata          system_stm32f4xx.o
    0x080082ac   0x080082ac   0x00000008   Data   RO         4864    .constdata          system_stm32f4xx.o
    0x080082b4   0x080082b4   0x00000020   Data   RO         5235    Region$$Table       anon$$obj.o


    Execution Region RW_IRAM1 (Exec base: 0x20000000, Load base: 0x080082d4, Size: 0x00013d18, Max: 0x00020000, ABSOLUTE, COMPRESSED[0x000017e4])

    Exec Addr    Load Addr    Size         Type   Attr      Idx    E Section Name        Object

    0x20000000   COMPRESSED   0x00000010   Data   RW           48    .data               ili9225.o
    0x20000010   COMPRESSED   0x00012d9c   Data   RW          387    .data               pioneer.o
    0x20012dac   COMPRESSED   0x00000001   Data   RW          587    .data               main.o
    0x20012dad   COMPRESSED   0x00000003   PAD
    0x20012db0   COMPRESSED   0x00000020   Data   RW          588    .data               main.o
    0x20012dd0   COMPRESSED   0x00000064   Data   RW         1084    .data               rnk.o
    0x20012e34   COMPRESSED   0x0000002c   Data   RW         1216    .data               vni8200xp.o
    0x20012e60   COMPRESSED   0x00000018   Data   RW         1278    .data               clt01_38s.o
    0x20012e78   COMPRESSED   0x00000028   Data   RW         1542    .data               x_nucleo_plc01a1.o
    0x20012ea0   COMPRESSED   0x0000000c   Data   RW         3053    .data               stm32f4xx_hal.o
    0x20012eac   COMPRESSED   0x00000004   Data   RW         4865    .data               system_stm32f4xx.o
    0x20012eb0        -       0x00000344   Zero   RW          386    .bss                pioneer.o
    0x200131f4        -       0x000000a8   Zero   RW          683    .bss                adc.o
    0x2001329c        -       0x000000b0   Zero   RW          750    .bss                spi.o
    0x2001334c        -       0x00000140   Zero   RW          804    .bss                tim.o
    0x2001348c        -       0x00000080   Zero   RW          882    .bss                usart.o
    0x2001350c        -       0x00000374   Zero   RW         1083    .bss                rnk.o
    0x20013880        -       0x00000098   Zero   RW         1541    .bss                x_nucleo_plc01a1.o
    0x20013918        -       0x00000400   Zero   RW            1    STACK               startup_stm32f411xe.o


==============================================================================

Image component sizes


      Code (inc. data)   RO Data    RW Data    ZI Data      Debug   Object Name

       300         38          0          0        168       1831   adc.o
        38          0          0         24          0       3768   clt01_38s.o
        44          4          0          0          0        786   dma.o
       248         20          0          0          0       1019   gpio.o
       924         56       5724         16          0     446273   ili9225.o
       356         52          0         33          0       6187   main.o
      1680        260          0      77212        836      12622   pioneer.o
      2640        346          0        100        884      16564   rnk.o
       360         36          0          0        176       2470   spi.o
        36          8        408          0       1024        840   startup_stm32f411xe.o
       180         28          0         12          0       9313   stm32f4xx_hal.o
      1904        296          0          0          0       7629   stm32f4xx_hal_adc.o
       460        196          0          0          0      34131   stm32f4xx_hal_cortex.o
      1552        138          8          0          0       6682   stm32f4xx_hal_dma.o
       846        188          0          0          0       3760   stm32f4xx_hal_gpio.o
        52          4          0          0          0        878   stm32f4xx_hal_msp.o
      1920        184          0          0          0       5460   stm32f4xx_hal_rcc.o
      1678        198          0          0          0       6971   stm32f4xx_hal_spi.o
      5400       1204          0          0          0      20440   stm32f4xx_hal_tim.o
       296         82          0          0          0       2549   stm32f4xx_hal_tim_ex.o
      1656        150          0          0          0       8825   stm32f4xx_hal_uart.o
       114         34          0          0          0       7182   stm32f4xx_it.o
        84         18         24          4          0       1199   system_stm32f4xx.o
      1024        104          0          0        320       5968   tim.o
       304         34          0          0        128       2471   usart.o
        60          0          0         44          0       6351   vni8200xp.o
      1122        130          0         40        152      19413   x_nucleo_plc01a1.o

    ----------------------------------------------------------------------
     25300       3808       6196      77488       3688     641582   Object Totals
         0          0         32          0          0          0   (incl. Generated)
        22          0          0          3          0          0   (incl. Padding)

    ----------------------------------------------------------------------

      Code (inc. data)   RO Data    RW Data    ZI Data      Debug   Library Member Name

        94          0          0          0          0          0   __dclz77c.o
         0          0          0          0          0          0   entry.o
         0          0          0          0          0          0   entry10a.o
         0          0          0          0          0          0   entry11a.o
         8          4          0          0          0          0   entry2.o
         4          0          0          0          0          0   entry5.o
         0          0          0          0          0          0   entry7b.o
         0          0          0          0          0          0   entry8b.o
         8          4          0          0          0          0   entry9a.o
        30          0          0          0          0          0   handlers.o
        36          8          0          0          0         68   init.o
         0          0          0          0          0          0   iusefp.o
        30          0          0          0          0         68   llshl.o
        36          0          0          0          0         68   llsshr.o
        32          0          0          0          0         68   llushr.o
        36          0          0          0          0        108   memseta.o
       490         10          0          0          0        252   printf3.o
        44          0          0          0          0         80   uidiv.o
        98          0          0          0          0         92   uldiv.o
       334          0          0          0          0        148   dadd.o
       222          0          0          0          0        100   ddiv.o
       186          0          0          0          0        176   depilogue.o
        50          0          0          0          0         76   dfixui.o
        26          0          0          0          0         76   dfltui.o
       228          0          0          0          0         96   dmul.o

    ----------------------------------------------------------------------
      1996         26          0          0          0       1476   Library Totals
         4          0          0          0          0          0   (incl. Padding)

    ----------------------------------------------------------------------

      Code (inc. data)   RO Data    RW Data    ZI Data      Debug   Library Name

       946         26          0          0          0        804   mc_w.l
      1046          0          0          0          0        672   mf_w.l

    ----------------------------------------------------------------------
      1996         26          0          0          0       1476   Library Totals

    ----------------------------------------------------------------------

==============================================================================


      Code (inc. data)   RO Data    RW Data    ZI Data      Debug   

     27296       3834       6196      77488       3688     623314   Grand Totals
     27296       3834       6196       6116       3688     623314   ELF Image Totals (compressed)
     27296       3834       6196       6116          0          0   ROM Totals

==============================================================================

    Total RO  Size (Code + RO Data)                33492 (  32.71kB)
    Total RW  Size (RW Data + ZI Data)             81176 (  79.27kB)
    Total ROM Size (Code + RO Data + RW Data)      39608 (  38.68kB)

==============================================================================

